Component: ARM Compiler 5.06 update 5 (build 528) Tool: armlink [4d35e2]

==============================================================================

Section Cross References

    startup_stm32f103xb.o(RESET) refers to startup_stm32f103xb.o(STACK) for __initial_sp
    startup_stm32f103xb.o(RESET) refers to startup_stm32f103xb.o(.text) for Reset_Handler
    startup_stm32f103xb.o(RESET) refers to stm32f1xx_it.o(i.NMI_Handler) for NMI_Handler
    startup_stm32f103xb.o(RESET) refers to stm32f1xx_it.o(i.HardFault_Handler) for HardFault_Handler
    startup_stm32f103xb.o(RESET) refers to stm32f1xx_it.o(i.MemManage_Handler) for MemManage_Handler
    startup_stm32f103xb.o(RESET) refers to stm32f1xx_it.o(i.BusFault_Handler) for BusFault_Handler
    startup_stm32f103xb.o(RESET) refers to stm32f1xx_it.o(i.UsageFault_Handler) for UsageFault_Handler
    startup_stm32f103xb.o(RESET) refers to stm32f1xx_it.o(i.SVC_Handler) for SVC_Handler
    startup_stm32f103xb.o(RESET) refers to stm32f1xx_it.o(i.DebugMon_Handler) for DebugMon_Handler
    startup_stm32f103xb.o(RESET) refers to stm32f1xx_it.o(i.PendSV_Handler) for PendSV_Handler
    startup_stm32f103xb.o(RESET) refers to stm32f1xx_it.o(i.SysTick_Handler) for SysTick_Handler
    startup_stm32f103xb.o(RESET) refers to stm32f1xx_it.o(i.DMA1_Channel5_IRQHandler) for DMA1_Channel5_IRQHandler
    startup_stm32f103xb.o(RESET) refers to stm32f1xx_it.o(i.USB_LP_CAN1_RX0_IRQHandler) for USB_LP_CAN1_RX0_IRQHandler
    startup_stm32f103xb.o(RESET) refers to stm32f1xx_it.o(i.TIM2_IRQHandler) for TIM2_IRQHandler
    startup_stm32f103xb.o(RESET) refers to stm32f1xx_it.o(i.TIM4_IRQHandler) for TIM4_IRQHandler
    startup_stm32f103xb.o(RESET) refers to stm32f1xx_it.o(i.USART1_IRQHandler) for USART1_IRQHandler
    startup_stm32f103xb.o(.text) refers to system_stm32f1xx.o(i.SystemInit) for SystemInit
    startup_stm32f103xb.o(.text) refers to entry.o(.ARM.Collect$$$$00000000) for __main
    sensor.o(i.Sensor_ComputerAngleRotations) refers to as5600.o(i.AS5600_ReadAngle) for AS5600_ReadAngle
    sensor.o(i.Sensor_ComputerAngleRotations) refers to fadd.o(.text) for __aeabi_fsub
    sensor.o(i.Sensor_ComputerAngleRotations) refers to fflti.o(.text) for __aeabi_i2f
    sensor.o(i.Sensor_ComputerAngleRotations) refers to fscalb.o(.text) for __ARM_scalbnf
    sensor.o(i.Sensor_ComputerAngleRotations) refers to fmul.o(.text) for __aeabi_fmul
    sensor.o(i.Sensor_ComputerAngleRotations) refers to sensor.o(.data) for .data
    sensor.o(i.Sensor_ComputerVelocity) refers to sensor.o(i.Sensor_ComputerAngleRotations) for Sensor_ComputerAngleRotations
    sensor.o(i.Sensor_ComputerVelocity) refers to dwt_delay.o(i.DWT_Get_Microsecond) for DWT_Get_Microsecond
    sensor.o(i.Sensor_ComputerVelocity) refers to fflti.o(.text) for __aeabi_i2f
    sensor.o(i.Sensor_ComputerVelocity) refers to fadd.o(.text) for __aeabi_fsub
    sensor.o(i.Sensor_ComputerVelocity) refers to fmul.o(.text) for __aeabi_fmul
    sensor.o(i.Sensor_ComputerVelocity) refers to fdiv.o(.text) for __aeabi_fdiv
    sensor.o(i.Sensor_ReadAngle) refers to as5600.o(i.AS5600_ReadAngle) for AS5600_ReadAngle
    sensor.o(i.Sensor_Update) refers to sensor.o(i.Sensor_ComputerVelocity) for Sensor_ComputerVelocity
    main.o(i.HAL_TIM_PeriodElapsedCallback) refers to main.o(.data) for .data
    main.o(i.SystemClock_Config) refers to memseta.o(.text) for __aeabi_memclr4
    main.o(i.SystemClock_Config) refers to stm32f1xx_hal_rcc.o(i.HAL_RCC_OscConfig) for HAL_RCC_OscConfig
    main.o(i.SystemClock_Config) refers to stm32f1xx_hal_rcc.o(i.HAL_RCC_ClockConfig) for HAL_RCC_ClockConfig
    main.o(i.fputc) refers to stm32f1xx_hal_uart.o(i.HAL_UART_Transmit) for HAL_UART_Transmit
    main.o(i.fputc) refers to usart.o(.bss) for huart1
    main.o(i.main) refers to stm32f1xx_hal.o(i.HAL_Init) for HAL_Init
    main.o(i.main) refers to main.o(i.SystemClock_Config) for SystemClock_Config
    main.o(i.main) refers to gpio.o(i.MX_GPIO_Init) for MX_GPIO_Init
    main.o(i.main) refers to dma.o(i.MX_DMA_Init) for MX_DMA_Init
    main.o(i.main) refers to i2c.o(i.MX_I2C1_Init) for MX_I2C1_Init
    main.o(i.main) refers to tim.o(i.MX_TIM3_Init) for MX_TIM3_Init
    main.o(i.main) refers to usart.o(i.MX_USART1_UART_Init) for MX_USART1_UART_Init
    main.o(i.main) refers to tim.o(i.MX_TIM4_Init) for MX_TIM4_Init
    main.o(i.main) refers to tim.o(i.MX_TIM2_Init) for MX_TIM2_Init
    main.o(i.main) refers to can.o(i.MX_CAN_Init) for MX_CAN_Init
    main.o(i.main) refers to memcpya.o(.text) for __aeabi_memcpy4
    main.o(i.main) refers to foc.o(i.Motor_LinkPositionPID) for Motor_LinkPositionPID
    main.o(i.main) refers to foc.o(i.Motor_LinkImuPID) for Motor_LinkImuPID
    main.o(i.main) refers to foc.o(i.Motor_LinkSensor) for Motor_LinkSensor
    main.o(i.main) refers to foc.o(i.Motor_LinkTim) for Motor_LinkTim
    main.o(i.main) refers to dwt_delay.o(i.DWT_Timer_Init) for DWT_Timer_Init
    main.o(i.main) refers to mycan.o(i.MyCan_Init) for MyCan_Init
[...]
    .text                                    0x0800083a   Section        0  depilogue.o(.text)
    .text                                    0x080008f4   Section        0  dsqrt.o(.text)
    .text                                    0x08000996   Section        0  dcmp4.o(.text)
    .text                                    0x080009f8   Section       36  init.o(.text)
    .text                                    0x08000a1c   Section        0  dflti.o(.text)
    .text                                    0x08000a3e   Section        0  dfltui.o(.text)
    .text                                    0x08000a58   Section        0  dfixi.o(.text)
    i.AS5600_ReadAngle                       0x08000a98   Section        0  as5600.o(i.AS5600_ReadAngle)
    i.AS5600_checkMagnet                     0x08000b10   Section        0  as5600.o(i.AS5600_checkMagnet)
    i.BusFault_Handler                       0x08000b54   Section        0  stm32f1xx_it.o(i.BusFault_Handler)
    i.DMA1_Channel5_IRQHandler               0x08000b58   Section        0  stm32f1xx_it.o(i.DMA1_Channel5_IRQHandler)
    i.DWT_Get_Microsecond                    0x08000b64   Section        0  dwt_delay.o(i.DWT_Get_Microsecond)
    i.DWT_Timer_Init                         0x08000bb0   Section        0  dwt_delay.o(i.DWT_Timer_Init)
    i.DebugMon_Handler                       0x08000bf4   Section        0  stm32f1xx_it.o(i.DebugMon_Handler)
    i.Error_Handler                          0x08000bf6   Section        0  main.o(i.Error_Handler)
    i.HAL_CAN_ActivateNotification           0x08000bfa   Section        0  stm32f1xx_hal_can.o(i.HAL_CAN_ActivateNotification)
    i.HAL_CAN_ConfigFilter                   0x08000c20   Section        0  stm32f1xx_hal_can.o(i.HAL_CAN_ConfigFilter)
    i.HAL_CAN_ErrorCallback                  0x08000d0e   Section        0  stm32f1xx_hal_can.o(i.HAL_CAN_ErrorCallback)
    i.HAL_CAN_GetError                       0x08000d10   Section        0  stm32f1xx_hal_can.o(i.HAL_CAN_GetError)
    i.HAL_CAN_GetRxMessage                   0x08000d14   Section        0  stm32f1xx_hal_can.o(i.HAL_CAN_GetRxMessage)
    i.HAL_CAN_IRQHandler                     0x08000e08   Section        0  stm32f1xx_hal_can.o(i.HAL_CAN_IRQHandler)
    i.HAL_CAN_Init                           0x08001004   Section        0  stm32f1xx_hal_can.o(i.HAL_CAN_Init)
    i.HAL_CAN_MspInit                        0x08001120   Section        0  can.o(i.HAL_CAN_MspInit)
    i.HAL_CAN_RxFifo0FullCallback            0x0800119c   Section        0  stm32f1xx_hal_can.o(i.HAL_CAN_RxFifo0FullCallback)
    i.HAL_CAN_RxFifo0MsgPendingCallback      0x080011a0   Section        0  mycan.o(i.HAL_CAN_RxFifo0MsgPendingCallback)
    i.HAL_CAN_RxFifo1FullCallback            0x080011c0   Section        0  stm32f1xx_hal_can.o(i.HAL_CAN_RxFifo1FullCallback)
    i.HAL_CAN_RxFifo1MsgPendingCallback      0x080011c2   Section        0  stm32f1xx_hal_can.o(i.HAL_CAN_RxFifo1MsgPendingCallback)
    i.HAL_CAN_SleepCallback                  0x080011c4   Section        0  stm32f1xx_hal_can.o(i.HAL_CAN_SleepCallback)
    i.HAL_CAN_Start                          0x080011c8   Section        0  stm32f1xx_hal_can.o(i.HAL_CAN_Start)
    i.HAL_CAN_TxMailbox0AbortCallback        0x08001220   Section        0  stm32f1xx_hal_can.o(i.HAL_CAN_TxMailbox0AbortCallback)
    i.HAL_CAN_TxMailbox0CompleteCallback     0x08001222   Section        0  stm32f1xx_hal_can.o(i.HAL_CAN_TxMailbox0CompleteCallback)
    i.HAL_CAN_TxMailbox1AbortCallback        0x08001224   Section        0  stm32f1xx_hal_can.o(i.HAL_CAN_TxMailbox1AbortCallback)
    i.HAL_CAN_TxMailbox1CompleteCallback     0x08001226   Section        0  stm32f1xx_hal_can.o(i.HAL_CAN_TxMailbox1CompleteCallback)
    i.HAL_CAN_TxMailbox2AbortCallback        0x08001228   Section        0  stm32f1xx_hal_can.o(i.HAL_CAN_TxMailbox2AbortCallback)
    i.HAL_CAN_TxMailbox2CompleteCallback     0x0800122a   Section        0  stm32f1xx_hal_can.o(i.HAL_CAN_TxMailbox2CompleteCallback)
    i.HAL_CAN_WakeUpFromRxMsgCallback        0x0800122c   Section        0  stm32f1xx_hal_can.o(i.HAL_CAN_WakeUpFromRxMsgCallback)
    i.HAL_DMA_Abort                          0x0800122e   Section        0  stm32f1xx_hal_dma.o(i.HAL_DMA_Abort)
    i.HAL_DMA_Abort_IT                       0x08001274   Section        0  stm32f1xx_hal_dma.o(i.HAL_DMA_Abort_IT)
    i.HAL_DMA_IRQHandler                     0x0800130c   Section        0  stm32f1xx_hal_dma.o(i.HAL_DMA_IRQHandler)
    i.HAL_DMA_Init                           0x08001460   Section        0  stm32f1xx_hal_dma.o(i.HAL_DMA_Init)
    i.HAL_Delay                              0x080014bc   Section        0  stm32f1xx_hal.o(i.HAL_Delay)
    i.HAL_GPIO_Init                          0x080014e0   Section        0  stm32f1xx_hal_gpio.o(i.HAL_GPIO_Init)
    i.HAL_GPIO_TogglePin                     0x080016c0   Section        0  stm32f1xx_hal_gpio.o(i.HAL_GPIO_TogglePin)
    i.HAL_GPIO_WritePin                      0x080016d0   Section        0  stm32f1xx_hal_gpio.o(i.HAL_GPIO_WritePin)
    i.HAL_GetTick                            0x080016dc   Section        0  stm32f1xx_hal.o(i.HAL_GetTick)
    i.HAL_I2C_Init                           0x080016e8   Section        0  stm32f1xx_hal_i2c.o(i.HAL_I2C_Init)
    i.HAL_I2C_Mem_Read                       0x08001870   Section        0  stm32f1xx_hal_i2c.o(i.HAL_I2C_Mem_Read)
    i.HAL_I2C_MspInit                        0x08001ac0   Section        0  i2c.o(i.HAL_I2C_MspInit)
    i.HAL_IncTick                            0x08001b1c   Section        0  stm32f1xx_hal.o(i.HAL_IncTick)
    i.HAL_Init                               0x08001b2c   Section        0  stm32f1xx_hal.o(i.HAL_Init)
    i.HAL_InitTick                           0x08001b50   Section        0  stm32f1xx_hal.o(i.HAL_InitTick)
    i.HAL_MspInit                            0x08001b90   Section        0  stm32f1xx_hal_msp.o(i.HAL_MspInit)
    i.HAL_NVIC_EnableIRQ                     0x08001bcc   Section        0  stm32f1xx_hal_cortex.o(i.HAL_NVIC_EnableIRQ)
    i.HAL_NVIC_SetPriority                   0x08001be8   Section        0  stm32f1xx_hal_cortex.o(i.HAL_NVIC_SetPriority)
    i.HAL_NVIC_SetPriorityGrouping           0x08001c28   Section        0  stm32f1xx_hal_cortex.o(i.HAL_NVIC_SetPriorityGrouping)
    i.HAL_NVIC_SystemReset                   0x08001c4c   Section        0  stm32f1xx_hal_cortex.o(i.HAL_NVIC_SystemReset)
    i.HAL_RCC_ClockConfig                    0x08001c70   Section        0  stm32f1xx_hal_rcc.o(i.HAL_RCC_ClockConfig)
    i.HAL_RCC_GetPCLK1Freq                   0x08001d9c   Section        0  stm32f1xx_hal_rcc.o(i.HAL_RCC_GetPCLK1Freq)
    i.HAL_RCC_GetPCLK2Freq                   0x08001dbc   Section        0  stm32f1xx_hal_rcc.o(i.HAL_RCC_GetPCLK2Freq)
    i.HAL_RCC_GetSysClockFreq                0x08001ddc   Section        0  stm32f1xx_hal_rcc.o(i.HAL_RCC_GetSysClockFreq)
    i.HAL_RCC_OscConfig                      0x08001e28   Section        0  stm32f1xx_hal_rcc.o(i.HAL_RCC_OscConfig)
    i.HAL_SYSTICK_Config                     0x08002148   Section        0  stm32f1xx_hal_cortex.o(i.HAL_SYSTICK_Config)
    i.HAL_TIMEx_BreakCallback                0x08002170   Section        0  stm32f1xx_hal_tim_ex.o(i.HAL_TIMEx_BreakCallback)
    i.HAL_TIMEx_CommutCallback               0x08002172   Section        0  stm32f1xx_hal_tim_ex.o(i.HAL_TIMEx_CommutCallback)
    i.HAL_TIMEx_MasterConfigSynchronization  0x08002174   Section        0  stm32f1xx_hal_tim_ex.o(i.HAL_TIMEx_MasterConfigSynchronization)
    i.HAL_TIM_Base_Init                      0x080021dc   Section        0  stm32f1xx_hal_tim.o(i.HAL_TIM_Base_Init)
    i.HAL_TIM_Base_MspInit                   0x08002238   Section        0  tim.o(i.HAL_TIM_Base_MspInit)
    i.HAL_TIM_Base_Start_IT                  0x080022b0   Section        0  stm32f1xx_hal_tim.o(i.HAL_TIM_Base_Start_IT)
    i.HAL_TIM_ConfigClockSource              0x08002308   Section        0  stm32f1xx_hal_tim.o(i.HAL_TIM_ConfigClockSource)
    i.HAL_TIM_IC_CaptureCallback             0x080023e4   Section        0  stm32f1xx_hal_tim.o(i.HAL_TIM_IC_CaptureCallback)
    i.HAL_TIM_IRQHandler                     0x080023e6   Section        0  stm32f1xx_hal_tim.o(i.HAL_TIM_IRQHandler)
    i.HAL_TIM_MspPostInit                    0x0800254c   Section        0  tim.o(i.HAL_TIM_MspPostInit)
    i.HAL_TIM_OC_DelayElapsedCallback        0x080025bc   Section        0  stm32f1xx_hal_tim.o(i.HAL_TIM_OC_DelayElapsedCallback)
    i.HAL_TIM_PWM_ConfigChannel              0x080025be   Section        0  stm32f1xx_hal_tim.o(i.HAL_TIM_PWM_ConfigChannel)
    i.HAL_TIM_PWM_Init                       0x0800268a   Section        0  stm32f1xx_hal_tim.o(i.HAL_TIM_PWM_Init)
    i.HAL_TIM_PWM_MspInit                    0x080026e4   Section        0  stm32f1xx_hal_tim.o(i.HAL_TIM_PWM_MspInit)
    i.HAL_TIM_PWM_PulseFinishedCallback      0x080026e6   Section        0  stm32f1xx_hal_tim.o(i.HAL_TIM_PWM_PulseFinishedCallback)
    i.HAL_TIM_PWM_Start                      0x080026e8   Section        0  stm32f1xx_hal_tim.o(i.HAL_TIM_PWM_Start)
    i.HAL_TIM_PeriodElapsedCallback          0x08002784   Section        0  main.o(i.HAL_TIM_PeriodElapsedCallback)
    i.HAL_TIM_TriggerCallback                0x080027a8   Section        0  stm32f1xx_hal_tim.o(i.HAL_TIM_TriggerCallback)
    i.HAL_UARTEx_RxEventCallback             0x080027aa   Section        0  stm32f1xx_hal_uart.o(i.HAL_UARTEx_RxEventCallback)
    i.HAL_UART_ErrorCallback                 0x080027ac   Section        0  stm32f1xx_hal_uart.o(i.HAL_UART_ErrorCallback)
    i.HAL_UART_IRQHandler                    0x080027b0   Section        0  stm32f1xx_hal_uart.o(i.HAL_UART_IRQHandler)
    i.HAL_UART_Init                          0x08002a1c   Section        0  stm32f1xx_hal_uart.o(i.HAL_UART_Init)
    i.HAL_UART_MspInit                       0x08002a80   Section        0  usart.o(i.HAL_UART_MspInit)
    i.HAL_UART_RxCpltCallback                0x08002b30   Section        0  stm32f1xx_hal_uart.o(i.HAL_UART_RxCpltCallback)
    i.HAL_UART_Transmit                      0x08002b32   Section        0  stm32f1xx_hal_uart.o(i.HAL_UART_Transmit)
    i.HAL_UART_TxCpltCallback                0x08002bcc   Section        0  stm32f1xx_hal_uart.o(i.HAL_UART_TxCpltCallback)
    i.HardFault_Handler                      0x08002bce   Section        0  stm32f1xx_it.o(i.HardFault_Handler)
    i.I2C_IsAcknowledgeFailed                0x08002bd0   Section        0  stm32f1xx_hal_i2c.o(i.I2C_IsAcknowledgeFailed)
    I2C_IsAcknowledgeFailed                  0x08002bd1   Thumb Code    46  stm32f1xx_hal_i2c.o(i.I2C_IsAcknowledgeFailed)
    i.I2C_RequestMemoryRead                  0x08002c00   Section        0  stm32f1xx_hal_i2c.o(i.I2C_RequestMemoryRead)
    I2C_RequestMemoryRead                    0x08002c01   Thumb Code   246  stm32f1xx_hal_i2c.o(i.I2C_RequestMemoryRead)
    i.I2C_WaitOnFlagUntilTimeout             0x08002cfc   Section        0  stm32f1xx_hal_i2c.o(i.I2C_WaitOnFlagUntilTimeout)
    I2C_WaitOnFlagUntilTimeout               0x08002cfd   Thumb Code   144  stm32f1xx_hal_i2c.o(i.I2C_WaitOnFlagUntilTimeout)
    i.I2C_WaitOnMasterAddressFlagUntilTimeout 0x08002d8c   Section        0  stm32f1xx_hal_i2c.o(i.I2C_WaitOnMasterAddressFlagUntilTimeout)
    I2C_WaitOnMasterAddressFlagUntilTimeout  0x08002d8d   Thumb Code   188  stm32f1xx_hal_i2c.o(i.I2C_WaitOnMasterAddressFlagUntilTimeout)
    i.I2C_WaitOnRXNEFlagUntilTimeout         0x08002e48   Section        0  stm32f1xx_hal_i2c.o(i.I2C_WaitOnRXNEFlagUntilTimeout)
    I2C_WaitOnRXNEFlagUntilTimeout           0x08002e49   Thumb Code   112  stm32f1xx_hal_i2c.o(i.I2C_WaitOnRXNEFlagUntilTimeout)
    i.I2C_WaitOnTXEFlagUntilTimeout          0x08002eb8   Section        0  stm32f1xx_hal_i2c.o(i.I2C_WaitOnTXEFlagUntilTimeout)
    I2C_WaitOnTXEFlagUntilTimeout            0x08002eb9   Thumb Code    86  stm32f1xx_hal_i2c.o(i.I2C_WaitOnTXEFlagUntilTimeout)
    i.MX_CAN_Init                            0x08002f10   Section        0  can.o(i.MX_CAN_Init)
    i.MX_DMA_Init                            0x08002f54   Section        0  dma.o(i.MX_DMA_Init)
    i.MX_GPIO_Init                           0x08002f80   Section        0  gpio.o(i.MX_GPIO_Init)
    i.MX_I2C1_Init                           0x0800302c   Section        0  i2c.o(i.MX_I2C1_Init)
    i.MX_TIM2_Init                           0x0800306c   Section        0  tim.o(i.MX_TIM2_Init)
    i.MX_TIM3_Init                           0x080030d4   Section        0  tim.o(i.MX_TIM3_Init)
    i.MX_TIM4_Init                           0x08003190   Section        0  tim.o(i.MX_TIM4_Init)
    i.MX_USART1_UART_Init                    0x080031f8   Section        0  usart.o(i.MX_USART1_UART_Init)
    i.MemManage_Handler                      0x08003230   Section        0  stm32f1xx_it.o(i.MemManage_Handler)
    i.Motor_LinkImuPID                       0x08003232   Section        0  foc.o(i.Motor_LinkImuPID)
    i.Motor_LinkPositionPID                  0x0800323c   Section        0  foc.o(i.Motor_LinkPositionPID)
    i.Motor_LinkSensor                       0x08003244   Section        0  foc.o(i.Motor_LinkSensor)
    i.Motor_LinkTim                          0x0800324c   Section        0  foc.o(i.Motor_LinkTim)
    i.MyCan_Init                             0x08003294   Section        0  mycan.o(i.MyCan_Init)
    i.MyCan_ProcessReceivedMessage           0x08003370   Section        0  mycan.o(i.MyCan_ProcessReceivedMessage)
    i.MyCan_Receive                          0x080034dc   Section        0  mycan.o(i.MyCan_Receive)
    i.MyCan_SetupFilter                      0x080034f8   Section        0  mycan.o(i.MyCan_SetupFilter)
    i.NMI_Handler                            0x08003530   Section        0  stm32f1xx_it.o(i.NMI_Handler)
    i.PendSV_Handler                         0x08003532   Section        0  stm32f1xx_it.o(i.PendSV_Handler)
    i.PidCompute                             0x08003534   Section        0  pid.o(i.PidCompute)
    i.Pidloop                                0x08003650   Section        0  foc.o(i.Pidloop)
    i.SVC_Handler                            0x0800368a   Section        0  stm32f1xx_it.o(i.SVC_Handler)
    i.Sensor_ComputerAngleRotations          0x0800368c   Section        0  sensor.o(i.Sensor_ComputerAngleRotations)
    i.Sensor_ComputerVelocity                0x080036f8   Section        0  sensor.o(i.Sensor_ComputerVelocity)
    i.Sensor_Update                          0x08003748   Section        0  sensor.o(i.Sensor_Update)
    i.SysTick_Handler                        0x0800374c   Section        0  stm32f1xx_it.o(i.SysTick_Handler)
    i.SystemClock_Config                     0x08003750   Section        0  main.o(i.SystemClock_Config)
    i.SystemInit                             0x080037ae   Section        0  system_stm32f1xx.o(i.SystemInit)
    i.TIM2_IRQHandler                        0x080037b0   Section        0  stm32f1xx_it.o(i.TIM2_IRQHandler)
    i.TIM4_IRQHandler                        0x080037bc   Section        0  stm32f1xx_it.o(i.TIM4_IRQHandler)
    i.TIM_Base_SetConfig                     0x080037c8   Section        0  stm32f1xx_hal_tim.o(i.TIM_Base_SetConfig)
    i.TIM_CCxChannelCmd                      0x08003834   Section        0  stm32f1xx_hal_tim.o(i.TIM_CCxChannelCmd)
    i.TIM_ETR_SetConfig                      0x0800384e   Section        0  stm32f1xx_hal_tim.o(i.TIM_ETR_SetConfig)
    i.TIM_ITRx_SetConfig                     0x08003862   Section        0  stm32f1xx_hal_tim.o(i.TIM_ITRx_SetConfig)
    TIM_ITRx_SetConfig                       0x08003863   Thumb Code    16  stm32f1xx_hal_tim.o(i.TIM_ITRx_SetConfig)
    i.TIM_OC1_SetConfig                      0x08003874   Section        0  stm32f1xx_hal_tim.o(i.TIM_OC1_SetConfig)
    TIM_OC1_SetConfig                        0x08003875   Thumb Code    74  stm32f1xx_hal_tim.o(i.TIM_OC1_SetConfig)
    i.TIM_OC2_SetConfig                      0x080038c4   Section        0  stm32f1xx_hal_tim.o(i.TIM_OC2_SetConfig)
    i.TIM_OC3_SetConfig                      0x0800391c   Section        0  stm32f1xx_hal_tim.o(i.TIM_OC3_SetConfig)
    TIM_OC3_SetConfig                        0x0800391d   Thumb Code    82  stm32f1xx_hal_tim.o(i.TIM_OC3_SetConfig)
    i.TIM_OC4_SetConfig                      0x08003974   Section        0  stm32f1xx_hal_tim.o(i.TIM_OC4_SetConfig)
    TIM_OC4_SetConfig                        0x08003975   Thumb Code    64  stm32f1xx_hal_tim.o(i.TIM_OC4_SetConfig)
    i.TIM_TI1_ConfigInputStage               0x080039b8   Section        0  stm32f1xx_hal_tim.o(i.TIM_TI1_ConfigInputStage)
    TIM_TI1_ConfigInputStage                 0x080039b9   Thumb Code    34  stm32f1xx_hal_tim.o(i.TIM_TI1_ConfigInputStage)
    i.TIM_TI2_ConfigInputStage               0x080039da   Section        0  stm32f1xx_hal_tim.o(i.TIM_TI2_ConfigInputStage)
    TIM_TI2_ConfigInputStage                 0x080039db   Thumb Code    36  stm32f1xx_hal_tim.o(i.TIM_TI2_ConfigInputStage)
    i.UART_DMAAbortOnError                   0x080039fe   Section        0  stm32f1xx_hal_uart.o(i.UART_DMAAbortOnError)
    UART_DMAAbortOnError                     0x080039ff   Thumb Code    16  stm32f1xx_hal_uart.o(i.UART_DMAAbortOnError)
    i.UART_EndRxTransfer                     0x08003a0e   Section        0  stm32f1xx_hal_uart.o(i.UART_EndRxTransfer)
    UART_EndRxTransfer                       0x08003a0f   Thumb Code    78  stm32f1xx_hal_uart.o(i.UART_EndRxTransfer)
    i.UART_Receive_IT                        0x08003a5c   Section        0  stm32f1xx_hal_uart.o(i.UART_Receive_IT)
    UART_Receive_IT                          0x08003a5d   Thumb Code   194  stm32f1xx_hal_uart.o(i.UART_Receive_IT)
    i.UART_SetConfig                         0x08003b20   Section        0  stm32f1xx_hal_uart.o(i.UART_SetConfig)
    UART_SetConfig                           0x08003b21   Thumb Code   178  stm32f1xx_hal_uart.o(i.UART_SetConfig)
    i.UART_WaitOnFlagUntilTimeout            0x08003bd8   Section        0  stm32f1xx_hal_uart.o(i.UART_WaitOnFlagUntilTimeout)
    UART_WaitOnFlagUntilTimeout              0x08003bd9   Thumb Code   120  stm32f1xx_hal_uart.o(i.UART_WaitOnFlagUntilTimeout)
    i.USART1_IRQHandler                      0x08003c50   Section        0  stm32f1xx_it.o(i.USART1_IRQHandler)
    i.USB_LP_CAN1_RX0_IRQHandler             0x08003c5c   Section        0  stm32f1xx_it.o(i.USB_LP_CAN1_RX0_IRQHandler)
    i.UsageFault_Handler                     0x08003c68   Section        0  stm32f1xx_it.o(i.UsageFault_Handler)
    i.__0printf$8                            0x08003c6c   Section        0  printf8.o(i.__0printf$8)
    i.__ARM_fpclassify                       0x08003c8c   Section        0  fpclassify.o(i.__ARM_fpclassify)
    i.__NVIC_SetPriority                     0x08003cb4   Section        0  stm32f1xx_hal_cortex.o(i.__NVIC_SetPriority)
    __NVIC_SetPriority                       0x08003cb5   Thumb Code    32  stm32f1xx_hal_cortex.o(i.__NVIC_SetPriority)
    i.__ieee754_rem_pio2                     0x08003cd4   Section        0  rred.o(i.__ieee754_rem_pio2)
    i.__kernel_cos                           0x0800405c   Section        0  cos_i.o(i.__kernel_cos)
    i.__kernel_poly                          0x08004158   Section        0  poly.o(i.__kernel_poly)
    i.__kernel_sin                           0x08004204   Section        0  sin_i.o(i.__kernel_sin)
    i.__mathlib_dbl_infnan                   0x080042f0   Section        0  dunder.o(i.__mathlib_dbl_infnan)
    i.__mathlib_dbl_invalid                  0x080042f6   Section        0  dunder.o(i.__mathlib_dbl_invalid)
    i.__mathlib_dbl_underflow                0x08004304   Section        0  dunder.o(i.__mathlib_dbl_underflow)
    i.__scatterload_copy                     0x08004314   Section       14  handlers.o(i.__scatterload_copy)
    i.__scatterload_null                     0x08004322   Section        2  handlers.o(i.__scatterload_null)
    i.__scatterload_zeroinit                 0x08004324   Section       14  handlers.o(i.__scatterload_zeroinit)
    i.__set_errno                            0x08004334   Section        0  errno.o(i.__set_errno)
    i._electricalAngle                       0x08004340   Section        0  foc.o(i._electricalAngle)
    i._normalizeAngle                        0x08004364   Section        0  foc.o(i._normalizeAngle)
    i._printf_core                           0x0800438c   Section        0  printf8.o(i._printf_core)
    _printf_core                             0x0800438d   Thumb Code   996  printf8.o(i._printf_core)
    i._printf_post_padding                   0x0800479c   Section        0  printf8.o(i._printf_post_padding)
    _printf_post_padding                     0x0800479d   Thumb Code    36  printf8.o(i._printf_post_padding)
    i._printf_pre_padding                    0x080047c0   Section        0  printf8.o(i._printf_pre_padding)
    _printf_pre_padding                      0x080047c1   Thumb Code    46  printf8.o(i._printf_pre_padding)
    i.cos                                    0x080047f0   Section        0  cos.o(i.cos)
    i.fmin                                   0x0800488c   Section        0  fmin.o(i.fmin)
    i.foc_Init                               0x080048d0   Section        0  foc.o(i.foc_Init)
    i.foc_loop                               0x08004964   Section        0  foc.o(i.foc_loop)
    i.foc_move                               0x08004998   Section        0  foc.o(i.foc_move)
    i.fputc                                  0x0800499c   Section        0  main.o(i.fputc)
    i.getCanRunFlag                          0x080049b4   Section        0  mycan.o(i.getCanRunFlag)
    i.main                                   0x080049c0   Section        0  main.o(i.main)
    i.setPWM                                 0x08004b78   Section        0  foc.o(i.setPWM)
    i.setPhaseVoltage                        0x08004cd8   Section        0  foc.o(i.setPhaseVoltage)
    i.sin                                    0x08004e58   Section        0  sin.o(i.sin)
    i.sqrt                                   0x08004ef8   Section        0  sqrt.o(i.sqrt)
    .constdata                               0x08004f44   Section       18  stm32f1xx_hal_rcc.o(.constdata)
    aPredivFactorTable                       0x08004f44   Data           2  stm32f1xx_hal_rcc.o(.constdata)
    aPLLMULFactorTable                       0x08004f46   Data          16  stm32f1xx_hal_rcc.o(.constdata)
    .constdata                               0x08004f56   Section       16  system_stm32f1xx.o(.constdata)
    .constdata                               0x08004f66   Section        8  system_stm32f1xx.o(.constdata)
    .constdata                               0x08004f70   Section       48  cos_i.o(.constdata)
    C                                        0x08004f70   Data          48  cos_i.o(.constdata)
    .constdata                               0x08004fa0   Section      200  rred.o(.constdata)
    pio2s                                    0x08004fa0   Data          48  rred.o(.constdata)
    twooverpi                                0x08004fd0   Data         152  rred.o(.constdata)
    .constdata                               0x08005068   Section       40  sin_i.o(.constdata)
    S                                        0x08005068   Data          40  sin_i.o(.constdata)
    .data                                    0x20000000   Section        1  sensor.o(.data)
    initialized                              0x20000000   Data           1  sensor.o(.data)
    .data                                    0x20000004   Section        8  main.o(.data)
    .data                                    0x2000000c   Section        8  as5600.o(.data)
    raw_data                                 0x2000000c   Data           2  as5600.o(.data)
    data                                     0x20000010   Data           4  as5600.o(.data)
    .data                                    0x20000014   Section       24  dwt_delay.o(.data)
    g_Initialized                            0x20000014   Data           4  dwt_delay.o(.data)
    g_Timestamp_us                           0x20000018   Data           4  dwt_delay.o(.data)
    g_SysClock                               0x2000001c   Data           4  dwt_delay.o(.data)
    g_UsCNT                                  0x20000020   Data           4  dwt_delay.o(.data)
    told                                     0x20000024   Data           4  dwt_delay.o(.data)
    tcnt                                     0x20000028   Data           4  dwt_delay.o(.data)
    .data                                    0x2000002c   Section        1  pid.o(.data)
    count                                    0x2000002c   Data           1  pid.o(.data)
    .data                                    0x2000002d   Section       11  mycan.o(.data)
    .data                                    0x20000038   Section       12  stm32f1xx_hal.o(.data)
    .data                                    0x20000044   Section        4  system_stm32f1xx.o(.data)
    .data                                    0x20000048   Section        4  stdout.o(.data)
    .data                                    0x2000004c   Section        4  errno.o(.data)
    _errno                                   0x2000004c   Data           4  errno.o(.data)
    .bss                                     0x20000050   Section      556  main.o(.bss)
    .bss                                     0x2000027c   Section       40  can.o(.bss)
    .bss                                     0x200002a4   Section       84  i2c.o(.bss)
    .bss                                     0x200002f8   Section      216  tim.o(.bss)
    .bss                                     0x200003d0   Section      140  usart.o(.bss)
    .bss                                     0x2000045c   Section       28  mycan.o(.bss)
    STACK                                    0x20000478   Section     1024  startup_stm32f103xb.o(STACK)

    Global Symbols

    Symbol Name                              Value     Ov Type        Size  Object(Section)

    BuildAttributes$$THM_ISAv4$P$D$K$B$S$PE$A:L22UL41UL21$X:L11$S22US41US21$IEEE1$IW$USESV6$~STKCKD$USESV7$~SHL$OTIME$ROPI$IEEEX$EBA8$MICROLIB$REQ8$PRES8$EABIv2 0x00000000   Number         0  anon$$obj.o ABSOLUTE
    __ARM_use_no_argv                        0x00000000   Number         0  main.o ABSOLUTE
    _printf_a                                0x00000000   Number         0  stubs.o ABSOLUTE
    _printf_c                                0x00000000   Number         0  stubs.o ABSOLUTE
    _printf_charcount                        0x00000000   Number         0  stubs.o ABSOLUTE
    _printf_d                                0x00000000   Number         0  stubs.o ABSOLUTE
    _printf_e                                0x00000000   Number         0  stubs.o ABSOLUTE
    _printf_f                                0x00000000   Number         0  stubs.o ABSOLUTE
    _printf_flags                            0x00000000   Number         0  stubs.o ABSOLUTE
    _printf_fp_dec                           0x00000000   Number         0  stubs.o ABSOLUTE
    _printf_fp_hex                           0x00000000   Number         0  stubs.o ABSOLUTE
    _printf_g                                0x00000000   Number         0  stubs.o ABSOLUTE
    _printf_i                                0x00000000   Number         0  stubs.o ABSOLUTE
    _printf_int_dec                          0x00000000   Number         0  stubs.o ABSOLUTE
    _printf_l                                0x00000000   Number         0  stubs.o ABSOLUTE
    _printf_lc                               0x00000000   Number         0  stubs.o ABSOLUTE
    _printf_ll                               0x00000000   Number         0  stubs.o ABSOLUTE
    _printf_lld                              0x00000000   Number         0  stubs.o ABSOLUTE
    _printf_lli                              0x00000000   Number         0  stubs.o ABSOLUTE
    _printf_llo                              0x00000000   Number         0  stubs.o ABSOLUTE
    _printf_llu                              0x00000000   Number         0  stubs.o ABSOLUTE
    _printf_llx                              0x00000000   Number         0  stubs.o ABSOLUTE
    _printf_longlong_dec                     0x00000000   Number         0  stubs.o ABSOLUTE
    _printf_longlong_hex                     0x00000000   Number         0  stubs.o ABSOLUTE
    _printf_longlong_oct                     0x00000000   Number         0  stubs.o ABSOLUTE
    _printf_ls                               0x00000000   Number         0  stubs.o ABSOLUTE
    _printf_mbtowc                           0x00000000   Number         0  stubs.o ABSOLUTE
    _printf_n                                0x00000000   Number         0  stubs.o ABSOLUTE
    _printf_o                                0x00000000   Number         0  stubs.o ABSOLUTE
    _printf_p                                0x00000000   Number         0  stubs.o ABSOLUTE
    _printf_percent                          0x00000000   Number         0  stubs.o ABSOLUTE
    _printf_pre_padding                      0x00000000   Number         0  stubs.o ABSOLUTE
    _printf_return_value                     0x00000000   Number         0  stubs.o ABSOLUTE
    _printf_s                                0x00000000   Number         0  stubs.o ABSOLUTE
    _printf_sizespec                         0x00000000   Number         0  stubs.o ABSOLUTE
    _printf_str                              0x00000000   Number         0  stubs.o ABSOLUTE
    _printf_truncate_signed                  0x00000000   Number         0  stubs.o ABSOLUTE
    _printf_truncate_unsigned                0x00000000   Number         0  stubs.o ABSOLUTE
    _printf_u                                0x00000000   Number         0  stubs.o ABSOLUTE
    _printf_wc                               0x00000000   Number         0  stubs.o ABSOLUTE
    _printf_wctomb                           0x00000000   Number         0  stubs.o ABSOLUTE
    _printf_widthprec                        0x00000000   Number         0  stubs.o ABSOLUTE
    _printf_x                                0x00000000   Number         0  stubs.o ABSOLUTE
    __cpp_initialize__aeabi_                  - Undefined Weak Reference
    __cxa_finalize                            - Undefined Weak Reference
    __decompress                              - Undefined Weak Reference
    _clock_init                               - Undefined Weak Reference
    _microlib_exit                            - Undefined Weak Reference
    __Vectors_Size                           0x000000ec   Number         0  startup_stm32f103xb.o ABSOLUTE
    __Vectors                                0x08000000   Data           4  startup_stm32f103xb.o(RESET)
    __Vectors_End                            0x080000ec   Data           0  startup_stm32f103xb.o(RESET)
    __main                                   0x080000ed   Thumb Code     0  entry.o(.ARM.Collect$$$$00000000)
    _main_stk                                0x080000ed   Thumb Code     0  entry2.o(.ARM.Collect$$$$00000001)
    _main_scatterload                        0x080000f1   Thumb Code     0  entry5.o(.ARM.Collect$$$$00000004)
    __main_after_scatterload                 0x080000f5   Thumb Code     0  entry5.o(.ARM.Collect$$$$00000004)
    _main_clock                              0x080000f5   Thumb Code     0  entry7b.o(.ARM.Collect$$$$00000008)
    _main_cpp_init                           0x080000f5   Thumb Code     0  entry8b.o(.ARM.Collect$$$$0000000A)
    _main_init                               0x080000f5   Thumb Code     0  entry9a.o(.ARM.Collect$$$$0000000B)
    __rt_final_cpp                           0x080000fd   Thumb Code     0  entry10a.o(.ARM.Collect$$$$0000000D)
    __rt_final_exit                          0x080000fd   Thumb Code     0  entry11a.o(.ARM.Collect$$$$0000000F)
    Reset_Handler                            0x08000101   Thumb Code     8  startup_stm32f103xb.o(.text)
    ADC1_2_IRQHandler                        0x0800011b   Thumb Code     0  startup_stm32f103xb.o(.text)
    CAN1_RX1_IRQHandler                      0x0800011b   Thumb Code     0  startup_stm32f103xb.o(.text)
    CAN1_SCE_IRQHandler                      0x0800011b   Thumb Code     0  startup_stm32f103xb.o(.text)
    DMA1_Channel1_IRQHandler                 0x0800011b   Thumb Code     0  startup_stm32f103xb.o(.text)
    DMA1_Channel2_IRQHandler                 0x0800011b   Thumb Code     0  startup_stm32f103xb.o(.text)
    DMA1_Channel3_IRQHandler                 0x0800011b   Thumb Code     0  startup_stm32f103xb.o(.text)
    DMA1_Channel4_IRQHandler                 0x0800011b   Thumb Code     0  startup_stm32f103xb.o(.text)
    DMA1_Channel6_IRQHandler                 0x0800011b   Thumb Code     0  startup_stm32f103xb.o(.text)
    DMA1_Channel7_IRQHandler                 0x0800011b   Thumb Code     0  startup_stm32f103xb.o(.text)
    EXTI0_IRQHandler                         0x0800011b   Thumb Code     0  startup_stm32f103xb.o(.text)
    EXTI15_10_IRQHandler                     0x0800011b   Thumb Code     0  startup_stm32f103xb.o(.text)
    EXTI1_IRQHandler                         0x0800011b   Thumb Code     0  startup_stm32f103xb.o(.text)
    EXTI2_IRQHandler                         0x0800011b   Thumb Code     0  startup_stm32f103xb.o(.text)
    EXTI3_IRQHandler                         0x0800011b   Thumb Code     0  startup_stm32f103xb.o(.text)
    EXTI4_IRQHandler                         0x0800011b   Thumb Code     0  startup_stm32f103xb.o(.text)
    EXTI9_5_IRQHandler                       0x0800011b   Thumb Code     0  startup_stm32f103xb.o(.text)
    FLASH_IRQHandler                         0x0800011b   Thumb Code     0  startup_stm32f103xb.o(.text)
    I2C1_ER_IRQHandler                       0x0800011b   Thumb Code     0  startup_stm32f103xb.o(.text)
    I2C1_EV_IRQHandler                       0x0800011b   Thumb Code     0  startup_stm32f103xb.o(.text)
    I2C2_ER_IRQHandler                       0x0800011b   Thumb Code     0  startup_stm32f103xb.o(.text)
    I2C2_EV_IRQHandler                       0x0800011b   Thumb Code     0  startup_stm32f103xb.o(.text)
    PVD_IRQHandler                           0x0800011b   Thumb Code     0  startup_stm32f103xb.o(.text)
    RCC_IRQHandler                           0x0800011b   Thumb Code     0  startup_stm32f103xb.o(.text)
    RTC_Alarm_IRQHandler                     0x0800011b   Thumb Code     0  startup_stm32f103xb.o(.text)
    RTC_IRQHandler                           0x0800011b   Thumb Code     0  startup_stm32f103xb.o(.text)
    SPI1_IRQHandler                          0x0800011b   Thumb Code     0  startup_stm32f103xb.o(.text)
    SPI2_IRQHandler                          0x0800011b   Thumb Code     0  startup_stm32f103xb.o(.text)
    TAMPER_IRQHandler                        0x0800011b   Thumb Code     0  startup_stm32f103xb.o(.text)
    TIM1_BRK_IRQHandler                      0x0800011b   Thumb Code     0  startup_stm32f103xb.o(.text)
    TIM1_CC_IRQHandler                       0x0800011b   Thumb Code     0  startup_stm32f103xb.o(.text)
    TIM1_TRG_COM_IRQHandler                  0x0800011b   Thumb Code     0  startup_stm32f103xb.o(.text)
    TIM1_UP_IRQHandler                       0x0800011b   Thumb Code     0  startup_stm32f103xb.o(.text)
    TIM3_IRQHandler                          0x0800011b   Thumb Code     0  startup_stm32f103xb.o(.text)
    USART2_IRQHandler                        0x0800011b   Thumb Code     0  startup_stm32f103xb.o(.text)
    USART3_IRQHandler                        0x0800011b   Thumb Code     0  startup_stm32f103xb.o(.text)
    USBWakeUp_IRQHandler                     0x0800011b   Thumb Code     0  startup_stm32f103xb.o(.text)
    USB_HP_CAN1_TX_IRQHandler                0x0800011b   Thumb Code     0  startup_stm32f103xb.o(.text)
    WWDG_IRQHandler                          0x0800011b   Thumb Code     0  startup_stm32f103xb.o(.text)
    __aeabi_llsr                             0x08000125   Thumb Code    32  llushr.o(.text)
    _ll_ushift_r                             0x08000125   Thumb Code     0  llushr.o(.text)
    __aeabi_memcpy                           0x08000145   Thumb Code    36  memcpya.o(.text)
    __aeabi_memcpy4                          0x08000145   Thumb Code     0  memcpya.o(.text)
    __aeabi_memcpy8                          0x08000145   Thumb Code     0  memcpya.o(.text)
    __aeabi_memset                           0x08000169   Thumb Code    14  memseta.o(.text)
    __aeabi_memset4                          0x08000169   Thumb Code     0  memseta.o(.text)
    __aeabi_memset8                          0x08000169   Thumb Code     0  memseta.o(.text)
    __aeabi_memclr                           0x08000177   Thumb Code     4  memseta.o(.text)
    __aeabi_memclr4                          0x08000177   Thumb Code     0  memseta.o(.text)
    __aeabi_memclr8                          0x08000177   Thumb Code     0  memseta.o(.text)
    _memset$wrapper                          0x0800017b   Thumb Code    18  memseta.o(.text)
    __aeabi_fadd                             0x0800018d   Thumb Code   164  fadd.o(.text)
    __aeabi_fsub                             0x08000231   Thumb Code     6  fadd.o(.text)
    __aeabi_frsub                            0x08000237   Thumb Code     6  fadd.o(.text)
    __aeabi_fmul                             0x0800023d   Thumb Code   100  fmul.o(.text)
    __aeabi_fdiv                             0x080002a1   Thumb Code   124  fdiv.o(.text)
    __ARM_scalbnf                            0x0800031d   Thumb Code    24  fscalb.o(.text)
    scalbnf                                  0x0800031d   Thumb Code     0  fscalb.o(.text)
    __aeabi_dadd                             0x08000335   Thumb Code   322  dadd.o(.text)
    __aeabi_dsub                             0x08000477   Thumb Code     6  dadd.o(.text)
    __aeabi_drsub                            0x0800047d   Thumb Code     6  dadd.o(.text)
    __aeabi_dmul                             0x08000483   Thumb Code   228  dmul.o(.text)
    __aeabi_ddiv                             0x08000567   Thumb Code   222  ddiv.o(.text)
    __ARM_scalbn                             0x08000645   Thumb Code    46  dscalb.o(.text)
    scalbn                                   0x08000645   Thumb Code     0  dscalb.o(.text)
    __aeabi_i2f                              0x08000673   Thumb Code    18  fflti.o(.text)
    __aeabi_ui2f                             0x08000685   Thumb Code    10  ffltui.o(.text)
    __aeabi_f2uiz                            0x0800068f   Thumb Code    40  ffixui.o(.text)
    __aeabi_f2d                              0x080006b7   Thumb Code    38  f2d.o(.text)
    __aeabi_d2f                              0x080006dd   Thumb Code    56  d2f.o(.text)
    __aeabi_cfrcmple                         0x08000715   Thumb Code    20  cfrcmple.o(.text)
    __aeabi_uldivmod                         0x08000729   Thumb Code    98  uldiv.o(.text)
    __aeabi_llsl                             0x0800078b   Thumb Code    30  llshl.o(.text)
    _ll_shift_l                              0x0800078b   Thumb Code     0  llshl.o(.text)
    __aeabi_lasr                             0x080007a9   Thumb Code    36  llsshr.o(.text)
    _ll_sshift_r                             0x080007a9   Thumb Code     0  llsshr.o(.text)
    __I$use$fp                               0x080007cd   Thumb Code     0  iusefp.o(.text)
    _float_round                             0x080007cd   Thumb Code    18  fepilogue.o(.text)
    _float_epilogue                          0x080007df   Thumb Code    92  fepilogue.o(.text)
    _double_round                            0x0800083b   Thumb Code    30  depilogue.o(.text)
    _double_epilogue                         0x08000859   Thumb Code   156  depilogue.o(.text)
    _dsqrt                                   0x080008f5   Thumb Code   162  dsqrt.o(.text)
    __ARM_dcmp4                              0x08000997   Thumb Code    96  dcmp4.o(.text)
    _dcmp4                                   0x08000997   Thumb Code     0  dcmp4.o(.text)
    __scatterload                            0x080009f9   Thumb Code    28  init.o(.text)
    __scatterload_rt2                        0x080009f9   Thumb Code     0  init.o(.text)
    __aeabi_i2d                              0x08000a1d   Thumb Code    34  dflti.o(.text)
    __aeabi_ui2d                             0x08000a3f   Thumb Code    26  dfltui.o(.text)
    __aeabi_d2iz                             0x08000a59   Thumb Code    62  dfixi.o(.text)
    AS5600_ReadAngle                         0x08000a99   Thumb Code    94  as5600.o(i.AS5600_ReadAngle)
    AS5600_checkMagnet                       0x08000b11   Thumb Code    64  as5600.o(i.AS5600_checkMagnet)
    BusFault_Handler                         0x08000b55   Thumb Code     2  stm32f1xx_it.o(i.BusFault_Handler)
    DMA1_Channel5_IRQHandler                 0x08000b59   Thumb Code     6  stm32f1xx_it.o(i.DMA1_Channel5_IRQHandler)
    DWT_Get_Microsecond                      0x08000b65   Thumb Code    68  dwt_delay.o(i.DWT_Get_Microsecond)
    DWT_Timer_Init                           0x08000bb1   Thumb Code    52  dwt_delay.o(i.DWT_Timer_Init)
    DebugMon_Handler                         0x08000bf5   Thumb Code     2  stm32f1xx_it.o(i.DebugMon_Handler)
    Error_Handler                            0x08000bf7   Thumb Code     4  main.o(i.Error_Handler)
    HAL_CAN_ActivateNotification             0x08000bfb   Thumb Code    36  stm32f1xx_hal_can.o(i.HAL_CAN_ActivateNotification)
    HAL_CAN_ConfigFilter                     0x08000c21   Thumb Code   238  stm32f1xx_hal_can.o(i.HAL_CAN_ConfigFilter)
    HAL_CAN_ErrorCallback                    0x08000d0f   Thumb Code     2  stm32f1xx_hal_can.o(i.HAL_CAN_ErrorCallback)
    HAL_CAN_GetError                         0x08000d11   Thumb Code     4  stm32f1xx_hal_can.o(i.HAL_CAN_GetError)
    HAL_CAN_GetRxMessage                     0x08000d15   Thumb Code   244  stm32f1xx_hal_can.o(i.HAL_CAN_GetRxMessage)
    HAL_CAN_IRQHandler                       0x08000e09   Thumb Code   508  stm32f1xx_hal_can.o(i.HAL_CAN_IRQHandler)
    HAL_CAN_Init                             0x08001005   Thumb Code   282  stm32f1xx_hal_can.o(i.HAL_CAN_Init)
    HAL_CAN_MspInit                          0x08001121   Thumb Code   112  can.o(i.HAL_CAN_MspInit)
    HAL_CAN_RxFifo0FullCallback              0x0800119d   Thumb Code     2  stm32f1xx_hal_can.o(i.HAL_CAN_RxFifo0FullCallback)
    HAL_CAN_RxFifo0MsgPendingCallback        0x080011a1   Thumb Code    24  mycan.o(i.HAL_CAN_RxFifo0MsgPendingCallback)
    HAL_CAN_RxFifo1FullCallback              0x080011c1   Thumb Code     2  stm32f1xx_hal_can.o(i.HAL_CAN_RxFifo1FullCallback)
    HAL_CAN_RxFifo1MsgPendingCallback        0x080011c3   Thumb Code     2  stm32f1xx_hal_can.o(i.HAL_CAN_RxFifo1MsgPendingCallback)
    HAL_CAN_SleepCallback                    0x080011c5   Thumb Code     2  stm32f1xx_hal_can.o(i.HAL_CAN_SleepCallback)
    HAL_CAN_Start                            0x080011c9   Thumb Code    88  stm32f1xx_hal_can.o(i.HAL_CAN_Start)
    HAL_CAN_TxMailbox0AbortCallback          0x08001221   Thumb Code     2  stm32f1xx_hal_can.o(i.HAL_CAN_TxMailbox0AbortCallback)
    HAL_CAN_TxMailbox0CompleteCallback       0x08001223   Thumb Code     2  stm32f1xx_hal_can.o(i.HAL_CAN_TxMailbox0CompleteCallback)
    HAL_CAN_TxMailbox1AbortCallback          0x08001225   Thumb Code     2  stm32f1xx_hal_can.o(i.HAL_CAN_TxMailbox1AbortCallback)
    HAL_CAN_TxMailbox1CompleteCallback       0x08001227   Thumb Code     2  stm32f1xx_hal_can.o(i.HAL_CAN_TxMailbox1CompleteCallback)
    HAL_CAN_TxMailbox2AbortCallback          0x08001229   Thumb Code     2  stm32f1xx_hal_can.o(i.HAL_CAN_TxMailbox2AbortCallback)
    HAL_CAN_TxMailbox2CompleteCallback       0x0800122b   Thumb Code     2  stm32f1xx_hal_can.o(i.HAL_CAN_TxMailbox2CompleteCallback)
    HAL_CAN_WakeUpFromRxMsgCallback          0x0800122d   Thumb Code     2  stm32f1xx_hal_can.o(i.HAL_CAN_WakeUpFromRxMsgCallback)
    HAL_DMA_Abort                            0x0800122f   Thumb Code    70  stm32f1xx_hal_dma.o(i.HAL_DMA_Abort)
    HAL_DMA_Abort_IT                         0x08001275   Thumb Code   148  stm32f1xx_hal_dma.o(i.HAL_DMA_Abort_IT)
    HAL_DMA_IRQHandler                       0x0800130d   Thumb Code   316  stm32f1xx_hal_dma.o(i.HAL_DMA_IRQHandler)
    HAL_DMA_Init                             0x08001461   Thumb Code    84  stm32f1xx_hal_dma.o(i.HAL_DMA_Init)
    HAL_Delay                                0x080014bd   Thumb Code    32  stm32f1xx_hal.o(i.HAL_Delay)
    HAL_GPIO_Init                            0x080014e1   Thumb Code   446  stm32f1xx_hal_gpio.o(i.HAL_GPIO_Init)
    HAL_GPIO_TogglePin                       0x080016c1   Thumb Code    16  stm32f1xx_hal_gpio.o(i.HAL_GPIO_TogglePin)
    HAL_GPIO_WritePin                        0x080016d1   Thumb Code    10  stm32f1xx_hal_gpio.o(i.HAL_GPIO_WritePin)
    HAL_GetTick                              0x080016dd   Thumb Code     6  stm32f1xx_hal.o(i.HAL_GetTick)
    HAL_I2C_Init                             0x080016e9   Thumb Code   376  stm32f1xx_hal_i2c.o(i.HAL_I2C_Init)
    HAL_I2C_Mem_Read                         0x08001871   Thumb Code   574  stm32f1xx_hal_i2c.o(i.HAL_I2C_Mem_Read)
    HAL_I2C_MspInit                          0x08001ac1   Thumb Code    80  i2c.o(i.HAL_I2C_MspInit)
    HAL_IncTick                              0x08001b1d   Thumb Code    12  stm32f1xx_hal.o(i.HAL_IncTick)
    HAL_Init                                 0x08001b2d   Thumb Code    32  stm32f1xx_hal.o(i.HAL_Init)
    HAL_InitTick                             0x08001b51   Thumb Code    54  stm32f1xx_hal.o(i.HAL_InitTick)
    HAL_MspInit                              0x08001b91   Thumb Code    52  stm32f1xx_hal_msp.o(i.HAL_MspInit)
    HAL_NVIC_EnableIRQ                       0x08001bcd   Thumb Code    26  stm32f1xx_hal_cortex.o(i.HAL_NVIC_EnableIRQ)
    HAL_NVIC_SetPriority                     0x08001be9   Thumb Code    60  stm32f1xx_hal_cortex.o(i.HAL_NVIC_SetPriority)
    HAL_NVIC_SetPriorityGrouping             0x08001c29   Thumb Code    26  stm32f1xx_hal_cortex.o(i.HAL_NVIC_SetPriorityGrouping)
    HAL_NVIC_SystemReset                     0x08001c4d   Thumb Code    26  stm32f1xx_hal_cortex.o(i.HAL_NVIC_SystemReset)
    HAL_RCC_ClockConfig                      0x08001c71   Thumb Code   280  stm32f1xx_hal_rcc.o(i.HAL_RCC_ClockConfig)
    HAL_RCC_GetPCLK1Freq                     0x08001d9d   Thumb Code    20  stm32f1xx_hal_rcc.o(i.HAL_RCC_GetPCLK1Freq)
    HAL_RCC_GetPCLK2Freq                     0x08001dbd   Thumb Code    20  stm32f1xx_hal_rcc.o(i.HAL_RCC_GetPCLK2Freq)
    HAL_RCC_GetSysClockFreq                  0x08001ddd   Thumb Code    58  stm32f1xx_hal_rcc.o(i.HAL_RCC_GetSysClockFreq)
    HAL_RCC_OscConfig                        0x08001e29   Thumb Code   778  stm32f1xx_hal_rcc.o(i.HAL_RCC_OscConfig)
    HAL_SYSTICK_Config                       0x08002149   Thumb Code    40  stm32f1xx_hal_cortex.o(i.HAL_SYSTICK_Config)
    HAL_TIMEx_BreakCallback                  0x08002171   Thumb Code     2  stm32f1xx_hal_tim_ex.o(i.HAL_TIMEx_BreakCallback)
    HAL_TIMEx_CommutCallback                 0x08002173   Thumb Code     2  stm32f1xx_hal_tim_ex.o(i.HAL_TIMEx_CommutCallback)
    HAL_TIMEx_MasterConfigSynchronization    0x08002175   Thumb Code    92  stm32f1xx_hal_tim_ex.o(i.HAL_TIMEx_MasterConfigSynchronization)
    HAL_TIM_Base_Init                        0x080021dd   Thumb Code    90  stm32f1xx_hal_tim.o(i.HAL_TIM_Base_Init)
    HAL_TIM_Base_MspInit                     0x08002239   Thumb Code   108  tim.o(i.HAL_TIM_Base_MspInit)
    HAL_TIM_Base_Start_IT                    0x080022b1   Thumb Code    76  stm32f1xx_hal_tim.o(i.HAL_TIM_Base_Start_IT)
    HAL_TIM_ConfigClockSource                0x08002309   Thumb Code   220  stm32f1xx_hal_tim.o(i.HAL_TIM_ConfigClockSource)
    HAL_TIM_IC_CaptureCallback               0x080023e5   Thumb Code     2  stm32f1xx_hal_tim.o(i.HAL_TIM_IC_CaptureCallback)
    HAL_TIM_IRQHandler                       0x080023e7   Thumb Code   358  stm32f1xx_hal_tim.o(i.HAL_TIM_IRQHandler)
    HAL_TIM_MspPostInit                      0x0800254d   Thumb Code    94  tim.o(i.HAL_TIM_MspPostInit)
    HAL_TIM_OC_DelayElapsedCallback          0x080025bd   Thumb Code     2  stm32f1xx_hal_tim.o(i.HAL_TIM_OC_DelayElapsedCallback)
    HAL_TIM_PWM_ConfigChannel                0x080025bf   Thumb Code   204  stm32f1xx_hal_tim.o(i.HAL_TIM_PWM_ConfigChannel)
    HAL_TIM_PWM_Init                         0x0800268b   Thumb Code    90  stm32f1xx_hal_tim.o(i.HAL_TIM_PWM_Init)
    HAL_TIM_PWM_MspInit                      0x080026e5   Thumb Code     2  stm32f1xx_hal_tim.o(i.HAL_TIM_PWM_MspInit)
    HAL_TIM_PWM_PulseFinishedCallback        0x080026e7   Thumb Code     2  stm32f1xx_hal_tim.o(i.HAL_TIM_PWM_PulseFinishedCallback)
    HAL_TIM_PWM_Start                        0x080026e9   Thumb Code   144  stm32f1xx_hal_tim.o(i.HAL_TIM_PWM_Start)
    HAL_TIM_PeriodElapsedCallback            0x08002785   Thumb Code    26  main.o(i.HAL_TIM_PeriodElapsedCallback)
    HAL_TIM_TriggerCallback                  0x080027a9   Thumb Code     2  stm32f1xx_hal_tim.o(i.HAL_TIM_TriggerCallback)
    HAL_UARTEx_RxEventCallback               0x080027ab   Thumb Code     2  stm32f1xx_hal_uart.o(i.HAL_UARTEx_RxEventCallback)
    HAL_UART_ErrorCallback                   0x080027ad   Thumb Code     2  stm32f1xx_hal_uart.o(i.HAL_UART_ErrorCallback)
    HAL_UART_IRQHandler                      0x080027b1   Thumb Code   616  stm32f1xx_hal_uart.o(i.HAL_UART_IRQHandler)
    HAL_UART_Init                            0x08002a1d   Thumb Code   100  stm32f1xx_hal_uart.o(i.HAL_UART_Init)
    HAL_UART_MspInit                         0x08002a81   Thumb Code   154  usart.o(i.HAL_UART_MspInit)
    HAL_UART_RxCpltCallback                  0x08002b31   Thumb Code     2  stm32f1xx_hal_uart.o(i.HAL_UART_RxCpltCallback)
    HAL_UART_Transmit                        0x08002b33   Thumb Code   154  stm32f1xx_hal_uart.o(i.HAL_UART_Transmit)
    HAL_UART_TxCpltCallback                  0x08002bcd   Thumb Code     2  stm32f1xx_hal_uart.o(i.HAL_UART_TxCpltCallback)
    HardFault_Handler                        0x08002bcf   Thumb Code     2  stm32f1xx_it.o(i.HardFault_Handler)
    MX_CAN_Init                              0x08002f11   Thumb Code    60  can.o(i.MX_CAN_Init)
    MX_DMA_Init                              0x08002f55   Thumb Code    40  dma.o(i.MX_DMA_Init)
    MX_GPIO_Init                             0x08002f81   Thumb Code   160  gpio.o(i.MX_GPIO_Init)
    MX_I2C1_Init                             0x0800302d   Thumb Code    50  i2c.o(i.MX_I2C1_Init)
    MX_TIM2_Init                             0x0800306d   Thumb Code   100  tim.o(i.MX_TIM2_Init)
    MX_TIM3_Init                             0x080030d5   Thumb Code   178  tim.o(i.MX_TIM3_Init)
    MX_TIM4_Init                             0x08003191   Thumb Code    96  tim.o(i.MX_TIM4_Init)
    MX_USART1_UART_Init                      0x080031f9   Thumb Code    48  usart.o(i.MX_USART1_UART_Init)
    MemManage_Handler                        0x08003231   Thumb Code     2  stm32f1xx_it.o(i.MemManage_Handler)
    Motor_LinkImuPID                         0x08003233   Thumb Code    10  foc.o(i.Motor_LinkImuPID)
    Motor_LinkPositionPID                    0x0800323d   Thumb Code     8  foc.o(i.Motor_LinkPositionPID)
    Motor_LinkSensor                         0x08003245   Thumb Code     8  foc.o(i.Motor_LinkSensor)
    Motor_LinkTim                            0x0800324d   Thumb Code    72  foc.o(i.Motor_LinkTim)
    MyCan_Init                               0x08003295   Thumb Code    84  mycan.o(i.MyCan_Init)
    MyCan_ProcessReceivedMessage             0x08003371   Thumb Code   340  mycan.o(i.MyCan_ProcessReceivedMessage)
    MyCan_Receive                            0x080034dd   Thumb Code    22  mycan.o(i.MyCan_Receive)
    MyCan_SetupFilter                        0x080034f9   Thumb Code    50  mycan.o(i.MyCan_SetupFilter)
    NMI_Handler                              0x08003531   Thumb Code     2  stm32f1xx_it.o(i.NMI_Handler)
    PendSV_Handler                           0x08003533   Thumb Code     2  stm32f1xx_it.o(i.PendSV_Handler)
    PidCompute                               0x08003535   Thumb Code   258  pid.o(i.PidCompute)
    Pidloop                                  0x08003651   Thumb Code    58  foc.o(i.Pidloop)
    SVC_Handler                              0x0800368b   Thumb Code     2  stm32f1xx_it.o(i.SVC_Handler)
    Sensor_ComputerAngleRotations            0x0800368d   Thumb Code    94  sensor.o(i.Sensor_ComputerAngleRotations)
    Sensor_ComputerVelocity                  0x080036f9   Thumb Code    70  sensor.o(i.Sensor_ComputerVelocity)
    Sensor_Update                            0x08003749   Thumb Code     4  sensor.o(i.Sensor_Update)
    SysTick_Handler                          0x0800374d   Thumb Code     4  stm32f1xx_it.o(i.SysTick_Handler)
    SystemClock_Config                       0x08003751   Thumb Code    94  main.o(i.SystemClock_Config)
    SystemInit                               0x080037af   Thumb Code     2  system_stm32f1xx.o(i.SystemInit)
    TIM2_IRQHandler                          0x080037b1   Thumb Code     6  stm32f1xx_it.o(i.TIM2_IRQHandler)
    TIM4_IRQHandler                          0x080037bd   Thumb Code     6  stm32f1xx_it.o(i.TIM4_IRQHandler)
    TIM_Base_SetConfig                       0x080037c9   Thumb Code    94  stm32f1xx_hal_tim.o(i.TIM_Base_SetConfig)
    TIM_CCxChannelCmd                        0x08003835   Thumb Code    26  stm32f1xx_hal_tim.o(i.TIM_CCxChannelCmd)
    TIM_ETR_SetConfig                        0x0800384f   Thumb Code    20  stm32f1xx_hal_tim.o(i.TIM_ETR_SetConfig)
    TIM_OC2_SetConfig                        0x080038c5   Thumb Code    84  stm32f1xx_hal_tim.o(i.TIM_OC2_SetConfig)
    USART1_IRQHandler                        0x08003c51   Thumb Code     6  stm32f1xx_it.o(i.USART1_IRQHandler)
    USB_LP_CAN1_RX0_IRQHandler               0x08003c5d   Thumb Code     6  stm32f1xx_it.o(i.USB_LP_CAN1_RX0_IRQHandler)
    UsageFault_Handler                       0x08003c69   Thumb Code     2  stm32f1xx_it.o(i.UsageFault_Handler)
    __0printf$8                              0x08003c6d   Thumb Code    22  printf8.o(i.__0printf$8)
    __1printf$8                              0x08003c6d   Thumb Code     0  printf8.o(i.__0printf$8)
    __2printf                                0x08003c6d   Thumb Code     0  printf8.o(i.__0printf$8)
    __ARM_fpclassify                         0x08003c8d   Thumb Code    40  fpclassify.o(i.__ARM_fpclassify)
    __ieee754_rem_pio2                       0x08003cd5   Thumb Code   828  rred.o(i.__ieee754_rem_pio2)
    __kernel_cos                             0x0800405d   Thumb Code   230  cos_i.o(i.__kernel_cos)
    __kernel_poly                            0x08004159   Thumb Code   170  poly.o(i.__kernel_poly)
    __kernel_sin                             0x08004205   Thumb Code   224  sin_i.o(i.__kernel_sin)
    __mathlib_dbl_infnan                     0x080042f1   Thumb Code     6  dunder.o(i.__mathlib_dbl_infnan)
    __mathlib_dbl_invalid                    0x080042f7   Thumb Code    12  dunder.o(i.__mathlib_dbl_invalid)
    __mathlib_dbl_underflow                  0x08004305   Thumb Code    10  dunder.o(i.__mathlib_dbl_underflow)
    __scatterload_copy                       0x08004315   Thumb Code    14  handlers.o(i.__scatterload_copy)
    __scatterload_null                       0x08004323   Thumb Code     2  handlers.o(i.__scatterload_null)
    __scatterload_zeroinit                   0x08004325   Thumb Code    14  handlers.o(i.__scatterload_zeroinit)
    __set_errno                              0x08004335   Thumb Code     6  errno.o(i.__set_errno)
    _electricalAngle                         0x08004341   Thumb Code    34  foc.o(i._electricalAngle)
    _normalizeAngle                          0x08004365   Thumb Code    32  foc.o(i._normalizeAngle)
    cos                                      0x080047f1   Thumb Code   148  cos.o(i.cos)
    fmin                                     0x0800488d   Thumb Code    66  fmin.o(i.fmin)
    foc_Init                                 0x080048d1   Thumb Code   140  foc.o(i.foc_Init)
    foc_loop                                 0x08004965   Thumb Code    52  foc.o(i.foc_loop)
    foc_move                                 0x08004999   Thumb Code     4  foc.o(i.foc_move)
    fputc                                    0x0800499d   Thumb Code    20  main.o(i.fputc)
    getCanRunFlag                            0x080049b5   Thumb Code     6  mycan.o(i.getCanRunFlag)
    main                                     0x080049c1   Thumb Code   382  main.o(i.main)
    setPWM                                   0x08004b79   Thumb Code   342  foc.o(i.setPWM)
    setPhaseVoltage                          0x08004cd9   Thumb Code   380  foc.o(i.setPhaseVoltage)
    sin                                      0x08004e59   Thumb Code   150  sin.o(i.sin)
    sqrt                                     0x08004ef9   Thumb Code    76  sqrt.o(i.sqrt)
    AHBPrescTable                            0x08004f56   Data          16  system_stm32f1xx.o(.constdata)
    APBPrescTable                            0x08004f66   Data           8  system_stm32f1xx.o(.constdata)
    Region$$Table$$Base                      0x08005090   Number         0  anon$$obj.o(Region$$Table)
    Region$$Table$$Limit                     0x080050b0   Number         0  anon$$obj.o(Region$$Table)
    TIM4_flag                                0x20000004   Data           1  main.o(.data)
    TIM2_flag                                0x20000005   Data           1  main.o(.data)
    fre                                      0x20000008   Data           4  main.o(.data)
    can_rx_flag                              0x2000002d   Data           1  mycan.o(.data)
    can_run_flag                             0x2000002e   Data           1  mycan.o(.data)
    imu_data_flag                            0x2000002f   Data           1  mycan.o(.data)
    can_rx_data                              0x20000030   Data           8  mycan.o(.data)
    uwTickFreq                               0x20000038   Data           1  stm32f1xx_hal.o(.data)
    uwTickPrio                               0x2000003c   Data           4  stm32f1xx_hal.o(.data)
    uwTick                                   0x20000040   Data           4  stm32f1xx_hal.o(.data)
    SystemCoreClock                          0x20000044   Data           4  system_stm32f1xx.o(.data)
    __stdout                                 0x20000048   Data           4  stdout.o(.data)
    motor_foc                                0x20000050   Data         328  main.o(.bss)
    motor_tim                                0x20000198   Data          84  main.o(.bss)
    motor_sensor                             0x200001ec   Data          40  main.o(.bss)
    motor_position_pid                       0x20000214   Data          52  main.o(.bss)
    motor_imu_pid                            0x20000248   Data          52  main.o(.bss)
    hcan                                     0x2000027c   Data          40  can.o(.bss)
    hi2c1                                    0x200002a4   Data          84  i2c.o(.bss)
    htim2                                    0x200002f8   Data          72  tim.o(.bss)
    htim3                                    0x20000340   Data          72  tim.o(.bss)
    htim4                                    0x20000388   Data          72  tim.o(.bss)
    huart1                                   0x200003d0   Data          72  usart.o(.bss)
    hdma_usart1_rx                           0x20000418   Data          68  usart.o(.bss)
    can_rxHeader                             0x2000045c   Data          28  mycan.o(.bss)
    __initial_sp                             0x20000878   Data           0  startup_stm32f103xb.o(STACK)



==============================================================================

Memory Map of the image

  Image Entry point : 0x080000ed

  Load Region LR_IROM1 (Base: 0x08000000, Size: 0x00005100, Max: 0x00010000, ABSOLUTE)

    Execution Region ER_IROM1 (Exec base: 0x08000000, Load base: 0x08000000, Size: 0x000050b0, Max: 0x00010000, ABSOLUTE)

    Exec Addr    Load Addr    Size         Type   Attr      Idx    E Section Name        Object

    0x08000000   0x08000000   0x000000ec   Data   RO            3    RESET               startup_stm32f103xb.o
    0x080000ec   0x080000ec   0x00000000   Code   RO         4140  * .ARM.Collect$$$$00000000  mc_w.l(entry.o)
    0x080000ec   0x080000ec   0x00000004   Code   RO         4468    .ARM.Collect$$$$00000001  mc_w.l(entry2.o)
    0x080000f0   0x080000f0   0x00000004   Code   RO         4471    .ARM.Collect$$$$00000004  mc_w.l(entry5.o)
    0x080000f4   0x080000f4   0x00000000   Code   RO         4473    .ARM.Collect$$$$00000008  mc_w.l(entry7b.o)
    0x080000f4   0x080000f4   0x00000000   Code   RO         4475    .ARM.Collect$$$$0000000A  mc_w.l(entry8b.o)
    0x080000f4   0x080000f4   0x00000008   Code   RO         4476    .ARM.Collect$$$$0000000B  mc_w.l(entry9a.o)
    0x080000fc   0x080000fc   0x00000000   Code   RO         4478    .ARM.Collect$$$$0000000D  mc_w.l(entry10a.o)
    0x080000fc   0x080000fc   0x00000000   Code   RO         4480    .ARM.Collect$$$$0000000F  mc_w.l(entry11a.o)
    0x080000fc   0x080000fc   0x00000004   Code   RO         4469    .ARM.Collect$$$$00002712  mc_w.l(entry2.o)
    0x08000100   0x08000100   0x00000024   Code   RO            4    .text               startup_stm32f103xb.o
    0x08000124   0x08000124   0x00000020   Code   RO         4143    .text               mc_w.l(llushr.o)
    0x08000144   0x08000144   0x00000024   Code   RO         4145    .text               mc_w.l(memcpya.o)
    0x08000168   0x08000168   0x00000024   Code   RO         4147    .text               mc_w.l(memseta.o)
    0x0800018c   0x0800018c   0x000000b0   Code   RO         4412    .text               mf_w.l(fadd.o)
    0x0800023c   0x0800023c   0x00000064   Code   RO         4414    .text               mf_w.l(fmul.o)
    0x080002a0   0x080002a0   0x0000007c   Code   RO         4416    .text               mf_w.l(fdiv.o)
    0x0800031c   0x0800031c   0x00000018   Code   RO         4418    .text               mf_w.l(fscalb.o)
    0x08000334   0x08000334   0x0000014e   Code   RO         4420    .text               mf_w.l(dadd.o)
    0x08000482   0x08000482   0x000000e4   Code   RO         4422    .text               mf_w.l(dmul.o)
    0x08000566   0x08000566   0x000000de   Code   RO         4424    .text               mf_w.l(ddiv.o)
    0x08000644   0x08000644   0x0000002e   Code   RO         4426    .text               mf_w.l(dscalb.o)
    0x08000672   0x08000672   0x00000012   Code   RO         4428    .text               mf_w.l(fflti.o)
    0x08000684   0x08000684   0x0000000a   Code   RO         4430    .text               mf_w.l(ffltui.o)
    0x0800068e   0x0800068e   0x00000028   Code   RO         4432    .text               mf_w.l(ffixui.o)
    0x080006b6   0x080006b6   0x00000026   Code   RO         4434    .text               mf_w.l(f2d.o)
    0x080006dc   0x080006dc   0x00000038   Code   RO         4436    .text               mf_w.l(d2f.o)
    0x08000714   0x08000714   0x00000014   Code   RO         4438    .text               mf_w.l(cfrcmple.o)
    0x08000728   0x08000728   0x00000062   Code   RO         4485    .text               mc_w.l(uldiv.o)
    0x0800078a   0x0800078a   0x0000001e   Code   RO         4487    .text               mc_w.l(llshl.o)
    0x080007a8   0x080007a8   0x00000024   Code   RO         4489    .text               mc_w.l(llsshr.o)
    0x080007cc   0x080007cc   0x00000000   Code   RO         4498    .text               mc_w.l(iusefp.o)
    0x080007cc   0x080007cc   0x0000006e   Code   RO         4499    .text               mf_w.l(fepilogue.o)
    0x0800083a   0x0800083a   0x000000ba   Code   RO         4501    .text               mf_w.l(depilogue.o)
    0x080008f4   0x080008f4   0x000000a2   Code   RO         4503    .text               mf_w.l(dsqrt.o)
    0x08000996   0x08000996   0x00000060   Code   RO         4511    .text               mf_w.l(dcmp4.o)
    0x080009f6   0x080009f6   0x00000002   PAD
    0x080009f8   0x080009f8   0x00000024   Code   RO         4517    .text               mc_w.l(init.o)
    0x08000a1c   0x08000a1c   0x00000022   Code   RO         4519    .text               mf_w.l(dflti.o)
    0x08000a3e   0x08000a3e   0x0000001a   Code   RO         4521    .text               mf_w.l(dfltui.o)
    0x08000a58   0x08000a58   0x0000003e   Code   RO         4523    .text               mf_w.l(dfixi.o)
    0x08000a96   0x08000a96   0x00000002   PAD
    0x08000a98   0x08000a98   0x00000078   Code   RO          649    i.AS5600_ReadAngle  as5600.o
    0x08000b10   0x08000b10   0x00000044   Code   RO          650    i.AS5600_checkMagnet  as5600.o
    0x08000b54   0x08000b54   0x00000002   Code   RO          519    i.BusFault_Handler  stm32f1xx_it.o
    0x08000b56   0x08000b56   0x00000002   PAD
    0x08000b58   0x08000b58   0x0000000c   Code   RO          520    i.DMA1_Channel5_IRQHandler  stm32f1xx_it.o
    0x08000b64   0x08000b64   0x0000004c   Code   RO          884    i.DWT_Get_Microsecond  dwt_delay.o
    0x08000bb0   0x08000bb0   0x00000044   Code   RO          887    i.DWT_Timer_Init    dwt_delay.o
    0x08000bf4   0x08000bf4   0x00000002   Code   RO          521    i.DebugMon_Handler  stm32f1xx_it.o
    0x08000bf6   0x08000bf6   0x00000004   Code   RO          185    i.Error_Handler     main.o
    0x08000bfa   0x08000bfa   0x00000024   Code   RO         1096    i.HAL_CAN_ActivateNotification  stm32f1xx_hal_can.o
    0x08000c1e   0x08000c1e   0x00000002   PAD
    0x08000c20   0x08000c20   0x000000ee   Code   RO         1098    i.HAL_CAN_ConfigFilter  stm32f1xx_hal_can.o
    0x08000d0e   0x08000d0e   0x00000002   Code   RO         1101    i.HAL_CAN_ErrorCallback  stm32f1xx_hal_can.o
    0x08000d10   0x08000d10   0x00000004   Code   RO         1102    i.HAL_CAN_GetError  stm32f1xx_hal_can.o
    0x08000d14   0x08000d14   0x000000f4   Code   RO         1104    i.HAL_CAN_GetRxMessage  stm32f1xx_hal_can.o
    0x08000e08   0x08000e08   0x000001fc   Code   RO         1108    i.HAL_CAN_IRQHandler  stm32f1xx_hal_can.o
    0x08001004   0x08001004   0x0000011a   Code   RO         1109    i.HAL_CAN_Init      stm32f1xx_hal_can.o
    0x0800111e   0x0800111e   0x00000002   PAD
    0x08001120   0x08001120   0x0000007c   Code   RO          310    i.HAL_CAN_MspInit   can.o
    0x0800119c   0x0800119c   0x00000002   Code   RO         1116    i.HAL_CAN_RxFifo0FullCallback  stm32f1xx_hal_can.o
    0x0800119e   0x0800119e   0x00000002   PAD
    0x080011a0   0x080011a0   0x00000020   Code   RO          977    i.HAL_CAN_RxFifo0MsgPendingCallback  mycan.o
    0x080011c0   0x080011c0   0x00000002   Code   RO         1118    i.HAL_CAN_RxFifo1FullCallback  stm32f1xx_hal_can.o
    0x080011c2   0x080011c2   0x00000002   Code   RO         1119    i.HAL_CAN_RxFifo1MsgPendingCallback  stm32f1xx_hal_can.o
    0x080011c4   0x080011c4   0x00000002   Code   RO         1120    i.HAL_CAN_SleepCallback  stm32f1xx_hal_can.o
    0x080011c6   0x080011c6   0x00000002   PAD
    0x080011c8   0x080011c8   0x00000058   Code   RO         1121    i.HAL_CAN_Start     stm32f1xx_hal_can.o
    0x08001220   0x08001220   0x00000002   Code   RO         1123    i.HAL_CAN_TxMailbox0AbortCallback  stm32f1xx_hal_can.o
    0x08001222   0x08001222   0x00000002   Code   RO         1124    i.HAL_CAN_TxMailbox0CompleteCallback  stm32f1xx_hal_can.o
    0x08001224   0x08001224   0x00000002   Code   RO         1125    i.HAL_CAN_TxMailbox1AbortCallback  stm32f1xx_hal_can.o
    0x08001226   0x08001226   0x00000002   Code   RO         1126    i.HAL_CAN_TxMailbox1CompleteCallback  stm32f1xx_hal_can.o
    0x08001228   0x08001228   0x00000002   Code   RO         1127    i.HAL_CAN_TxMailbox2AbortCallback  stm32f1xx_hal_can.o
    0x0800122a   0x0800122a   0x00000002   Code   RO         1128    i.HAL_CAN_TxMailbox2CompleteCallback  stm32f1xx_hal_can.o
    0x0800122c   0x0800122c   0x00000002   Code   RO         1130    i.HAL_CAN_WakeUpFromRxMsgCallback  stm32f1xx_hal_can.o
    0x0800122e   0x0800122e   0x00000046   Code   RO         1710    i.HAL_DMA_Abort     stm32f1xx_hal_dma.o
    0x08001274   0x08001274   0x00000098   Code   RO         1711    i.HAL_DMA_Abort_IT  stm32f1xx_hal_dma.o
    0x0800130c   0x0800130c   0x00000154   Code   RO         1715    i.HAL_DMA_IRQHandler  stm32f1xx_hal_dma.o
    0x08001460   0x08001460   0x0000005c   Code   RO         1716    i.HAL_DMA_Init      stm32f1xx_hal_dma.o
    0x080014bc   0x080014bc   0x00000024   Code   RO         1336    i.HAL_Delay         stm32f1xx_hal.o
    0x080014e0   0x080014e0   0x000001e0   Code   RO         1646    i.HAL_GPIO_Init     stm32f1xx_hal_gpio.o
    0x080016c0   0x080016c0   0x00000010   Code   RO         1649    i.HAL_GPIO_TogglePin  stm32f1xx_hal_gpio.o
    0x080016d0   0x080016d0   0x0000000a   Code   RO         1650    i.HAL_GPIO_WritePin  stm32f1xx_hal_gpio.o
    0x080016da   0x080016da   0x00000002   PAD
    0x080016dc   0x080016dc   0x0000000c   Code   RO         1340    i.HAL_GetTick       stm32f1xx_hal.o
    0x080016e8   0x080016e8   0x00000188   Code   RO         2317    i.HAL_I2C_Init      stm32f1xx_hal_i2c.o
    0x08001870   0x08001870   0x00000250   Code   RO         2335    i.HAL_I2C_Mem_Read  stm32f1xx_hal_i2c.o
    0x08001ac0   0x08001ac0   0x0000005c   Code   RO          376    i.HAL_I2C_MspInit   i2c.o
    0x08001b1c   0x08001b1c   0x00000010   Code   RO         1346    i.HAL_IncTick       stm32f1xx_hal.o
    0x08001b2c   0x08001b2c   0x00000024   Code   RO         1347    i.HAL_Init          stm32f1xx_hal.o
    0x08001b50   0x08001b50   0x00000040   Code   RO         1348    i.HAL_InitTick      stm32f1xx_hal.o
    0x08001b90   0x08001b90   0x0000003c   Code   RO          625    i.HAL_MspInit       stm32f1xx_hal_msp.o
    0x08001bcc   0x08001bcc   0x0000001a   Code   RO         1806    i.HAL_NVIC_EnableIRQ  stm32f1xx_hal_cortex.o
    0x08001be6   0x08001be6   0x00000002   PAD
    0x08001be8   0x08001be8   0x00000040   Code   RO         1812    i.HAL_NVIC_SetPriority  stm32f1xx_hal_cortex.o
    0x08001c28   0x08001c28   0x00000024   Code   RO         1813    i.HAL_NVIC_SetPriorityGrouping  stm32f1xx_hal_cortex.o
    0x08001c4c   0x08001c4c   0x00000024   Code   RO         1814    i.HAL_NVIC_SystemReset  stm32f1xx_hal_cortex.o
    0x08001c70   0x08001c70   0x0000012c   Code   RO         1504    i.HAL_RCC_ClockConfig  stm32f1xx_hal_rcc.o
    0x08001d9c   0x08001d9c   0x00000020   Code   RO         1511    i.HAL_RCC_GetPCLK1Freq  stm32f1xx_hal_rcc.o
    0x08001dbc   0x08001dbc   0x00000020   Code   RO         1512    i.HAL_RCC_GetPCLK2Freq  stm32f1xx_hal_rcc.o
    0x08001ddc   0x08001ddc   0x0000004c   Code   RO         1513    i.HAL_RCC_GetSysClockFreq  stm32f1xx_hal_rcc.o
    0x08001e28   0x08001e28   0x00000320   Code   RO         1516    i.HAL_RCC_OscConfig  stm32f1xx_hal_rcc.o
    0x08002148   0x08002148   0x00000028   Code   RO         1817    i.HAL_SYSTICK_Config  stm32f1xx_hal_cortex.o
    0x08002170   0x08002170   0x00000002   Code   RO         3449    i.HAL_TIMEx_BreakCallback  stm32f1xx_hal_tim_ex.o
    0x08002172   0x08002172   0x00000002   Code   RO         3450    i.HAL_TIMEx_CommutCallback  stm32f1xx_hal_tim_ex.o
    0x08002174   0x08002174   0x00000068   Code   RO         3468    i.HAL_TIMEx_MasterConfigSynchronization  stm32f1xx_hal_tim_ex.o
    0x080021dc   0x080021dc   0x0000005a   Code   RO         2745    i.HAL_TIM_Base_Init  stm32f1xx_hal_tim.o
    0x08002236   0x08002236   0x00000002   PAD
    0x08002238   0x08002238   0x00000078   Code   RO          418    i.HAL_TIM_Base_MspInit  tim.o
    0x080022b0   0x080022b0   0x00000058   Code   RO         2750    i.HAL_TIM_Base_Start_IT  stm32f1xx_hal_tim.o
    0x08002308   0x08002308   0x000000dc   Code   RO         2754    i.HAL_TIM_ConfigClockSource  stm32f1xx_hal_tim.o
    0x080023e4   0x080023e4   0x00000002   Code   RO         2779    i.HAL_TIM_IC_CaptureCallback  stm32f1xx_hal_tim.o
    0x080023e6   0x080023e6   0x00000166   Code   RO         2793    i.HAL_TIM_IRQHandler  stm32f1xx_hal_tim.o
    0x0800254c   0x0800254c   0x00000070   Code   RO          419    i.HAL_TIM_MspPostInit  tim.o
    0x080025bc   0x080025bc   0x00000002   Code   RO         2796    i.HAL_TIM_OC_DelayElapsedCallback  stm32f1xx_hal_tim.o
    0x080025be   0x080025be   0x000000cc   Code   RO         2817    i.HAL_TIM_PWM_ConfigChannel  stm32f1xx_hal_tim.o
    0x0800268a   0x0800268a   0x0000005a   Code   RO         2820    i.HAL_TIM_PWM_Init  stm32f1xx_hal_tim.o
    0x080026e4   0x080026e4   0x00000002   Code   RO         2822    i.HAL_TIM_PWM_MspInit  stm32f1xx_hal_tim.o
    0x080026e6   0x080026e6   0x00000002   Code   RO         2823    i.HAL_TIM_PWM_PulseFinishedCallback  stm32f1xx_hal_tim.o
    0x080026e8   0x080026e8   0x0000009c   Code   RO         2825    i.HAL_TIM_PWM_Start  stm32f1xx_hal_tim.o
    0x08002784   0x08002784   0x00000024   Code   RO          186    i.HAL_TIM_PeriodElapsedCallback  main.o
    0x080027a8   0x080027a8   0x00000002   Code   RO         2836    i.HAL_TIM_TriggerCallback  stm32f1xx_hal_tim.o
    0x080027aa   0x080027aa   0x00000002   Code   RO         3728    i.HAL_UARTEx_RxEventCallback  stm32f1xx_hal_uart.o
    0x080027ac   0x080027ac   0x00000002   Code   RO         3742    i.HAL_UART_ErrorCallback  stm32f1xx_hal_uart.o
    0x080027ae   0x080027ae   0x00000002   PAD
    0x080027b0   0x080027b0   0x0000026c   Code   RO         3745    i.HAL_UART_IRQHandler  stm32f1xx_hal_uart.o
    0x08002a1c   0x08002a1c   0x00000064   Code   RO         3746    i.HAL_UART_Init     stm32f1xx_hal_uart.o
    0x08002a80   0x08002a80   0x000000b0   Code   RO          478    i.HAL_UART_MspInit  usart.o
    0x08002b30   0x08002b30   0x00000002   Code   RO         3752    i.HAL_UART_RxCpltCallback  stm32f1xx_hal_uart.o
    0x08002b32   0x08002b32   0x0000009a   Code   RO         3754    i.HAL_UART_Transmit  stm32f1xx_hal_uart.o
    0x08002bcc   0x08002bcc   0x00000002   Code   RO         3757    i.HAL_UART_TxCpltCallback  stm32f1xx_hal_uart.o
    0x08002bce   0x08002bce   0x00000002   Code   RO          522    i.HardFault_Handler  stm32f1xx_it.o
    0x08002bd0   0x08002bd0   0x0000002e   Code   RO         2360    i.I2C_IsAcknowledgeFailed  stm32f1xx_hal_i2c.o
    0x08002bfe   0x08002bfe   0x00000002   PAD
    0x08002c00   0x08002c00   0x000000fc   Code   RO         2370    i.I2C_RequestMemoryRead  stm32f1xx_hal_i2c.o
    0x08002cfc   0x08002cfc   0x00000090   Code   RO         2376    i.I2C_WaitOnFlagUntilTimeout  stm32f1xx_hal_i2c.o
    0x08002d8c   0x08002d8c   0x000000bc   Code   RO         2377    i.I2C_WaitOnMasterAddressFlagUntilTimeout  stm32f1xx_hal_i2c.o
    0x08002e48   0x08002e48   0x00000070   Code   RO         2378    i.I2C_WaitOnRXNEFlagUntilTimeout  stm32f1xx_hal_i2c.o
    0x08002eb8   0x08002eb8   0x00000056   Code   RO         2379    i.I2C_WaitOnTXEFlagUntilTimeout  stm32f1xx_hal_i2c.o
    0x08002f0e   0x08002f0e   0x00000002   PAD
    0x08002f10   0x08002f10   0x00000044   Code   RO          311    i.MX_CAN_Init       can.o
    0x08002f54   0x08002f54   0x0000002c   Code   RO          351    i.MX_DMA_Init       dma.o
    0x08002f80   0x08002f80   0x000000ac   Code   RO          285    i.MX_GPIO_Init      gpio.o
    0x0800302c   0x0800302c   0x00000040   Code   RO          377    i.MX_I2C1_Init      i2c.o
    0x0800306c   0x0800306c   0x00000068   Code   RO          420    i.MX_TIM2_Init      tim.o
    0x080030d4   0x080030d4   0x000000bc   Code   RO          421    i.MX_TIM3_Init      tim.o
    0x08003190   0x08003190   0x00000068   Code   RO          422    i.MX_TIM4_Init      tim.o
    0x080031f8   0x080031f8   0x00000038   Code   RO          479    i.MX_USART1_UART_Init  usart.o
    0x08003230   0x08003230   0x00000002   Code   RO          523    i.MemManage_Handler  stm32f1xx_it.o
    0x08003232   0x08003232   0x0000000a   Code   RO          680    i.Motor_LinkImuPID  foc.o
    0x0800323c   0x0800323c   0x00000008   Code   RO          681    i.Motor_LinkPositionPID  foc.o
    0x08003244   0x08003244   0x00000008   Code   RO          682    i.Motor_LinkSensor  foc.o
    0x0800324c   0x0800324c   0x00000048   Code   RO          683    i.Motor_LinkTim     foc.o
    0x08003294   0x08003294   0x000000dc   Code   RO          978    i.MyCan_Init        mycan.o
    0x08003370   0x08003370   0x0000016c   Code   RO          979    i.MyCan_ProcessReceivedMessage  mycan.o
    0x080034dc   0x080034dc   0x0000001c   Code   RO          980    i.MyCan_Receive     mycan.o
    0x080034f8   0x080034f8   0x00000038   Code   RO          981    i.MyCan_SetupFilter  mycan.o
    0x08003530   0x08003530   0x00000002   Code   RO          524    i.NMI_Handler       stm32f1xx_it.o
    0x08003532   0x08003532   0x00000002   Code   RO          525    i.PendSV_Handler    stm32f1xx_it.o
    0x08003534   0x08003534   0x0000011c   Code   RO          941    i.PidCompute        pid.o
    0x08003650   0x08003650   0x0000003a   Code   RO          693    i.Pidloop           foc.o
    0x0800368a   0x0800368a   0x00000002   Code   RO          526    i.SVC_Handler       stm32f1xx_it.o
    0x0800368c   0x0800368c   0x0000006c   Code   RO           13    i.Sensor_ComputerAngleRotations  sensor.o
    0x080036f8   0x080036f8   0x00000050   Code   RO           14    i.Sensor_ComputerVelocity  sensor.o
    0x08003748   0x08003748   0x00000004   Code   RO           19    i.Sensor_Update     sensor.o
    0x0800374c   0x0800374c   0x00000004   Code   RO          527    i.SysTick_Handler   stm32f1xx_it.o
    0x08003750   0x08003750   0x0000005e   Code   RO          187    i.SystemClock_Config  main.o
    0x080037ae   0x080037ae   0x00000002   Code   RO         4080    i.SystemInit        system_stm32f1xx.o
    0x080037b0   0x080037b0   0x0000000c   Code   RO          528    i.TIM2_IRQHandler   stm32f1xx_it.o
    0x080037bc   0x080037bc   0x0000000c   Code   RO          529    i.TIM4_IRQHandler   stm32f1xx_it.o
    0x080037c8   0x080037c8   0x0000006c   Code   RO         2838    i.TIM_Base_SetConfig  stm32f1xx_hal_tim.o
    0x08003834   0x08003834   0x0000001a   Code   RO         2839    i.TIM_CCxChannelCmd  stm32f1xx_hal_tim.o
    0x0800384e   0x0800384e   0x00000014   Code   RO         2849    i.TIM_ETR_SetConfig  stm32f1xx_hal_tim.o
    0x08003862   0x08003862   0x00000010   Code   RO         2850    i.TIM_ITRx_SetConfig  stm32f1xx_hal_tim.o
    0x08003872   0x08003872   0x00000002   PAD
    0x08003874   0x08003874   0x00000050   Code   RO         2851    i.TIM_OC1_SetConfig  stm32f1xx_hal_tim.o
    0x080038c4   0x080038c4   0x00000058   Code   RO         2852    i.TIM_OC2_SetConfig  stm32f1xx_hal_tim.o
    0x0800391c   0x0800391c   0x00000058   Code   RO         2853    i.TIM_OC3_SetConfig  stm32f1xx_hal_tim.o
    0x08003974   0x08003974   0x00000044   Code   RO         2854    i.TIM_OC4_SetConfig  stm32f1xx_hal_tim.o
    0x080039b8   0x080039b8   0x00000022   Code   RO         2856    i.TIM_TI1_ConfigInputStage  stm32f1xx_hal_tim.o
    0x080039da   0x080039da   0x00000024   Code   RO         2858    i.TIM_TI2_ConfigInputStage  stm32f1xx_hal_tim.o
    0x080039fe   0x080039fe   0x00000010   Code   RO         3759    i.UART_DMAAbortOnError  stm32f1xx_hal_uart.o
    0x08003a0e   0x08003a0e   0x0000004e   Code   RO         3769    i.UART_EndRxTransfer  stm32f1xx_hal_uart.o
    0x08003a5c   0x08003a5c   0x000000c2   Code   RO         3771    i.UART_Receive_IT   stm32f1xx_hal_uart.o
    0x08003b1e   0x08003b1e   0x00000002   PAD
    0x08003b20   0x08003b20   0x000000b8   Code   RO         3772    i.UART_SetConfig    stm32f1xx_hal_uart.o
    0x08003bd8   0x08003bd8   0x00000078   Code   RO         3775    i.UART_WaitOnFlagUntilTimeout  stm32f1xx_hal_uart.o
    0x08003c50   0x08003c50   0x0000000c   Code   RO          530    i.USART1_IRQHandler  stm32f1xx_it.o
    0x08003c5c   0x08003c5c   0x0000000c   Code   RO          531    i.USB_LP_CAN1_RX0_IRQHandler  stm32f1xx_it.o
    0x08003c68   0x08003c68   0x00000002   Code   RO          532    i.UsageFault_Handler  stm32f1xx_it.o
    0x08003c6a   0x08003c6a   0x00000002   PAD
    0x08003c6c   0x08003c6c   0x00000020   Code   RO         4358    i.__0printf$8       mc_w.l(printf8.o)
    0x08003c8c   0x08003c8c   0x00000028   Code   RO         4513    i.__ARM_fpclassify  m_ws.l(fpclassify.o)
    0x08003cb4   0x08003cb4   0x00000020   Code   RO         1819    i.__NVIC_SetPriority  stm32f1xx_hal_cortex.o
    0x08003cd4   0x08003cd4   0x00000388   Code   RO         4457    i.__ieee754_rem_pio2  m_ws.l(rred.o)
    0x0800405c   0x0800405c   0x000000fc   Code   RO         4440    i.__kernel_cos      m_ws.l(cos_i.o)
    0x08004158   0x08004158   0x000000aa   Code   RO         4515    i.__kernel_poly     m_ws.l(poly.o)
    0x08004202   0x08004202   0x00000002   PAD
    0x08004204   0x08004204   0x000000ec   Code   RO         4462    i.__kernel_sin      m_ws.l(sin_i.o)
    0x080042f0   0x080042f0   0x00000006   Code   RO         4444    i.__mathlib_dbl_infnan  m_ws.l(dunder.o)
    0x080042f6   0x080042f6   0x0000000c   Code   RO         4446    i.__mathlib_dbl_invalid  m_ws.l(dunder.o)
    0x08004302   0x08004302   0x00000002   PAD
    0x08004304   0x08004304   0x00000010   Code   RO         4449    i.__mathlib_dbl_underflow  m_ws.l(dunder.o)
    0x08004314   0x08004314   0x0000000e   Code   RO         4527    i.__scatterload_copy  mc_w.l(handlers.o)
    0x08004322   0x08004322   0x00000002   Code   RO         4528    i.__scatterload_null  mc_w.l(handlers.o)
    0x08004324   0x08004324   0x0000000e   Code   RO         4529    i.__scatterload_zeroinit  mc_w.l(handlers.o)
    0x08004332   0x08004332   0x00000002   PAD
    0x08004334   0x08004334   0x0000000c   Code   RO         4493    i.__set_errno       mc_w.l(errno.o)
    0x08004340   0x08004340   0x00000022   Code   RO          694    i._electricalAngle  foc.o
    0x08004362   0x08004362   0x00000002   PAD
    0x08004364   0x08004364   0x00000028   Code   RO          695    i._normalizeAngle   foc.o
    0x0800438c   0x0800438c   0x00000410   Code   RO         4365    i._printf_core      mc_w.l(printf8.o)
    0x0800479c   0x0800479c   0x00000024   Code   RO         4366    i._printf_post_padding  mc_w.l(printf8.o)
    0x080047c0   0x080047c0   0x0000002e   Code   RO         4367    i._printf_pre_padding  mc_w.l(printf8.o)
    0x080047ee   0x080047ee   0x00000002   PAD
    0x080047f0   0x080047f0   0x0000009c   Code   RO         4115    i.cos               m_ws.l(cos.o)
    0x0800488c   0x0800488c   0x00000042   Code   RO         4138    i.fmin              m_ws.l(fmin.o)
    0x080048ce   0x080048ce   0x00000002   PAD
    0x080048d0   0x080048d0   0x00000094   Code   RO          696    i.foc_Init          foc.o
    0x08004964   0x08004964   0x00000034   Code   RO          697    i.foc_loop          foc.o
    0x08004998   0x08004998   0x00000004   Code   RO          698    i.foc_move          foc.o
    0x0800499c   0x0800499c   0x00000018   Code   RO          188    i.fputc             main.o
    0x080049b4   0x080049b4   0x0000000c   Code   RO          984    i.getCanRunFlag     mycan.o
    0x080049c0   0x080049c0   0x000001b8   Code   RO          189    i.main              main.o
    0x08004b78   0x08004b78   0x00000160   Code   RO          700    i.setPWM            foc.o
    0x08004cd8   0x08004cd8   0x00000180   Code   RO          701    i.setPhaseVoltage   foc.o
    0x08004e58   0x08004e58   0x000000a0   Code   RO         4123    i.sin               m_ws.l(sin.o)
    0x08004ef8   0x08004ef8   0x0000004c   Code   RO         4131    i.sqrt              m_ws.l(sqrt.o)
    0x08004f44   0x08004f44   0x00000012   Data   RO         1517    .constdata          stm32f1xx_hal_rcc.o
    0x08004f56   0x08004f56   0x00000010   Data   RO         4081    .constdata          system_stm32f1xx.o
    0x08004f66   0x08004f66   0x00000008   Data   RO         4082    .constdata          system_stm32f1xx.o
    0x08004f6e   0x08004f6e   0x00000002   PAD
    0x08004f70   0x08004f70   0x00000030   Data   RO         4441    .constdata          m_ws.l(cos_i.o)
    0x08004fa0   0x08004fa0   0x000000c8   Data   RO         4459    .constdata          m_ws.l(rred.o)
    0x08005068   0x08005068   0x00000028   Data   RO         4463    .constdata          m_ws.l(sin_i.o)
    0x08005090   0x08005090   0x00000020   Data   RO         4525    Region$$Table       anon$$obj.o


    Execution Region RW_IRAM1 (Exec base: 0x20000000, Load base: 0x080050b0, Size: 0x00000878, Max: 0x00020000, ABSOLUTE)

    Exec Addr    Load Addr    Size         Type   Attr      Idx    E Section Name        Object

    0x20000000   0x080050b0   0x00000001   Data   RW           20    .data               sensor.o
    0x20000001   0x080050b1   0x00000003   PAD
    0x20000004   0x080050b4   0x00000008   Data   RW          192    .data               main.o
    0x2000000c   0x080050bc   0x00000008   Data   RW          651    .data               as5600.o
    0x20000014   0x080050c4   0x00000018   Data   RW          888    .data               dwt_delay.o
    0x2000002c   0x080050dc   0x00000001   Data   RW          943    .data               pid.o
    0x2000002d   0x080050dd   0x0000000b   Data   RW          987    .data               mycan.o
    0x20000038   0x080050e8   0x0000000c   Data   RW         1354    .data               stm32f1xx_hal.o
    0x20000044   0x080050f4   0x00000004   Data   RW         4083    .data               system_stm32f1xx.o
    0x20000048   0x080050f8   0x00000004   Data   RW         4482    .data               mc_w.l(stdout.o)
    0x2000004c   0x080050fc   0x00000004   Data   RW         4494    .data               mc_w.l(errno.o)
    0x20000050        -       0x0000022c   Zero   RW          190    .bss                main.o
    0x2000027c        -       0x00000028   Zero   RW          312    .bss                can.o
    0x200002a4        -       0x00000054   Zero   RW          378    .bss                i2c.o
    0x200002f8        -       0x000000d8   Zero   RW          423    .bss                tim.o
    0x200003d0        -       0x0000008c   Zero   RW          480    .bss                usart.o
    0x2000045c        -       0x0000001c   Zero   RW          986    .bss                mycan.o
    0x20000478        -       0x00000400   Zero   RW            1    STACK               startup_stm32f103xb.o


==============================================================================

Image component sizes


      Code (inc. data)   RO Data    RW Data    ZI Data      Debug   Object Name

       188         30          0          8          0       1156   as5600.o
       192         20          0          0         40       1571   can.o
        44          4          0          0          0        714   dma.o
       144         24          0         24          0       1995   dwt_delay.o
      1170         30          0          0          0       8269   foc.o
       172         12          0          0          0        923   gpio.o
       156         26          0          0         84       1545   i2c.o
       598         72          0          8        556       7073   main.o
       712        186          0         11         28       4300   mycan.o
       284         26          0          1          0       1249   pid.o
       192         24          0          1          0     446413   sensor.o
        36          8        236          0       1024        780   startup_stm32f103xb.o
       164         28          0         12          0       5729   stm32f1xx_hal.o
      1424          0          0          0          0      12707   stm32f1xx_hal_can.o
       234         24          0          0          0      29374   stm32f1xx_hal_cortex.o
       654         36          0          0          0       3283   stm32f1xx_hal_dma.o
       506         34          0          0          0       3413   stm32f1xx_hal_gpio.o
      1812         40          0          0          0       9754   stm32f1xx_hal_i2c.o
        60          8          0          0          0        830   stm32f1xx_hal_msp.o
      1240         84         18          0          0       4992   stm32f1xx_hal_rcc.o
      1780         58          0          0          0      15546   stm32f1xx_hal_tim.o
       108         12          0          0          0       2321   stm32f1xx_hal_tim_ex.o
      1474         10          0          0          0       9740   stm32f1xx_hal_uart.o
        80         30          0          0          0       5778   stm32f1xx_it.o
         2          0         24          4          0       1055   system_stm32f1xx.o
       628         52          0          0        216       3606   tim.o
       232         30          0          0        140       1701   usart.o

    ----------------------------------------------------------------------
     14316        908        312         72       2088     585817   Object Totals
         0          0         32          0          0          0   (incl. Generated)
        30          0          2          3          0          0   (incl. Padding)

    ----------------------------------------------------------------------

      Code (inc. data)   RO Data    RW Data    ZI Data      Debug   Library Member Name

       156          8          0          0          0        104   cos.o
       252         22         48          0          0        124   cos_i.o
        34          6          0          0          0        204   dunder.o
        66          0          0          0          0         84   fmin.o
        40          0          0          0          0         68   fpclassify.o
       170          0          0          0          0         96   poly.o
       904         76        200          0          0        140   rred.o
       160         10          0          0          0        108   sin.o
       236         12         40          0          0        128   sin_i.o
        76          0          0          0          0         84   sqrt.o
         0          0          0          0          0          0   entry.o
         0          0          0          0          0          0   entry10a.o
         0          0          0          0          0          0   entry11a.o
         8          4          0          0          0          0   entry2.o
         4          0          0          0          0          0   entry5.o
         0          0          0          0          0          0   entry7b.o
         0          0          0          0          0          0   entry8b.o
         8          4          0          0          0          0   entry9a.o
        12          6          0          4          0         68   errno.o
        30          0          0          0          0          0   handlers.o
        36          8          0          0          0         68   init.o
         0          0          0          0          0          0   iusefp.o
        30          0          0          0          0         68   llshl.o
        36          0          0          0          0         68   llsshr.o
        32          0          0          0          0         68   llushr.o
        36          0          0          0          0         68   memcpya.o
        36          0          0          0          0        108   memseta.o
      1154         54          0          0          0        352   printf8.o
         0          0          0          4          0          0   stdout.o
        98          0          0          0          0         92   uldiv.o
        20          0          0          0          0         68   cfrcmple.o
        56          0          0          0          0         88   d2f.o
       334          0          0          0          0        148   dadd.o
        96          0          0          0          0         80   dcmp4.o
       222          0          0          0          0        100   ddiv.o
       186          0          0          0          0        176   depilogue.o
        62          0          0          0          0         80   dfixi.o
        34          0          0          0          0         76   dflti.o
        26          0          0          0          0         76   dfltui.o
       228          0          0          0          0         96   dmul.o
        46          0          0          0          0         80   dscalb.o
       162          0          0          0          0        100   dsqrt.o
        38          0          0          0          0         68   f2d.o
       176          0          0          0          0        140   fadd.o
       124          0          0          0          0         88   fdiv.o
       110          0          0          0          0        168   fepilogue.o
        40          0          0          0          0         68   ffixui.o
        18          0          0          0          0         68   fflti.o
        10          0          0          0          0         68   ffltui.o
       100          0          0          0          0         76   fmul.o
        24          0          0          0          0         68   fscalb.o

    ----------------------------------------------------------------------
      5740        210        288          8          0       4080   Library Totals
        14          0          0          0          0          0   (incl. Padding)

    ----------------------------------------------------------------------

      Code (inc. data)   RO Data    RW Data    ZI Data      Debug   Library Name

      2094        134        288          0          0       1140   m_ws.l
      1520         76          0          8          0        960   mc_w.l
      2112          0          0          0          0       1980   mf_w.l

    ----------------------------------------------------------------------
      5740        210        288          8          0       4080   Library Totals

    ----------------------------------------------------------------------

==============================================================================


      Code (inc. data)   RO Data    RW Data    ZI Data      Debug   

     20056       1118        600         80       2088     580377   Grand Totals
     20056       1118        600         80       2088     580377   ELF Image Totals
     20056       1118        600         80          0          0   ROM Totals

==============================================================================

    Total RO  Size (Code + RO Data)                20656 (  20.17kB)
    Total RW  Size (RW Data + ZI Data)              2168 (   2.12kB)
    Total ROM Size (Code + RO Data + RW Data)      20736 (  20.25kB)

==============================================================================

