Component: ARM Compiler 5.06 update 5 (build 528) Tool: armlink [4d35e2]

==============================================================================

Section Cross References

    startup_stm32f103xb.o(RESET) refers to startup_stm32f103xb.o(STACK) for __initial_sp
    startup_stm32f103xb.o(RESET) refers to startup_stm32f103xb.o(.text) for Reset_Handler
    startup_stm32f103xb.o(RESET) refers to stm32f1xx_it.o(i.NMI_Handler) for NMI_Handler
    startup_stm32f103xb.o(RESET) refers to stm32f1xx_it.o(i.HardFault_Handler) for HardFault_Handler
    startup_stm32f103xb.o(RESET) refers to stm32f1xx_it.o(i.MemManage_Handler) for MemManage_Handler
    startup_stm32f103xb.o(RESET) refers to stm32f1xx_it.o(i.BusFault_Handler) for BusFault_Handler
    startup_stm32f103xb.o(RESET) refers to stm32f1xx_it.o(i.UsageFault_Handler) for UsageFault_Handler
    startup_stm32f103xb.o(RESET) refers to stm32f1xx_it.o(i.SVC_Handler) for SVC_Handler
    startup_stm32f103xb.o(RESET) refers to stm32f1xx_it.o(i.DebugMon_Handler) for DebugMon_Handler
    startup_stm32f103xb.o(RESET) refers to stm32f1xx_it.o(i.PendSV_Handler) for PendSV_Handler
    startup_stm32f103xb.o(RESET) refers to stm32f1xx_it.o(i.SysTick_Handler) for SysTick_Handler
    startup_stm32f103xb.o(RESET) refers to stm32f1xx_it.o(i.DMA1_Channel5_IRQHandler) for DMA1_Channel5_IRQHandler
    startup_stm32f103xb.o(RESET) refers to stm32f1xx_it.o(i.TIM2_IRQHandler) for TIM2_IRQHandler
    startup_stm32f103xb.o(RESET) refers to stm32f1xx_it.o(i.TIM4_IRQHandler) for TIM4_IRQHandler
    startup_stm32f103xb.o(RESET) refers to stm32f1xx_it.o(i.USART1_IRQHandler) for USART1_IRQHandler
    startup_stm32f103xb.o(.text) refers to system_stm32f1xx.o(i.SystemInit) for SystemInit
    startup_stm32f103xb.o(.text) refers to entry.o(.ARM.Collect$$$$00000000) for __main
    sensor.o(i.Sensor_ComputerAngleRotations) refers to as5600.o(i.AS5600_ReadAngle) for AS5600_ReadAngle
    sensor.o(i.Sensor_ComputerAngleRotations) refers to fadd.o(.text) for __aeabi_fsub
    sensor.o(i.Sensor_ComputerAngleRotations) refers to fflti.o(.text) for __aeabi_i2f
    sensor.o(i.Sensor_ComputerAngleRotations) refers to fscalb.o(.text) for __ARM_scalbnf
    sensor.o(i.Sensor_ComputerAngleRotations) refers to fmul.o(.text) for __aeabi_fmul
    sensor.o(i.Sensor_ComputerAngleRotations) refers to sensor.o(.data) for .data
    sensor.o(i.Sensor_ComputerVelocity) refers to sensor.o(i.Sensor_ComputerAngleRotations) for Sensor_ComputerAngleRotations
    sensor.o(i.Sensor_ComputerVelocity) refers to dwt_delay.o(i.DWT_Get_Microsecond) for DWT_Get_Microsecond
    sensor.o(i.Sensor_ComputerVelocity) refers to fflti.o(.text) for __aeabi_i2f
    sensor.o(i.Sensor_ComputerVelocity) refers to fadd.o(.text) for __aeabi_fsub
    sensor.o(i.Sensor_ComputerVelocity) refers to fmul.o(.text) for __aeabi_fmul
    sensor.o(i.Sensor_ComputerVelocity) refers to fdiv.o(.text) for __aeabi_fdiv
    sensor.o(i.Sensor_ReadAngle) refers to as5600.o(i.AS5600_ReadAngle) for AS5600_ReadAngle
    sensor.o(i.Sensor_Update) refers to sensor.o(i.Sensor_ComputerVelocity) for Sensor_ComputerVelocity
    main.o(i.HAL_TIM_PeriodElapsedCallback) refers to main.o(.data) for .data
    main.o(i.SystemClock_Config) refers to memseta.o(.text) for __aeabi_memclr4
    main.o(i.SystemClock_Config) refers to stm32f1xx_hal_rcc.o(i.HAL_RCC_OscConfig) for HAL_RCC_OscConfig
    main.o(i.SystemClock_Config) refers to stm32f1xx_hal_rcc.o(i.HAL_RCC_ClockConfig) for HAL_RCC_ClockConfig
    main.o(i.fputc) refers to stm32f1xx_hal_uart.o(i.HAL_UART_Transmit) for HAL_UART_Transmit
    main.o(i.fputc) refers to usart.o(.bss) for huart1
    main.o(i.main) refers to stm32f1xx_hal.o(i.HAL_Init) for HAL_Init
    main.o(i.main) refers to main.o(i.SystemClock_Config) for SystemClock_Config
    main.o(i.main) refers to gpio.o(i.MX_GPIO_Init) for MX_GPIO_Init
    main.o(i.main) refers to dma.o(i.MX_DMA_Init) for MX_DMA_Init
    main.o(i.main) refers to i2c.o(i.MX_I2C1_Init) for MX_I2C1_Init
    main.o(i.main) refers to tim.o(i.MX_TIM3_Init) for MX_TIM3_Init
    main.o(i.main) refers to usart.o(i.MX_USART1_UART_Init) for MX_USART1_UART_Init
    main.o(i.main) refers to tim.o(i.MX_TIM4_Init) for MX_TIM4_Init
    main.o(i.main) refers to tim.o(i.MX_TIM2_Init) for MX_TIM2_Init
    main.o(i.main) refers to memcpya.o(.text) for __aeabi_memcpy4
    main.o(i.main) refers to foc.o(i.Motor_LinkPositionPID) for Motor_LinkPositionPID
    main.o(i.main) refers to foc.o(i.Motor_LinkSensor) for Motor_LinkSensor
    main.o(i.main) refers to foc.o(i.Motor_LinkTim) for Motor_LinkTim
    main.o(i.main) refers to dwt_delay.o(i.DWT_Timer_Init) for DWT_Timer_Init
    main.o(i.main) refers to modbus.o(i.modbus_init) for modbus_init
    main.o(i.main) refers to as5600.o(i.AS5600_checkMagnet) for AS5600_checkMagnet
    main.o(i.main) refers to stm32f1xx_hal_gpio.o(i.HAL_GPIO_WritePin) for HAL_GPIO_WritePin
    main.o(i.main) refers to modbus.o(i.modbus_loop) for modbus_loop
[...]
    ../clib/microlib/string/memset.c         0x00000000   Number         0  memseta.o ABSOLUTE
    ../clib/microlib/stubs.s                 0x00000000   Number         0  iusefp.o ABSOLUTE
    ../fplib/microlib/d2f.c                  0x00000000   Number         0  d2f.o ABSOLUTE
    ../fplib/microlib/f2d.c                  0x00000000   Number         0  f2d.o ABSOLUTE
    ../fplib/microlib/fpadd.c                0x00000000   Number         0  dadd.o ABSOLUTE
    ../fplib/microlib/fpadd.c                0x00000000   Number         0  fadd.o ABSOLUTE
    ../fplib/microlib/fpcmp4.c               0x00000000   Number         0  dcmp4.o ABSOLUTE
    ../fplib/microlib/fpdiv.c                0x00000000   Number         0  ddiv.o ABSOLUTE
    ../fplib/microlib/fpdiv.c                0x00000000   Number         0  fdiv.o ABSOLUTE
    ../fplib/microlib/fpepilogue.c           0x00000000   Number         0  fepilogue.o ABSOLUTE
    ../fplib/microlib/fpepilogue.c           0x00000000   Number         0  depilogue.o ABSOLUTE
    ../fplib/microlib/fpfix.c                0x00000000   Number         0  ffixui.o ABSOLUTE
    ../fplib/microlib/fpfix.c                0x00000000   Number         0  dfixi.o ABSOLUTE
    ../fplib/microlib/fpflt.c                0x00000000   Number         0  dflti.o ABSOLUTE
    ../fplib/microlib/fpflt.c                0x00000000   Number         0  ffltui.o ABSOLUTE
    ../fplib/microlib/fpflt.c                0x00000000   Number         0  fflti.o ABSOLUTE
    ../fplib/microlib/fpflt.c                0x00000000   Number         0  dfltui.o ABSOLUTE
    ../fplib/microlib/fpmul.c                0x00000000   Number         0  dmul.o ABSOLUTE
    ../fplib/microlib/fpmul.c                0x00000000   Number         0  fmul.o ABSOLUTE
    ../fplib/microlib/fpscalb.c              0x00000000   Number         0  dscalb.o ABSOLUTE
    ../fplib/microlib/fpscalb.c              0x00000000   Number         0  fscalb.o ABSOLUTE
    ../fplib/microlib/fpsqrt.c               0x00000000   Number         0  dsqrt.o ABSOLUTE
    ../mathlib/cos.c                         0x00000000   Number         0  cos_x.o ABSOLUTE
    ../mathlib/cos.c                         0x00000000   Number         0  cos.o ABSOLUTE
    ../mathlib/cos_i.c                       0x00000000   Number         0  cos_i.o ABSOLUTE
    ../mathlib/dunder.c                      0x00000000   Number         0  dunder.o ABSOLUTE
    ../mathlib/fmax.c                        0x00000000   Number         0  fmin.o ABSOLUTE
    ../mathlib/fpclassify.c                  0x00000000   Number         0  fpclassify.o ABSOLUTE
    ../mathlib/poly.c                        0x00000000   Number         0  poly.o ABSOLUTE
    ../mathlib/rred.c                        0x00000000   Number         0  rred.o ABSOLUTE
    ../mathlib/sin.c                         0x00000000   Number         0  sin_x.o ABSOLUTE
    ../mathlib/sin.c                         0x00000000   Number         0  sin.o ABSOLUTE
    ../mathlib/sin_i.c                       0x00000000   Number         0  sin_i.o ABSOLUTE
    ../mathlib/sin_i.c                       0x00000000   Number         0  sin_i_x.o ABSOLUTE
    ../mathlib/sqrt.c                        0x00000000   Number         0  sqrt.o ABSOLUTE
    ../mathlib/sqrt.c                        0x00000000   Number         0  sqrt_x.o ABSOLUTE
    ..\BSP\AS5600.c                          0x00000000   Number         0  as5600.o ABSOLUTE
    ..\BSP\FOC.c                             0x00000000   Number         0  foc.o ABSOLUTE
    ..\BSP\LED.c                             0x00000000   Number         0  led.o ABSOLUTE
    ..\BSP\dwt_delay.c                       0x00000000   Number         0  dwt_delay.o ABSOLUTE
    ..\BSP\modbus.c                          0x00000000   Number         0  modbus.o ABSOLUTE
    ..\BSP\pid.c                             0x00000000   Number         0  pid.o ABSOLUTE
    ..\BSP\sensor.c                          0x00000000   Number         0  sensor.o ABSOLUTE
    ..\Core\Src\dma.c                        0x00000000   Number         0  dma.o ABSOLUTE
    ..\Core\Src\gpio.c                       0x00000000   Number         0  gpio.o ABSOLUTE
    ..\Core\Src\i2c.c                        0x00000000   Number         0  i2c.o ABSOLUTE
    ..\Core\Src\main.c                       0x00000000   Number         0  main.o ABSOLUTE
    ..\Core\Src\stm32f1xx_hal_msp.c          0x00000000   Number         0  stm32f1xx_hal_msp.o ABSOLUTE
    ..\Core\Src\stm32f1xx_it.c               0x00000000   Number         0  stm32f1xx_it.o ABSOLUTE
    ..\Core\Src\system_stm32f1xx.c           0x00000000   Number         0  system_stm32f1xx.o ABSOLUTE
    ..\Core\Src\tim.c                        0x00000000   Number         0  tim.o ABSOLUTE
    ..\Core\Src\usart.c                      0x00000000   Number         0  usart.o ABSOLUTE
    ..\Drivers\STM32F1xx_HAL_Driver\Src\stm32f1xx_hal.c 0x00000000   Number         0  stm32f1xx_hal.o ABSOLUTE
    ..\Drivers\STM32F1xx_HAL_Driver\Src\stm32f1xx_hal_cortex.c 0x00000000   Number         0  stm32f1xx_hal_cortex.o ABSOLUTE
    ..\Drivers\STM32F1xx_HAL_Driver\Src\stm32f1xx_hal_dma.c 0x00000000   Number         0  stm32f1xx_hal_dma.o ABSOLUTE
    ..\Drivers\STM32F1xx_HAL_Driver\Src\stm32f1xx_hal_exti.c 0x00000000   Number         0  stm32f1xx_hal_exti.o ABSOLUTE
    ..\Drivers\STM32F1xx_HAL_Driver\Src\stm32f1xx_hal_flash.c 0x00000000   Number         0  stm32f1xx_hal_flash.o ABSOLUTE
    ..\Drivers\STM32F1xx_HAL_Driver\Src\stm32f1xx_hal_flash_ex.c 0x00000000   Number         0  stm32f1xx_hal_flash_ex.o ABSOLUTE
    ..\Drivers\STM32F1xx_HAL_Driver\Src\stm32f1xx_hal_gpio.c 0x00000000   Number         0  stm32f1xx_hal_gpio.o ABSOLUTE
    ..\Drivers\STM32F1xx_HAL_Driver\Src\stm32f1xx_hal_gpio_ex.c 0x00000000   Number         0  stm32f1xx_hal_gpio_ex.o ABSOLUTE
    ..\Drivers\STM32F1xx_HAL_Driver\Src\stm32f1xx_hal_i2c.c 0x00000000   Number         0  stm32f1xx_hal_i2c.o ABSOLUTE
    ..\Drivers\STM32F1xx_HAL_Driver\Src\stm32f1xx_hal_pwr.c 0x00000000   Number         0  stm32f1xx_hal_pwr.o ABSOLUTE
    ..\Drivers\STM32F1xx_HAL_Driver\Src\stm32f1xx_hal_rcc.c 0x00000000   Number         0  stm32f1xx_hal_rcc.o ABSOLUTE
    ..\Drivers\STM32F1xx_HAL_Driver\Src\stm32f1xx_hal_rcc_ex.c 0x00000000   Number         0  stm32f1xx_hal_rcc_ex.o ABSOLUTE
    ..\Drivers\STM32F1xx_HAL_Driver\Src\stm32f1xx_hal_tim.c 0x00000000   Number         0  stm32f1xx_hal_tim.o ABSOLUTE
    ..\Drivers\STM32F1xx_HAL_Driver\Src\stm32f1xx_hal_tim_ex.c 0x00000000   Number         0  stm32f1xx_hal_tim_ex.o ABSOLUTE
    ..\Drivers\STM32F1xx_HAL_Driver\Src\stm32f1xx_hal_uart.c 0x00000000   Number         0  stm32f1xx_hal_uart.o ABSOLUTE
    ..\\BSP\\AS5600.c                        0x00000000   Number         0  as5600.o ABSOLUTE
    ..\\BSP\\FOC.c                           0x00000000   Number         0  foc.o ABSOLUTE
    ..\\BSP\\LED.c                           0x00000000   Number         0  led.o ABSOLUTE
    ..\\BSP\\dwt_delay.c                     0x00000000   Number         0  dwt_delay.o ABSOLUTE
    ..\\BSP\\modbus.c                        0x00000000   Number         0  modbus.o ABSOLUTE
    ..\\BSP\\pid.c                           0x00000000   Number         0  pid.o ABSOLUTE
    ..\\BSP\\sensor.c                        0x00000000   Number         0  sensor.o ABSOLUTE
    cdcmple.s                                0x00000000   Number         0  cdcmple.o ABSOLUTE
    cfrcmple.s                               0x00000000   Number         0  cfrcmple.o ABSOLUTE
    dc.s                                     0x00000000   Number         0  dc.o ABSOLUTE
    handlers.s                               0x00000000   Number         0  handlers.o ABSOLUTE
    init.s                                   0x00000000   Number         0  init.o ABSOLUTE
    startup_stm32f103xb.s                    0x00000000   Number         0  startup_stm32f103xb.o ABSOLUTE
    RESET                                    0x08000000   Section      236  startup_stm32f103xb.o(RESET)
    .ARM.Collect$$$$00000000                 0x080000ec   Section        0  entry.o(.ARM.Collect$$$$00000000)
    .ARM.Collect$$$$00000001                 0x080000ec   Section        4  entry2.o(.ARM.Collect$$$$00000001)
    .ARM.Collect$$$$00000004                 0x080000f0   Section        4  entry5.o(.ARM.Collect$$$$00000004)
    .ARM.Collect$$$$00000008                 0x080000f4   Section        0  entry7b.o(.ARM.Collect$$$$00000008)
    .ARM.Collect$$$$0000000A                 0x080000f4   Section        0  entry8b.o(.ARM.Collect$$$$0000000A)
    .ARM.Collect$$$$0000000B                 0x080000f4   Section        8  entry9a.o(.ARM.Collect$$$$0000000B)
    .ARM.Collect$$$$0000000D                 0x080000fc   Section        0  entry10a.o(.ARM.Collect$$$$0000000D)
    .ARM.Collect$$$$0000000F                 0x080000fc   Section        0  entry11a.o(.ARM.Collect$$$$0000000F)
    .ARM.Collect$$$$00002712                 0x080000fc   Section        4  entry2.o(.ARM.Collect$$$$00002712)
    __lit__00000000                          0x080000fc   Data           4  entry2.o(.ARM.Collect$$$$00002712)
    .text                                    0x08000100   Section       36  startup_stm32f103xb.o(.text)
    .text                                    0x08000124   Section        0  llushr.o(.text)
    .text                                    0x08000144   Section        0  memcpya.o(.text)
    .text                                    0x08000168   Section        0  memseta.o(.text)
    .text                                    0x0800018c   Section        0  fadd.o(.text)
    .text                                    0x0800023c   Section        0  fmul.o(.text)
    .text                                    0x080002a0   Section        0  fdiv.o(.text)
    .text                                    0x0800031c   Section        0  fscalb.o(.text)
    .text                                    0x08000334   Section        0  dadd.o(.text)
    .text                                    0x08000482   Section        0  dmul.o(.text)
    .text                                    0x08000566   Section        0  ddiv.o(.text)
    .text                                    0x08000644   Section        0  dscalb.o(.text)
    .text                                    0x08000672   Section        0  fflti.o(.text)
    .text                                    0x08000684   Section        0  ffltui.o(.text)
    .text                                    0x0800068e   Section        0  ffixui.o(.text)
    .text                                    0x080006b6   Section        0  f2d.o(.text)
    .text                                    0x080006dc   Section        0  d2f.o(.text)
    .text                                    0x08000714   Section       20  cfrcmple.o(.text)
    .text                                    0x08000728   Section        0  llshl.o(.text)
    .text                                    0x08000746   Section        0  llsshr.o(.text)
    .text                                    0x0800076a   Section        0  iusefp.o(.text)
    .text                                    0x0800076a   Section        0  fepilogue.o(.text)
    .text                                    0x080007d8   Section        0  depilogue.o(.text)
    .text                                    0x08000892   Section        0  dsqrt.o(.text)
    .text                                    0x08000934   Section        0  dcmp4.o(.text)
    .text                                    0x08000994   Section       36  init.o(.text)
    .text                                    0x080009b8   Section        0  dflti.o(.text)
    .text                                    0x080009da   Section        0  dfltui.o(.text)
    .text                                    0x080009f4   Section        0  dfixi.o(.text)
    i.AS5600_ReadAngle                       0x08000a34   Section        0  as5600.o(i.AS5600_ReadAngle)
    i.AS5600_checkMagnet                     0x08000aac   Section        0  as5600.o(i.AS5600_checkMagnet)
    i.BusFault_Handler                       0x08000af0   Section        0  stm32f1xx_it.o(i.BusFault_Handler)
    i.DMA1_Channel5_IRQHandler               0x08000af4   Section        0  stm32f1xx_it.o(i.DMA1_Channel5_IRQHandler)
    i.DMA_SetConfig                          0x08000b00   Section        0  stm32f1xx_hal_dma.o(i.DMA_SetConfig)
    DMA_SetConfig                            0x08000b01   Thumb Code    42  stm32f1xx_hal_dma.o(i.DMA_SetConfig)
    i.DWT_Get_Microsecond                    0x08000b2c   Section        0  dwt_delay.o(i.DWT_Get_Microsecond)
    i.DWT_Timer_Init                         0x08000b78   Section        0  dwt_delay.o(i.DWT_Timer_Init)
    i.DebugMon_Handler                       0x08000bbc   Section        0  stm32f1xx_it.o(i.DebugMon_Handler)
    i.Error_Handler                          0x08000bbe   Section        0  main.o(i.Error_Handler)
    i.HAL_DMA_Abort                          0x08000bc2   Section        0  stm32f1xx_hal_dma.o(i.HAL_DMA_Abort)
    i.HAL_DMA_Abort_IT                       0x08000c08   Section        0  stm32f1xx_hal_dma.o(i.HAL_DMA_Abort_IT)
    i.HAL_DMA_IRQHandler                     0x08000ca0   Section        0  stm32f1xx_hal_dma.o(i.HAL_DMA_IRQHandler)
    i.HAL_DMA_Init                           0x08000df4   Section        0  stm32f1xx_hal_dma.o(i.HAL_DMA_Init)
    i.HAL_DMA_Start_IT                       0x08000e50   Section        0  stm32f1xx_hal_dma.o(i.HAL_DMA_Start_IT)
    i.HAL_Delay                              0x08000ec0   Section        0  stm32f1xx_hal.o(i.HAL_Delay)
    i.HAL_GPIO_Init                          0x08000ee4   Section        0  stm32f1xx_hal_gpio.o(i.HAL_GPIO_Init)
    i.HAL_GPIO_TogglePin                     0x080010c4   Section        0  stm32f1xx_hal_gpio.o(i.HAL_GPIO_TogglePin)
    i.HAL_GPIO_WritePin                      0x080010d4   Section        0  stm32f1xx_hal_gpio.o(i.HAL_GPIO_WritePin)
    i.HAL_GetTick                            0x080010e0   Section        0  stm32f1xx_hal.o(i.HAL_GetTick)
    i.HAL_I2C_Init                           0x080010ec   Section        0  stm32f1xx_hal_i2c.o(i.HAL_I2C_Init)
    i.HAL_I2C_Mem_Read                       0x08001274   Section        0  stm32f1xx_hal_i2c.o(i.HAL_I2C_Mem_Read)
    i.HAL_I2C_MspInit                        0x080014c4   Section        0  i2c.o(i.HAL_I2C_MspInit)
    i.HAL_IncTick                            0x08001520   Section        0  stm32f1xx_hal.o(i.HAL_IncTick)
    i.HAL_Init                               0x08001530   Section        0  stm32f1xx_hal.o(i.HAL_Init)
    i.HAL_InitTick                           0x08001554   Section        0  stm32f1xx_hal.o(i.HAL_InitTick)
    i.HAL_MspInit                            0x08001594   Section        0  stm32f1xx_hal_msp.o(i.HAL_MspInit)
    i.HAL_NVIC_EnableIRQ                     0x080015d0   Section        0  stm32f1xx_hal_cortex.o(i.HAL_NVIC_EnableIRQ)
    i.HAL_NVIC_SetPriority                   0x080015ec   Section        0  stm32f1xx_hal_cortex.o(i.HAL_NVIC_SetPriority)
    i.HAL_NVIC_SetPriorityGrouping           0x0800162c   Section        0  stm32f1xx_hal_cortex.o(i.HAL_NVIC_SetPriorityGrouping)
    i.HAL_RCC_ClockConfig                    0x08001650   Section        0  stm32f1xx_hal_rcc.o(i.HAL_RCC_ClockConfig)
    i.HAL_RCC_GetPCLK1Freq                   0x0800177c   Section        0  stm32f1xx_hal_rcc.o(i.HAL_RCC_GetPCLK1Freq)
    i.HAL_RCC_GetPCLK2Freq                   0x0800179c   Section        0  stm32f1xx_hal_rcc.o(i.HAL_RCC_GetPCLK2Freq)
    i.HAL_RCC_GetSysClockFreq                0x080017bc   Section        0  stm32f1xx_hal_rcc.o(i.HAL_RCC_GetSysClockFreq)
    i.HAL_RCC_OscConfig                      0x08001808   Section        0  stm32f1xx_hal_rcc.o(i.HAL_RCC_OscConfig)
    i.HAL_SYSTICK_Config                     0x08001b28   Section        0  stm32f1xx_hal_cortex.o(i.HAL_SYSTICK_Config)
    i.HAL_TIMEx_BreakCallback                0x08001b50   Section        0  stm32f1xx_hal_tim_ex.o(i.HAL_TIMEx_BreakCallback)
    i.HAL_TIMEx_CommutCallback               0x08001b52   Section        0  stm32f1xx_hal_tim_ex.o(i.HAL_TIMEx_CommutCallback)
    i.HAL_TIMEx_MasterConfigSynchronization  0x08001b54   Section        0  stm32f1xx_hal_tim_ex.o(i.HAL_TIMEx_MasterConfigSynchronization)
    i.HAL_TIM_Base_Init                      0x08001bbc   Section        0  stm32f1xx_hal_tim.o(i.HAL_TIM_Base_Init)
    i.HAL_TIM_Base_MspInit                   0x08001c18   Section        0  tim.o(i.HAL_TIM_Base_MspInit)
    i.HAL_TIM_Base_Start_IT                  0x08001c90   Section        0  stm32f1xx_hal_tim.o(i.HAL_TIM_Base_Start_IT)
    i.HAL_TIM_ConfigClockSource              0x08001ce8   Section        0  stm32f1xx_hal_tim.o(i.HAL_TIM_ConfigClockSource)
    i.HAL_TIM_IC_CaptureCallback             0x08001dc4   Section        0  stm32f1xx_hal_tim.o(i.HAL_TIM_IC_CaptureCallback)
    i.HAL_TIM_IRQHandler                     0x08001dc6   Section        0  stm32f1xx_hal_tim.o(i.HAL_TIM_IRQHandler)
    i.HAL_TIM_MspPostInit                    0x08001f2c   Section        0  tim.o(i.HAL_TIM_MspPostInit)
    i.HAL_TIM_OC_DelayElapsedCallback        0x08001f9c   Section        0  stm32f1xx_hal_tim.o(i.HAL_TIM_OC_DelayElapsedCallback)
    i.HAL_TIM_PWM_ConfigChannel              0x08001f9e   Section        0  stm32f1xx_hal_tim.o(i.HAL_TIM_PWM_ConfigChannel)
    i.HAL_TIM_PWM_Init                       0x0800206a   Section        0  stm32f1xx_hal_tim.o(i.HAL_TIM_PWM_Init)
    i.HAL_TIM_PWM_MspInit                    0x080020c4   Section        0  stm32f1xx_hal_tim.o(i.HAL_TIM_PWM_MspInit)
    i.HAL_TIM_PWM_PulseFinishedCallback      0x080020c6   Section        0  stm32f1xx_hal_tim.o(i.HAL_TIM_PWM_PulseFinishedCallback)
    i.HAL_TIM_PWM_Start                      0x080020c8   Section        0  stm32f1xx_hal_tim.o(i.HAL_TIM_PWM_Start)
    i.HAL_TIM_PeriodElapsedCallback          0x08002164   Section        0  main.o(i.HAL_TIM_PeriodElapsedCallback)
    i.HAL_TIM_TriggerCallback                0x08002188   Section        0  stm32f1xx_hal_tim.o(i.HAL_TIM_TriggerCallback)
    i.HAL_UARTEx_ReceiveToIdle_DMA           0x0800218a   Section        0  stm32f1xx_hal_uart.o(i.HAL_UARTEx_ReceiveToIdle_DMA)
    i.HAL_UARTEx_RxEventCallback             0x080021d8   Section        0  modbus.o(i.HAL_UARTEx_RxEventCallback)
    i.HAL_UART_ErrorCallback                 0x08002200   Section        0  stm32f1xx_hal_uart.o(i.HAL_UART_ErrorCallback)
    i.HAL_UART_IRQHandler                    0x08002204   Section        0  stm32f1xx_hal_uart.o(i.HAL_UART_IRQHandler)
    i.HAL_UART_Init                          0x08002470   Section        0  stm32f1xx_hal_uart.o(i.HAL_UART_Init)
    i.HAL_UART_MspInit                       0x080024d4   Section        0  usart.o(i.HAL_UART_MspInit)
    i.HAL_UART_RxCpltCallback                0x08002584   Section        0  stm32f1xx_hal_uart.o(i.HAL_UART_RxCpltCallback)
    i.HAL_UART_RxHalfCpltCallback            0x08002586   Section        0  stm32f1xx_hal_uart.o(i.HAL_UART_RxHalfCpltCallback)
    i.HAL_UART_TxCpltCallback                0x08002588   Section        0  stm32f1xx_hal_uart.o(i.HAL_UART_TxCpltCallback)
    i.HardFault_Handler                      0x0800258a   Section        0  stm32f1xx_it.o(i.HardFault_Handler)
    i.I2C_IsAcknowledgeFailed                0x0800258c   Section        0  stm32f1xx_hal_i2c.o(i.I2C_IsAcknowledgeFailed)
    I2C_IsAcknowledgeFailed                  0x0800258d   Thumb Code    46  stm32f1xx_hal_i2c.o(i.I2C_IsAcknowledgeFailed)
    i.I2C_RequestMemoryRead                  0x080025bc   Section        0  stm32f1xx_hal_i2c.o(i.I2C_RequestMemoryRead)
    I2C_RequestMemoryRead                    0x080025bd   Thumb Code   246  stm32f1xx_hal_i2c.o(i.I2C_RequestMemoryRead)
    i.I2C_WaitOnFlagUntilTimeout             0x080026b8   Section        0  stm32f1xx_hal_i2c.o(i.I2C_WaitOnFlagUntilTimeout)
    I2C_WaitOnFlagUntilTimeout               0x080026b9   Thumb Code   144  stm32f1xx_hal_i2c.o(i.I2C_WaitOnFlagUntilTimeout)
    i.I2C_WaitOnMasterAddressFlagUntilTimeout 0x08002748   Section        0  stm32f1xx_hal_i2c.o(i.I2C_WaitOnMasterAddressFlagUntilTimeout)
    I2C_WaitOnMasterAddressFlagUntilTimeout  0x08002749   Thumb Code   188  stm32f1xx_hal_i2c.o(i.I2C_WaitOnMasterAddressFlagUntilTimeout)
    i.I2C_WaitOnRXNEFlagUntilTimeout         0x08002804   Section        0  stm32f1xx_hal_i2c.o(i.I2C_WaitOnRXNEFlagUntilTimeout)
    I2C_WaitOnRXNEFlagUntilTimeout           0x08002805   Thumb Code   112  stm32f1xx_hal_i2c.o(i.I2C_WaitOnRXNEFlagUntilTimeout)
    i.I2C_WaitOnTXEFlagUntilTimeout          0x08002874   Section        0  stm32f1xx_hal_i2c.o(i.I2C_WaitOnTXEFlagUntilTimeout)
    I2C_WaitOnTXEFlagUntilTimeout            0x08002875   Thumb Code    86  stm32f1xx_hal_i2c.o(i.I2C_WaitOnTXEFlagUntilTimeout)
    i.MX_DMA_Init                            0x080028cc   Section        0  dma.o(i.MX_DMA_Init)
    i.MX_GPIO_Init                           0x080028f8   Section        0  gpio.o(i.MX_GPIO_Init)
    i.MX_I2C1_Init                           0x080029a4   Section        0  i2c.o(i.MX_I2C1_Init)
    i.MX_TIM2_Init                           0x080029e4   Section        0  tim.o(i.MX_TIM2_Init)
    i.MX_TIM3_Init                           0x08002a4c   Section        0  tim.o(i.MX_TIM3_Init)
    i.MX_TIM4_Init                           0x08002b08   Section        0  tim.o(i.MX_TIM4_Init)
    i.MX_USART1_UART_Init                    0x08002b70   Section        0  usart.o(i.MX_USART1_UART_Init)
    i.MemManage_Handler                      0x08002ba8   Section        0  stm32f1xx_it.o(i.MemManage_Handler)
    i.Motor_LinkPositionPID                  0x08002baa   Section        0  foc.o(i.Motor_LinkPositionPID)
    i.Motor_LinkSensor                       0x08002bb2   Section        0  foc.o(i.Motor_LinkSensor)
    i.Motor_LinkTim                          0x08002bba   Section        0  foc.o(i.Motor_LinkTim)
    i.Motor_SetElectricalpolePairs           0x08002c02   Section        0  foc.o(i.Motor_SetElectricalpolePairs)
    i.Motor_SetFocControlMode                0x08002c06   Section        0  foc.o(i.Motor_SetFocControlMode)
    i.Motor_SetFocDirection                  0x08002c0a   Section        0  foc.o(i.Motor_SetFocDirection)
    i.Motor_SetPositionPID                   0x08002c18   Section        0  foc.o(i.Motor_SetPositionPID)
    i.Motor_SetTarget                        0x08002c20   Section        0  foc.o(i.Motor_SetTarget)
    i.Motor_SetVelocityPID                   0x08002c3e   Section        0  foc.o(i.Motor_SetVelocityPID)
    i.NMI_Handler                            0x08002c46   Section        0  stm32f1xx_it.o(i.NMI_Handler)
    i.PendSV_Handler                         0x08002c48   Section        0  stm32f1xx_it.o(i.PendSV_Handler)
    i.PidCompute                             0x08002c4c   Section        0  pid.o(i.PidCompute)
    i.Pidloop                                0x08002d68   Section        0  foc.o(i.Pidloop)
    i.SVC_Handler                            0x08002d96   Section        0  stm32f1xx_it.o(i.SVC_Handler)
    i.Sensor_ComputerAngleRotations          0x08002d98   Section        0  sensor.o(i.Sensor_ComputerAngleRotations)
    i.Sensor_ComputerVelocity                0x08002e04   Section        0  sensor.o(i.Sensor_ComputerVelocity)
    i.Sensor_Update                          0x08002e54   Section        0  sensor.o(i.Sensor_Update)
    i.SysTick_Handler                        0x08002e58   Section        0  stm32f1xx_it.o(i.SysTick_Handler)
    i.SystemClock_Config                     0x08002e5c   Section        0  main.o(i.SystemClock_Config)
    i.SystemInit                             0x08002eba   Section        0  system_stm32f1xx.o(i.SystemInit)
    i.TIM2_IRQHandler                        0x08002ebc   Section        0  stm32f1xx_it.o(i.TIM2_IRQHandler)
    i.TIM4_IRQHandler                        0x08002ec8   Section        0  stm32f1xx_it.o(i.TIM4_IRQHandler)
    i.TIM_Base_SetConfig                     0x08002ed4   Section        0  stm32f1xx_hal_tim.o(i.TIM_Base_SetConfig)
    i.TIM_CCxChannelCmd                      0x08002f40   Section        0  stm32f1xx_hal_tim.o(i.TIM_CCxChannelCmd)
    i.TIM_ETR_SetConfig                      0x08002f5a   Section        0  stm32f1xx_hal_tim.o(i.TIM_ETR_SetConfig)
    i.TIM_ITRx_SetConfig                     0x08002f6e   Section        0  stm32f1xx_hal_tim.o(i.TIM_ITRx_SetConfig)
    TIM_ITRx_SetConfig                       0x08002f6f   Thumb Code    16  stm32f1xx_hal_tim.o(i.TIM_ITRx_SetConfig)
    i.TIM_OC1_SetConfig                      0x08002f80   Section        0  stm32f1xx_hal_tim.o(i.TIM_OC1_SetConfig)
    TIM_OC1_SetConfig                        0x08002f81   Thumb Code    74  stm32f1xx_hal_tim.o(i.TIM_OC1_SetConfig)
    i.TIM_OC2_SetConfig                      0x08002fd0   Section        0  stm32f1xx_hal_tim.o(i.TIM_OC2_SetConfig)
    i.TIM_OC3_SetConfig                      0x08003028   Section        0  stm32f1xx_hal_tim.o(i.TIM_OC3_SetConfig)
    TIM_OC3_SetConfig                        0x08003029   Thumb Code    82  stm32f1xx_hal_tim.o(i.TIM_OC3_SetConfig)
    i.TIM_OC4_SetConfig                      0x08003080   Section        0  stm32f1xx_hal_tim.o(i.TIM_OC4_SetConfig)
    TIM_OC4_SetConfig                        0x08003081   Thumb Code    64  stm32f1xx_hal_tim.o(i.TIM_OC4_SetConfig)
    i.TIM_TI1_ConfigInputStage               0x080030c4   Section        0  stm32f1xx_hal_tim.o(i.TIM_TI1_ConfigInputStage)
    TIM_TI1_ConfigInputStage                 0x080030c5   Thumb Code    34  stm32f1xx_hal_tim.o(i.TIM_TI1_ConfigInputStage)
    i.TIM_TI2_ConfigInputStage               0x080030e6   Section        0  stm32f1xx_hal_tim.o(i.TIM_TI2_ConfigInputStage)
    TIM_TI2_ConfigInputStage                 0x080030e7   Thumb Code    36  stm32f1xx_hal_tim.o(i.TIM_TI2_ConfigInputStage)
    i.UART_DMAAbortOnError                   0x0800310a   Section        0  stm32f1xx_hal_uart.o(i.UART_DMAAbortOnError)
    UART_DMAAbortOnError                     0x0800310b   Thumb Code    16  stm32f1xx_hal_uart.o(i.UART_DMAAbortOnError)
    i.UART_DMAError                          0x0800311a   Section        0  stm32f1xx_hal_uart.o(i.UART_DMAError)
    UART_DMAError                            0x0800311b   Thumb Code    74  stm32f1xx_hal_uart.o(i.UART_DMAError)
    i.UART_DMAReceiveCplt                    0x08003164   Section        0  stm32f1xx_hal_uart.o(i.UART_DMAReceiveCplt)
    UART_DMAReceiveCplt                      0x08003165   Thumb Code   134  stm32f1xx_hal_uart.o(i.UART_DMAReceiveCplt)
    i.UART_DMARxHalfCplt                     0x080031ea   Section        0  stm32f1xx_hal_uart.o(i.UART_DMARxHalfCplt)
    UART_DMARxHalfCplt                       0x080031eb   Thumb Code    30  stm32f1xx_hal_uart.o(i.UART_DMARxHalfCplt)
    i.UART_EndRxTransfer                     0x08003208   Section        0  stm32f1xx_hal_uart.o(i.UART_EndRxTransfer)
    UART_EndRxTransfer                       0x08003209   Thumb Code    78  stm32f1xx_hal_uart.o(i.UART_EndRxTransfer)
    i.UART_EndTxTransfer                     0x08003256   Section        0  stm32f1xx_hal_uart.o(i.UART_EndTxTransfer)
    UART_EndTxTransfer                       0x08003257   Thumb Code    28  stm32f1xx_hal_uart.o(i.UART_EndTxTransfer)
    i.UART_Receive_IT                        0x08003272   Section        0  stm32f1xx_hal_uart.o(i.UART_Receive_IT)
    UART_Receive_IT                          0x08003273   Thumb Code   194  stm32f1xx_hal_uart.o(i.UART_Receive_IT)
    i.UART_SetConfig                         0x08003334   Section        0  stm32f1xx_hal_uart.o(i.UART_SetConfig)
    UART_SetConfig                           0x08003335   Thumb Code   178  stm32f1xx_hal_uart.o(i.UART_SetConfig)
    i.UART_Start_Receive_DMA                 0x080033ec   Section        0  stm32f1xx_hal_uart.o(i.UART_Start_Receive_DMA)
    i.USART1_IRQHandler                      0x0800347c   Section        0  stm32f1xx_it.o(i.USART1_IRQHandler)
    i.UsageFault_Handler                     0x08003488   Section        0  stm32f1xx_it.o(i.UsageFault_Handler)
    i.__ARM_fpclassify                       0x0800348a   Section        0  fpclassify.o(i.__ARM_fpclassify)
    i.__NVIC_SetPriority                     0x080034b2   Section        0  stm32f1xx_hal_cortex.o(i.__NVIC_SetPriority)
    __NVIC_SetPriority                       0x080034b3   Thumb Code    32  stm32f1xx_hal_cortex.o(i.__NVIC_SetPriority)
    i.__ieee754_rem_pio2                     0x080034d4   Section        0  rred.o(i.__ieee754_rem_pio2)
    i.__kernel_cos                           0x0800385c   Section        0  cos_i.o(i.__kernel_cos)
    i.__kernel_poly                          0x08003958   Section        0  poly.o(i.__kernel_poly)
    i.__kernel_sin                           0x08003a04   Section        0  sin_i.o(i.__kernel_sin)
    i.__mathlib_dbl_infnan                   0x08003af0   Section        0  dunder.o(i.__mathlib_dbl_infnan)
    i.__mathlib_dbl_invalid                  0x08003af6   Section        0  dunder.o(i.__mathlib_dbl_invalid)
    i.__mathlib_dbl_underflow                0x08003b04   Section        0  dunder.o(i.__mathlib_dbl_underflow)
    i.__scatterload_copy                     0x08003b14   Section       14  handlers.o(i.__scatterload_copy)
    i.__scatterload_null                     0x08003b22   Section        2  handlers.o(i.__scatterload_null)
    i.__scatterload_zeroinit                 0x08003b24   Section       14  handlers.o(i.__scatterload_zeroinit)
    i.__set_errno                            0x08003b34   Section        0  errno.o(i.__set_errno)
    i._electricalAngle                       0x08003b40   Section        0  foc.o(i._electricalAngle)
    i._normalizeAngle                        0x08003b64   Section        0  foc.o(i._normalizeAngle)
    i.cos                                    0x08003b8c   Section        0  cos.o(i.cos)
    i.fmin                                   0x08003c28   Section        0  fmin.o(i.fmin)
    i.foc_Init                               0x08003c6c   Section        0  foc.o(i.foc_Init)
    i.foc_loop                               0x08003d00   Section        0  foc.o(i.foc_loop)
    i.foc_move                               0x08003d2a   Section        0  foc.o(i.foc_move)
    i.main                                   0x08003d30   Section        0  main.o(i.main)
    i.modbus_get_motor_start_flag            0x08003ecc   Section        0  modbus.o(i.modbus_get_motor_start_flag)
    i.modbus_init                            0x08003ed8   Section        0  modbus.o(i.modbus_init)
    i.modbus_loop                            0x08003efc   Section        0  modbus.o(i.modbus_loop)
    i.modbus_progress                        0x08003f10   Section        0  modbus.o(i.modbus_progress)
    i.modbus_update                          0x08003fa0   Section        0  modbus.o(i.modbus_update)
    i.setPWM                                 0x08004120   Section        0  foc.o(i.setPWM)
    i.setPhaseVoltage                        0x08004280   Section        0  foc.o(i.setPhaseVoltage)
    i.sin                                    0x08004400   Section        0  sin.o(i.sin)
    i.sqrt                                   0x080044a0   Section        0  sqrt.o(i.sqrt)
    .constdata                               0x080044ec   Section       18  stm32f1xx_hal_rcc.o(.constdata)
    aPredivFactorTable                       0x080044ec   Data           2  stm32f1xx_hal_rcc.o(.constdata)
    aPLLMULFactorTable                       0x080044ee   Data          16  stm32f1xx_hal_rcc.o(.constdata)
    .constdata                               0x080044fe   Section       16  system_stm32f1xx.o(.constdata)
    .constdata                               0x0800450e   Section        8  system_stm32f1xx.o(.constdata)
    .constdata                               0x08004518   Section       48  cos_i.o(.constdata)
    C                                        0x08004518   Data          48  cos_i.o(.constdata)
    .constdata                               0x08004548   Section      200  rred.o(.constdata)
    pio2s                                    0x08004548   Data          48  rred.o(.constdata)
    twooverpi                                0x08004578   Data         152  rred.o(.constdata)
    .constdata                               0x08004610   Section       40  sin_i.o(.constdata)
    S                                        0x08004610   Data          40  sin_i.o(.constdata)
    .data                                    0x20000000   Section        1  sensor.o(.data)
    initialized                              0x20000000   Data           1  sensor.o(.data)
    .data                                    0x20000004   Section        8  main.o(.data)
    .data                                    0x2000000c   Section        8  as5600.o(.data)
    raw_data                                 0x2000000c   Data           2  as5600.o(.data)
    data                                     0x20000010   Data           4  as5600.o(.data)
    .data                                    0x20000014   Section       24  dwt_delay.o(.data)
    g_Initialized                            0x20000014   Data           4  dwt_delay.o(.data)
    g_Timestamp_us                           0x20000018   Data           4  dwt_delay.o(.data)
    g_SysClock                               0x2000001c   Data           4  dwt_delay.o(.data)
    g_UsCNT                                  0x20000020   Data           4  dwt_delay.o(.data)
    told                                     0x20000024   Data           4  dwt_delay.o(.data)
    tcnt                                     0x20000028   Data           4  dwt_delay.o(.data)
    .data                                    0x2000002c   Section        1  pid.o(.data)
    count                                    0x2000002c   Data           1  pid.o(.data)
    .data                                    0x2000002e   Section        8  modbus.o(.data)
    .data                                    0x20000038   Section       12  stm32f1xx_hal.o(.data)
    .data                                    0x20000044   Section        4  system_stm32f1xx.o(.data)
    .data                                    0x20000048   Section        4  errno.o(.data)
    _errno                                   0x20000048   Data           4  errno.o(.data)
    .bss                                     0x2000004c   Section      448  main.o(.bss)
    .bss                                     0x2000020c   Section       84  i2c.o(.bss)
    .bss                                     0x20000260   Section      216  tim.o(.bss)
    .bss                                     0x20000338   Section      140  usart.o(.bss)
    .bss                                     0x200003c4   Section      200  modbus.o(.bss)
    STACK                                    0x20000490   Section     1024  startup_stm32f103xb.o(STACK)

    Global Symbols

    Symbol Name                              Value     Ov Type        Size  Object(Section)

    BuildAttributes$$THM_ISAv4$P$D$K$B$S$PE$A:L22UL41UL21$X:L11$S22US41US21$IEEE1$IW$USESV6$~STKCKD$USESV7$~SHL$OTIME$ROPI$IEEEX$EBA8$MICROLIB$REQ8$PRES8$EABIv2 0x00000000   Number         0  anon$$obj.o ABSOLUTE
    __ARM_use_no_argv                        0x00000000   Number         0  main.o ABSOLUTE
    __cpp_initialize__aeabi_                  - Undefined Weak Reference
    __cxa_finalize                            - Undefined Weak Reference
    __decompress                              - Undefined Weak Reference
    _clock_init                               - Undefined Weak Reference
    _microlib_exit                            - Undefined Weak Reference
    __Vectors_Size                           0x000000ec   Number         0  startup_stm32f103xb.o ABSOLUTE
    __Vectors                                0x08000000   Data           4  startup_stm32f103xb.o(RESET)
    __Vectors_End                            0x080000ec   Data           0  startup_stm32f103xb.o(RESET)
    __main                                   0x080000ed   Thumb Code     0  entry.o(.ARM.Collect$$$$00000000)
    _main_stk                                0x080000ed   Thumb Code     0  entry2.o(.ARM.Collect$$$$00000001)
    _main_scatterload                        0x080000f1   Thumb Code     0  entry5.o(.ARM.Collect$$$$00000004)
    __main_after_scatterload                 0x080000f5   Thumb Code     0  entry5.o(.ARM.Collect$$$$00000004)
    _main_clock                              0x080000f5   Thumb Code     0  entry7b.o(.ARM.Collect$$$$00000008)
    _main_cpp_init                           0x080000f5   Thumb Code     0  entry8b.o(.ARM.Collect$$$$0000000A)
    _main_init                               0x080000f5   Thumb Code     0  entry9a.o(.ARM.Collect$$$$0000000B)
    __rt_final_cpp                           0x080000fd   Thumb Code     0  entry10a.o(.ARM.Collect$$$$0000000D)
    __rt_final_exit                          0x080000fd   Thumb Code     0  entry11a.o(.ARM.Collect$$$$0000000F)
    Reset_Handler                            0x08000101   Thumb Code     8  startup_stm32f103xb.o(.text)
    ADC1_2_IRQHandler                        0x0800011b   Thumb Code     0  startup_stm32f103xb.o(.text)
    CAN1_RX1_IRQHandler                      0x0800011b   Thumb Code     0  startup_stm32f103xb.o(.text)
    CAN1_SCE_IRQHandler                      0x0800011b   Thumb Code     0  startup_stm32f103xb.o(.text)
    DMA1_Channel1_IRQHandler                 0x0800011b   Thumb Code     0  startup_stm32f103xb.o(.text)
    DMA1_Channel2_IRQHandler                 0x0800011b   Thumb Code     0  startup_stm32f103xb.o(.text)
    DMA1_Channel3_IRQHandler                 0x0800011b   Thumb Code     0  startup_stm32f103xb.o(.text)
    DMA1_Channel4_IRQHandler                 0x0800011b   Thumb Code     0  startup_stm32f103xb.o(.text)
    DMA1_Channel6_IRQHandler                 0x0800011b   Thumb Code     0  startup_stm32f103xb.o(.text)
    DMA1_Channel7_IRQHandler                 0x0800011b   Thumb Code     0  startup_stm32f103xb.o(.text)
    EXTI0_IRQHandler                         0x0800011b   Thumb Code     0  startup_stm32f103xb.o(.text)
    EXTI15_10_IRQHandler                     0x0800011b   Thumb Code     0  startup_stm32f103xb.o(.text)
    EXTI1_IRQHandler                         0x0800011b   Thumb Code     0  startup_stm32f103xb.o(.text)
    EXTI2_IRQHandler                         0x0800011b   Thumb Code     0  startup_stm32f103xb.o(.text)
    EXTI3_IRQHandler                         0x0800011b   Thumb Code     0  startup_stm32f103xb.o(.text)
    EXTI4_IRQHandler                         0x0800011b   Thumb Code     0  startup_stm32f103xb.o(.text)
    EXTI9_5_IRQHandler                       0x0800011b   Thumb Code     0  startup_stm32f103xb.o(.text)
    FLASH_IRQHandler                         0x0800011b   Thumb Code     0  startup_stm32f103xb.o(.text)
    I2C1_ER_IRQHandler                       0x0800011b   Thumb Code     0  startup_stm32f103xb.o(.text)
    I2C1_EV_IRQHandler                       0x0800011b   Thumb Code     0  startup_stm32f103xb.o(.text)
    I2C2_ER_IRQHandler                       0x0800011b   Thumb Code     0  startup_stm32f103xb.o(.text)
    I2C2_EV_IRQHandler                       0x0800011b   Thumb Code     0  startup_stm32f103xb.o(.text)
    PVD_IRQHandler                           0x0800011b   Thumb Code     0  startup_stm32f103xb.o(.text)
    RCC_IRQHandler                           0x0800011b   Thumb Code     0  startup_stm32f103xb.o(.text)
    RTC_Alarm_IRQHandler                     0x0800011b   Thumb Code     0  startup_stm32f103xb.o(.text)
    RTC_IRQHandler                           0x0800011b   Thumb Code     0  startup_stm32f103xb.o(.text)
    SPI1_IRQHandler                          0x0800011b   Thumb Code     0  startup_stm32f103xb.o(.text)
    SPI2_IRQHandler                          0x0800011b   Thumb Code     0  startup_stm32f103xb.o(.text)
    TAMPER_IRQHandler                        0x0800011b   Thumb Code     0  startup_stm32f103xb.o(.text)
    TIM1_BRK_IRQHandler                      0x0800011b   Thumb Code     0  startup_stm32f103xb.o(.text)
    TIM1_CC_IRQHandler                       0x0800011b   Thumb Code     0  startup_stm32f103xb.o(.text)
    TIM1_TRG_COM_IRQHandler                  0x0800011b   Thumb Code     0  startup_stm32f103xb.o(.text)
    TIM1_UP_IRQHandler                       0x0800011b   Thumb Code     0  startup_stm32f103xb.o(.text)
    TIM3_IRQHandler                          0x0800011b   Thumb Code     0  startup_stm32f103xb.o(.text)
    USART2_IRQHandler                        0x0800011b   Thumb Code     0  startup_stm32f103xb.o(.text)
    USART3_IRQHandler                        0x0800011b   Thumb Code     0  startup_stm32f103xb.o(.text)
    USBWakeUp_IRQHandler                     0x0800011b   Thumb Code     0  startup_stm32f103xb.o(.text)
    USB_HP_CAN1_TX_IRQHandler                0x0800011b   Thumb Code     0  startup_stm32f103xb.o(.text)
    USB_LP_CAN1_RX0_IRQHandler               0x0800011b   Thumb Code     0  startup_stm32f103xb.o(.text)
    WWDG_IRQHandler                          0x0800011b   Thumb Code     0  startup_stm32f103xb.o(.text)
    __aeabi_llsr                             0x08000125   Thumb Code    32  llushr.o(.text)
    _ll_ushift_r                             0x08000125   Thumb Code     0  llushr.o(.text)
    __aeabi_memcpy                           0x08000145   Thumb Code    36  memcpya.o(.text)
    __aeabi_memcpy4                          0x08000145   Thumb Code     0  memcpya.o(.text)
    __aeabi_memcpy8                          0x08000145   Thumb Code     0  memcpya.o(.text)
    __aeabi_memset                           0x08000169   Thumb Code    14  memseta.o(.text)
    __aeabi_memset4                          0x08000169   Thumb Code     0  memseta.o(.text)
    __aeabi_memset8                          0x08000169   Thumb Code     0  memseta.o(.text)
    __aeabi_memclr                           0x08000177   Thumb Code     4  memseta.o(.text)
    __aeabi_memclr4                          0x08000177   Thumb Code     0  memseta.o(.text)
    __aeabi_memclr8                          0x08000177   Thumb Code     0  memseta.o(.text)
    _memset$wrapper                          0x0800017b   Thumb Code    18  memseta.o(.text)
    __aeabi_fadd                             0x0800018d   Thumb Code   164  fadd.o(.text)
    __aeabi_fsub                             0x08000231   Thumb Code     6  fadd.o(.text)
    __aeabi_frsub                            0x08000237   Thumb Code     6  fadd.o(.text)
    __aeabi_fmul                             0x0800023d   Thumb Code   100  fmul.o(.text)
    __aeabi_fdiv                             0x080002a1   Thumb Code   124  fdiv.o(.text)
    __ARM_scalbnf                            0x0800031d   Thumb Code    24  fscalb.o(.text)
    scalbnf                                  0x0800031d   Thumb Code     0  fscalb.o(.text)
    __aeabi_dadd                             0x08000335   Thumb Code   322  dadd.o(.text)
    __aeabi_dsub                             0x08000477   Thumb Code     6  dadd.o(.text)
    __aeabi_drsub                            0x0800047d   Thumb Code     6  dadd.o(.text)
    __aeabi_dmul                             0x08000483   Thumb Code   228  dmul.o(.text)
    __aeabi_ddiv                             0x08000567   Thumb Code   222  ddiv.o(.text)
    __ARM_scalbn                             0x08000645   Thumb Code    46  dscalb.o(.text)
    scalbn                                   0x08000645   Thumb Code     0  dscalb.o(.text)
    __aeabi_i2f                              0x08000673   Thumb Code    18  fflti.o(.text)
    __aeabi_ui2f                             0x08000685   Thumb Code    10  ffltui.o(.text)
    __aeabi_f2uiz                            0x0800068f   Thumb Code    40  ffixui.o(.text)
    __aeabi_f2d                              0x080006b7   Thumb Code    38  f2d.o(.text)
    __aeabi_d2f                              0x080006dd   Thumb Code    56  d2f.o(.text)
    __aeabi_cfrcmple                         0x08000715   Thumb Code    20  cfrcmple.o(.text)
    __aeabi_llsl                             0x08000729   Thumb Code    30  llshl.o(.text)
    _ll_shift_l                              0x08000729   Thumb Code     0  llshl.o(.text)
    __aeabi_lasr                             0x08000747   Thumb Code    36  llsshr.o(.text)
    _ll_sshift_r                             0x08000747   Thumb Code     0  llsshr.o(.text)
    __I$use$fp                               0x0800076b   Thumb Code     0  iusefp.o(.text)
    _float_round                             0x0800076b   Thumb Code    18  fepilogue.o(.text)
    _float_epilogue                          0x0800077d   Thumb Code    92  fepilogue.o(.text)
    _double_round                            0x080007d9   Thumb Code    30  depilogue.o(.text)
    _double_epilogue                         0x080007f7   Thumb Code   156  depilogue.o(.text)
    _dsqrt                                   0x08000893   Thumb Code   162  dsqrt.o(.text)
    __ARM_dcmp4                              0x08000935   Thumb Code    96  dcmp4.o(.text)
    _dcmp4                                   0x08000935   Thumb Code     0  dcmp4.o(.text)
    __scatterload                            0x08000995   Thumb Code    28  init.o(.text)
    __scatterload_rt2                        0x08000995   Thumb Code     0  init.o(.text)
    __aeabi_i2d                              0x080009b9   Thumb Code    34  dflti.o(.text)
    __aeabi_ui2d                             0x080009db   Thumb Code    26  dfltui.o(.text)
    __aeabi_d2iz                             0x080009f5   Thumb Code    62  dfixi.o(.text)
    AS5600_ReadAngle                         0x08000a35   Thumb Code    94  as5600.o(i.AS5600_ReadAngle)
    AS5600_checkMagnet                       0x08000aad   Thumb Code    64  as5600.o(i.AS5600_checkMagnet)
    BusFault_Handler                         0x08000af1   Thumb Code     2  stm32f1xx_it.o(i.BusFault_Handler)
    DMA1_Channel5_IRQHandler                 0x08000af5   Thumb Code     6  stm32f1xx_it.o(i.DMA1_Channel5_IRQHandler)
    DWT_Get_Microsecond                      0x08000b2d   Thumb Code    68  dwt_delay.o(i.DWT_Get_Microsecond)
    DWT_Timer_Init                           0x08000b79   Thumb Code    52  dwt_delay.o(i.DWT_Timer_Init)
    DebugMon_Handler                         0x08000bbd   Thumb Code     2  stm32f1xx_it.o(i.DebugMon_Handler)
    Error_Handler                            0x08000bbf   Thumb Code     4  main.o(i.Error_Handler)
    HAL_DMA_Abort                            0x08000bc3   Thumb Code    70  stm32f1xx_hal_dma.o(i.HAL_DMA_Abort)
    HAL_DMA_Abort_IT                         0x08000c09   Thumb Code   148  stm32f1xx_hal_dma.o(i.HAL_DMA_Abort_IT)
    HAL_DMA_IRQHandler                       0x08000ca1   Thumb Code   316  stm32f1xx_hal_dma.o(i.HAL_DMA_IRQHandler)
    HAL_DMA_Init                             0x08000df5   Thumb Code    84  stm32f1xx_hal_dma.o(i.HAL_DMA_Init)
    HAL_DMA_Start_IT                         0x08000e51   Thumb Code   112  stm32f1xx_hal_dma.o(i.HAL_DMA_Start_IT)
    HAL_Delay                                0x08000ec1   Thumb Code    32  stm32f1xx_hal.o(i.HAL_Delay)
    HAL_GPIO_Init                            0x08000ee5   Thumb Code   446  stm32f1xx_hal_gpio.o(i.HAL_GPIO_Init)
    HAL_GPIO_TogglePin                       0x080010c5   Thumb Code    16  stm32f1xx_hal_gpio.o(i.HAL_GPIO_TogglePin)
    HAL_GPIO_WritePin                        0x080010d5   Thumb Code    10  stm32f1xx_hal_gpio.o(i.HAL_GPIO_WritePin)
    HAL_GetTick                              0x080010e1   Thumb Code     6  stm32f1xx_hal.o(i.HAL_GetTick)
    HAL_I2C_Init                             0x080010ed   Thumb Code   376  stm32f1xx_hal_i2c.o(i.HAL_I2C_Init)
    HAL_I2C_Mem_Read                         0x08001275   Thumb Code   574  stm32f1xx_hal_i2c.o(i.HAL_I2C_Mem_Read)
    HAL_I2C_MspInit                          0x080014c5   Thumb Code    80  i2c.o(i.HAL_I2C_MspInit)
    HAL_IncTick                              0x08001521   Thumb Code    12  stm32f1xx_hal.o(i.HAL_IncTick)
    HAL_Init                                 0x08001531   Thumb Code    32  stm32f1xx_hal.o(i.HAL_Init)
    HAL_InitTick                             0x08001555   Thumb Code    54  stm32f1xx_hal.o(i.HAL_InitTick)
    HAL_MspInit                              0x08001595   Thumb Code    52  stm32f1xx_hal_msp.o(i.HAL_MspInit)
    HAL_NVIC_EnableIRQ                       0x080015d1   Thumb Code    26  stm32f1xx_hal_cortex.o(i.HAL_NVIC_EnableIRQ)
    HAL_NVIC_SetPriority                     0x080015ed   Thumb Code    60  stm32f1xx_hal_cortex.o(i.HAL_NVIC_SetPriority)
    HAL_NVIC_SetPriorityGrouping             0x0800162d   Thumb Code    26  stm32f1xx_hal_cortex.o(i.HAL_NVIC_SetPriorityGrouping)
    HAL_RCC_ClockConfig                      0x08001651   Thumb Code   280  stm32f1xx_hal_rcc.o(i.HAL_RCC_ClockConfig)
    HAL_RCC_GetPCLK1Freq                     0x0800177d   Thumb Code    20  stm32f1xx_hal_rcc.o(i.HAL_RCC_GetPCLK1Freq)
    HAL_RCC_GetPCLK2Freq                     0x0800179d   Thumb Code    20  stm32f1xx_hal_rcc.o(i.HAL_RCC_GetPCLK2Freq)
    HAL_RCC_GetSysClockFreq                  0x080017bd   Thumb Code    58  stm32f1xx_hal_rcc.o(i.HAL_RCC_GetSysClockFreq)
    HAL_RCC_OscConfig                        0x08001809   Thumb Code   778  stm32f1xx_hal_rcc.o(i.HAL_RCC_OscConfig)
    HAL_SYSTICK_Config                       0x08001b29   Thumb Code    40  stm32f1xx_hal_cortex.o(i.HAL_SYSTICK_Config)
    HAL_TIMEx_BreakCallback                  0x08001b51   Thumb Code     2  stm32f1xx_hal_tim_ex.o(i.HAL_TIMEx_BreakCallback)
    HAL_TIMEx_CommutCallback                 0x08001b53   Thumb Code     2  stm32f1xx_hal_tim_ex.o(i.HAL_TIMEx_CommutCallback)
    HAL_TIMEx_MasterConfigSynchronization    0x08001b55   Thumb Code    92  stm32f1xx_hal_tim_ex.o(i.HAL_TIMEx_MasterConfigSynchronization)
    HAL_TIM_Base_Init                        0x08001bbd   Thumb Code    90  stm32f1xx_hal_tim.o(i.HAL_TIM_Base_Init)
    HAL_TIM_Base_MspInit                     0x08001c19   Thumb Code   108  tim.o(i.HAL_TIM_Base_MspInit)
    HAL_TIM_Base_Start_IT                    0x08001c91   Thumb Code    76  stm32f1xx_hal_tim.o(i.HAL_TIM_Base_Start_IT)
    HAL_TIM_ConfigClockSource                0x08001ce9   Thumb Code   220  stm32f1xx_hal_tim.o(i.HAL_TIM_ConfigClockSource)
    HAL_TIM_IC_CaptureCallback               0x08001dc5   Thumb Code     2  stm32f1xx_hal_tim.o(i.HAL_TIM_IC_CaptureCallback)
    HAL_TIM_IRQHandler                       0x08001dc7   Thumb Code   358  stm32f1xx_hal_tim.o(i.HAL_TIM_IRQHandler)
    HAL_TIM_MspPostInit                      0x08001f2d   Thumb Code    94  tim.o(i.HAL_TIM_MspPostInit)
    HAL_TIM_OC_DelayElapsedCallback          0x08001f9d   Thumb Code     2  stm32f1xx_hal_tim.o(i.HAL_TIM_OC_DelayElapsedCallback)
    HAL_TIM_PWM_ConfigChannel                0x08001f9f   Thumb Code   204  stm32f1xx_hal_tim.o(i.HAL_TIM_PWM_ConfigChannel)
    HAL_TIM_PWM_Init                         0x0800206b   Thumb Code    90  stm32f1xx_hal_tim.o(i.HAL_TIM_PWM_Init)
    HAL_TIM_PWM_MspInit                      0x080020c5   Thumb Code     2  stm32f1xx_hal_tim.o(i.HAL_TIM_PWM_MspInit)
    HAL_TIM_PWM_PulseFinishedCallback        0x080020c7   Thumb Code     2  stm32f1xx_hal_tim.o(i.HAL_TIM_PWM_PulseFinishedCallback)
    HAL_TIM_PWM_Start                        0x080020c9   Thumb Code   144  stm32f1xx_hal_tim.o(i.HAL_TIM_PWM_Start)
    HAL_TIM_PeriodElapsedCallback            0x08002165   Thumb Code    26  main.o(i.HAL_TIM_PeriodElapsedCallback)
    HAL_TIM_TriggerCallback                  0x08002189   Thumb Code     2  stm32f1xx_hal_tim.o(i.HAL_TIM_TriggerCallback)
    HAL_UARTEx_ReceiveToIdle_DMA             0x0800218b   Thumb Code    78  stm32f1xx_hal_uart.o(i.HAL_UARTEx_ReceiveToIdle_DMA)
    HAL_UARTEx_RxEventCallback               0x080021d9   Thumb Code    26  modbus.o(i.HAL_UARTEx_RxEventCallback)
    HAL_UART_ErrorCallback                   0x08002201   Thumb Code     2  stm32f1xx_hal_uart.o(i.HAL_UART_ErrorCallback)
    HAL_UART_IRQHandler                      0x08002205   Thumb Code   616  stm32f1xx_hal_uart.o(i.HAL_UART_IRQHandler)
    HAL_UART_Init                            0x08002471   Thumb Code   100  stm32f1xx_hal_uart.o(i.HAL_UART_Init)
    HAL_UART_MspInit                         0x080024d5   Thumb Code   154  usart.o(i.HAL_UART_MspInit)
    HAL_UART_RxCpltCallback                  0x08002585   Thumb Code     2  stm32f1xx_hal_uart.o(i.HAL_UART_RxCpltCallback)
    HAL_UART_RxHalfCpltCallback              0x08002587   Thumb Code     2  stm32f1xx_hal_uart.o(i.HAL_UART_RxHalfCpltCallback)
    HAL_UART_TxCpltCallback                  0x08002589   Thumb Code     2  stm32f1xx_hal_uart.o(i.HAL_UART_TxCpltCallback)
    HardFault_Handler                        0x0800258b   Thumb Code     2  stm32f1xx_it.o(i.HardFault_Handler)
    MX_DMA_Init                              0x080028cd   Thumb Code    40  dma.o(i.MX_DMA_Init)
    MX_GPIO_Init                             0x080028f9   Thumb Code   160  gpio.o(i.MX_GPIO_Init)
    MX_I2C1_Init                             0x080029a5   Thumb Code    50  i2c.o(i.MX_I2C1_Init)
    MX_TIM2_Init                             0x080029e5   Thumb Code   100  tim.o(i.MX_TIM2_Init)
    MX_TIM3_Init                             0x08002a4d   Thumb Code   178  tim.o(i.MX_TIM3_Init)
    MX_TIM4_Init                             0x08002b09   Thumb Code    96  tim.o(i.MX_TIM4_Init)
    MX_USART1_UART_Init                      0x08002b71   Thumb Code    48  usart.o(i.MX_USART1_UART_Init)
    MemManage_Handler                        0x08002ba9   Thumb Code     2  stm32f1xx_it.o(i.MemManage_Handler)
    Motor_LinkPositionPID                    0x08002bab   Thumb Code     8  foc.o(i.Motor_LinkPositionPID)
    Motor_LinkSensor                         0x08002bb3   Thumb Code     8  foc.o(i.Motor_LinkSensor)
    Motor_LinkTim                            0x08002bbb   Thumb Code    72  foc.o(i.Motor_LinkTim)
    Motor_SetElectricalpolePairs             0x08002c03   Thumb Code     4  foc.o(i.Motor_SetElectricalpolePairs)
    Motor_SetFocControlMode                  0x08002c07   Thumb Code     4  foc.o(i.Motor_SetFocControlMode)
    Motor_SetFocDirection                    0x08002c0b   Thumb Code    14  foc.o(i.Motor_SetFocDirection)
    Motor_SetPositionPID                     0x08002c19   Thumb Code     8  foc.o(i.Motor_SetPositionPID)
    Motor_SetTarget                          0x08002c21   Thumb Code    30  foc.o(i.Motor_SetTarget)
    Motor_SetVelocityPID                     0x08002c3f   Thumb Code     8  foc.o(i.Motor_SetVelocityPID)
    NMI_Handler                              0x08002c47   Thumb Code     2  stm32f1xx_it.o(i.NMI_Handler)
    PendSV_Handler                           0x08002c49   Thumb Code     2  stm32f1xx_it.o(i.PendSV_Handler)
    PidCompute                               0x08002c4d   Thumb Code   258  pid.o(i.PidCompute)
    Pidloop                                  0x08002d69   Thumb Code    46  foc.o(i.Pidloop)
    SVC_Handler                              0x08002d97   Thumb Code     2  stm32f1xx_it.o(i.SVC_Handler)
    Sensor_ComputerAngleRotations            0x08002d99   Thumb Code    94  sensor.o(i.Sensor_ComputerAngleRotations)
    Sensor_ComputerVelocity                  0x08002e05   Thumb Code    70  sensor.o(i.Sensor_ComputerVelocity)
    Sensor_Update                            0x08002e55   Thumb Code     4  sensor.o(i.Sensor_Update)
    SysTick_Handler                          0x08002e59   Thumb Code     4  stm32f1xx_it.o(i.SysTick_Handler)
    SystemClock_Config                       0x08002e5d   Thumb Code    94  main.o(i.SystemClock_Config)
    SystemInit                               0x08002ebb   Thumb Code     2  system_stm32f1xx.o(i.SystemInit)
    TIM2_IRQHandler                          0x08002ebd   Thumb Code     6  stm32f1xx_it.o(i.TIM2_IRQHandler)
    TIM4_IRQHandler                          0x08002ec9   Thumb Code     6  stm32f1xx_it.o(i.TIM4_IRQHandler)
    TIM_Base_SetConfig                       0x08002ed5   Thumb Code    94  stm32f1xx_hal_tim.o(i.TIM_Base_SetConfig)
    TIM_CCxChannelCmd                        0x08002f41   Thumb Code    26  stm32f1xx_hal_tim.o(i.TIM_CCxChannelCmd)
    TIM_ETR_SetConfig                        0x08002f5b   Thumb Code    20  stm32f1xx_hal_tim.o(i.TIM_ETR_SetConfig)
    TIM_OC2_SetConfig                        0x08002fd1   Thumb Code    84  stm32f1xx_hal_tim.o(i.TIM_OC2_SetConfig)
    UART_Start_Receive_DMA                   0x080033ed   Thumb Code   130  stm32f1xx_hal_uart.o(i.UART_Start_Receive_DMA)
    USART1_IRQHandler                        0x0800347d   Thumb Code     6  stm32f1xx_it.o(i.USART1_IRQHandler)
    UsageFault_Handler                       0x08003489   Thumb Code     2  stm32f1xx_it.o(i.UsageFault_Handler)
    __ARM_fpclassify                         0x0800348b   Thumb Code    40  fpclassify.o(i.__ARM_fpclassify)
    __ieee754_rem_pio2                       0x080034d5   Thumb Code   828  rred.o(i.__ieee754_rem_pio2)
    __kernel_cos                             0x0800385d   Thumb Code   230  cos_i.o(i.__kernel_cos)
    __kernel_poly                            0x08003959   Thumb Code   170  poly.o(i.__kernel_poly)
    __kernel_sin                             0x08003a05   Thumb Code   224  sin_i.o(i.__kernel_sin)
    __mathlib_dbl_infnan                     0x08003af1   Thumb Code     6  dunder.o(i.__mathlib_dbl_infnan)
    __mathlib_dbl_invalid                    0x08003af7   Thumb Code    12  dunder.o(i.__mathlib_dbl_invalid)
    __mathlib_dbl_underflow                  0x08003b05   Thumb Code    10  dunder.o(i.__mathlib_dbl_underflow)
    __scatterload_copy                       0x08003b15   Thumb Code    14  handlers.o(i.__scatterload_copy)
    __scatterload_null                       0x08003b23   Thumb Code     2  handlers.o(i.__scatterload_null)
    __scatterload_zeroinit                   0x08003b25   Thumb Code    14  handlers.o(i.__scatterload_zeroinit)
    __set_errno                              0x08003b35   Thumb Code     6  errno.o(i.__set_errno)
    _electricalAngle                         0x08003b41   Thumb Code    34  foc.o(i._electricalAngle)
    _normalizeAngle                          0x08003b65   Thumb Code    32  foc.o(i._normalizeAngle)
    cos                                      0x08003b8d   Thumb Code   148  cos.o(i.cos)
    fmin                                     0x08003c29   Thumb Code    66  fmin.o(i.fmin)
    foc_Init                                 0x08003c6d   Thumb Code   140  foc.o(i.foc_Init)
    foc_loop                                 0x08003d01   Thumb Code    42  foc.o(i.foc_loop)
    foc_move                                 0x08003d2b   Thumb Code     4  foc.o(i.foc_move)
    main                                     0x08003d31   Thumb Code   354  main.o(i.main)
    modbus_get_motor_start_flag              0x08003ecd   Thumb Code     6  modbus.o(i.modbus_get_motor_start_flag)
    modbus_init                              0x08003ed9   Thumb Code    28  modbus.o(i.modbus_init)
    modbus_loop                              0x08003efd   Thumb Code    20  modbus.o(i.modbus_loop)
    modbus_progress                          0x08003f11   Thumb Code   130  modbus.o(i.modbus_progress)
    modbus_update                            0x08003fa1   Thumb Code   364  modbus.o(i.modbus_update)
    setPWM                                   0x08004121   Thumb Code   342  foc.o(i.setPWM)
    setPhaseVoltage                          0x08004281   Thumb Code   380  foc.o(i.setPhaseVoltage)
    sin                                      0x08004401   Thumb Code   150  sin.o(i.sin)
    sqrt                                     0x080044a1   Thumb Code    76  sqrt.o(i.sqrt)
    AHBPrescTable                            0x080044fe   Data          16  system_stm32f1xx.o(.constdata)
    APBPrescTable                            0x0800450e   Data           8  system_stm32f1xx.o(.constdata)
    Region$$Table$$Base                      0x08004638   Number         0  anon$$obj.o(Region$$Table)
    Region$$Table$$Limit                     0x08004658   Number         0  anon$$obj.o(Region$$Table)
    TIM4_flag                                0x20000004   Data           1  main.o(.data)
    TIM2_flag                                0x20000005   Data           1  main.o(.data)
    sys_fre                                  0x20000006   Data           2  main.o(.data)
    fre                                      0x20000008   Data           4  main.o(.data)
    rx_state                                 0x2000002e   Data           1  modbus.o(.data)
    collecting                               0x2000002f   Data           1  modbus.o(.data)
    motor_start_flag                         0x20000030   Data           1  modbus.o(.data)
    frame_acc_len                            0x20000032   Data           2  modbus.o(.data)
    uart1_rx_size                            0x20000034   Data           2  modbus.o(.data)
    uwTickFreq                               0x20000038   Data           1  stm32f1xx_hal.o(.data)
    uwTickPrio                               0x2000003c   Data           4  stm32f1xx_hal.o(.data)
    uwTick                                   0x20000040   Data           4  stm32f1xx_hal.o(.data)
    SystemCoreClock                          0x20000044   Data           4  system_stm32f1xx.o(.data)
    motor_foc                                0x2000004c   Data         272  main.o(.bss)
    motor_tim                                0x2000015c   Data          84  main.o(.bss)
    motor_sensor                             0x200001b0   Data          40  main.o(.bss)
    motor_position_pid                       0x200001d8   Data          52  main.o(.bss)
    hi2c1                                    0x2000020c   Data          84  i2c.o(.bss)
    htim2                                    0x20000260   Data          72  tim.o(.bss)
    htim3                                    0x200002a8   Data          72  tim.o(.bss)
    htim4                                    0x200002f0   Data          72  tim.o(.bss)
    huart1                                   0x20000338   Data          72  usart.o(.bss)
    hdma_usart1_rx                           0x20000380   Data          68  usart.o(.bss)
    uart1_rx_buf                             0x200003c4   Data         100  modbus.o(.bss)
    frame_acc                                0x20000428   Data         100  modbus.o(.bss)
    __initial_sp                             0x20000890   Data           0  startup_stm32f103xb.o(STACK)



==============================================================================

Memory Map of the image

  Image Entry point : 0x080000ed

  Load Region LR_IROM1 (Base: 0x08000000, Size: 0x000046a4, Max: 0x00010000, ABSOLUTE)

    Execution Region ER_IROM1 (Exec base: 0x08000000, Load base: 0x08000000, Size: 0x00004658, Max: 0x00010000, ABSOLUTE)

    Exec Addr    Load Addr    Size         Type   Attr      Idx    E Section Name        Object

    0x08000000   0x08000000   0x000000ec   Data   RO            3    RESET               startup_stm32f103xb.o
    0x080000ec   0x080000ec   0x00000000   Code   RO         3831  * .ARM.Collect$$$$00000000  mc_w.l(entry.o)
    0x080000ec   0x080000ec   0x00000004   Code   RO         3898    .ARM.Collect$$$$00000001  mc_w.l(entry2.o)
    0x080000f0   0x080000f0   0x00000004   Code   RO         3901    .ARM.Collect$$$$00000004  mc_w.l(entry5.o)
    0x080000f4   0x080000f4   0x00000000   Code   RO         3903    .ARM.Collect$$$$00000008  mc_w.l(entry7b.o)
    0x080000f4   0x080000f4   0x00000000   Code   RO         3905    .ARM.Collect$$$$0000000A  mc_w.l(entry8b.o)
    0x080000f4   0x080000f4   0x00000008   Code   RO         3906    .ARM.Collect$$$$0000000B  mc_w.l(entry9a.o)
    0x080000fc   0x080000fc   0x00000000   Code   RO         3908    .ARM.Collect$$$$0000000D  mc_w.l(entry10a.o)
    0x080000fc   0x080000fc   0x00000000   Code   RO         3910    .ARM.Collect$$$$0000000F  mc_w.l(entry11a.o)
    0x080000fc   0x080000fc   0x00000004   Code   RO         3899    .ARM.Collect$$$$00002712  mc_w.l(entry2.o)
    0x08000100   0x08000100   0x00000024   Code   RO            4    .text               startup_stm32f103xb.o
    0x08000124   0x08000124   0x00000020   Code   RO         3834    .text               mc_w.l(llushr.o)
    0x08000144   0x08000144   0x00000024   Code   RO         3836    .text               mc_w.l(memcpya.o)
    0x08000168   0x08000168   0x00000024   Code   RO         3838    .text               mc_w.l(memseta.o)
    0x0800018c   0x0800018c   0x000000b0   Code   RO         3842    .text               mf_w.l(fadd.o)
    0x0800023c   0x0800023c   0x00000064   Code   RO         3844    .text               mf_w.l(fmul.o)
    0x080002a0   0x080002a0   0x0000007c   Code   RO         3846    .text               mf_w.l(fdiv.o)
    0x0800031c   0x0800031c   0x00000018   Code   RO         3848    .text               mf_w.l(fscalb.o)
    0x08000334   0x08000334   0x0000014e   Code   RO         3850    .text               mf_w.l(dadd.o)
    0x08000482   0x08000482   0x000000e4   Code   RO         3852    .text               mf_w.l(dmul.o)
    0x08000566   0x08000566   0x000000de   Code   RO         3854    .text               mf_w.l(ddiv.o)
    0x08000644   0x08000644   0x0000002e   Code   RO         3856    .text               mf_w.l(dscalb.o)
    0x08000672   0x08000672   0x00000012   Code   RO         3858    .text               mf_w.l(fflti.o)
    0x08000684   0x08000684   0x0000000a   Code   RO         3860    .text               mf_w.l(ffltui.o)
    0x0800068e   0x0800068e   0x00000028   Code   RO         3862    .text               mf_w.l(ffixui.o)
    0x080006b6   0x080006b6   0x00000026   Code   RO         3864    .text               mf_w.l(f2d.o)
    0x080006dc   0x080006dc   0x00000038   Code   RO         3866    .text               mf_w.l(d2f.o)
    0x08000714   0x08000714   0x00000014   Code   RO         3868    .text               mf_w.l(cfrcmple.o)
    0x08000728   0x08000728   0x0000001e   Code   RO         3912    .text               mc_w.l(llshl.o)
    0x08000746   0x08000746   0x00000024   Code   RO         3914    .text               mc_w.l(llsshr.o)
    0x0800076a   0x0800076a   0x00000000   Code   RO         3923    .text               mc_w.l(iusefp.o)
    0x0800076a   0x0800076a   0x0000006e   Code   RO         3924    .text               mf_w.l(fepilogue.o)
    0x080007d8   0x080007d8   0x000000ba   Code   RO         3926    .text               mf_w.l(depilogue.o)
    0x08000892   0x08000892   0x000000a2   Code   RO         3928    .text               mf_w.l(dsqrt.o)
    0x08000934   0x08000934   0x00000060   Code   RO         3932    .text               mf_w.l(dcmp4.o)
    0x08000994   0x08000994   0x00000024   Code   RO         3938    .text               mc_w.l(init.o)
    0x080009b8   0x080009b8   0x00000022   Code   RO         3940    .text               mf_w.l(dflti.o)
    0x080009da   0x080009da   0x0000001a   Code   RO         3942    .text               mf_w.l(dfltui.o)
    0x080009f4   0x080009f4   0x0000003e   Code   RO         3944    .text               mf_w.l(dfixi.o)
    0x08000a32   0x08000a32   0x00000002   PAD
    0x08000a34   0x08000a34   0x00000078   Code   RO          592    i.AS5600_ReadAngle  as5600.o
    0x08000aac   0x08000aac   0x00000044   Code   RO          593    i.AS5600_checkMagnet  as5600.o
    0x08000af0   0x08000af0   0x00000002   Code   RO          468    i.BusFault_Handler  stm32f1xx_it.o
    0x08000af2   0x08000af2   0x00000002   PAD
    0x08000af4   0x08000af4   0x0000000c   Code   RO          469    i.DMA1_Channel5_IRQHandler  stm32f1xx_it.o
    0x08000b00   0x08000b00   0x0000002a   Code   RO         1837    i.DMA_SetConfig     stm32f1xx_hal_dma.o
    0x08000b2a   0x08000b2a   0x00000002   PAD
    0x08000b2c   0x08000b2c   0x0000004c   Code   RO          821    i.DWT_Get_Microsecond  dwt_delay.o
    0x08000b78   0x08000b78   0x00000044   Code   RO          824    i.DWT_Timer_Init    dwt_delay.o
    0x08000bbc   0x08000bbc   0x00000002   Code   RO          470    i.DebugMon_Handler  stm32f1xx_it.o
    0x08000bbe   0x08000bbe   0x00000004   Code   RO          182    i.Error_Handler     main.o
    0x08000bc2   0x08000bc2   0x00000046   Code   RO         1838    i.HAL_DMA_Abort     stm32f1xx_hal_dma.o
    0x08000c08   0x08000c08   0x00000098   Code   RO         1839    i.HAL_DMA_Abort_IT  stm32f1xx_hal_dma.o
    0x08000ca0   0x08000ca0   0x00000154   Code   RO         1843    i.HAL_DMA_IRQHandler  stm32f1xx_hal_dma.o
    0x08000df4   0x08000df4   0x0000005c   Code   RO         1844    i.HAL_DMA_Init      stm32f1xx_hal_dma.o
    0x08000e50   0x08000e50   0x00000070   Code   RO         1848    i.HAL_DMA_Start_IT  stm32f1xx_hal_dma.o
    0x08000ec0   0x08000ec0   0x00000024   Code   RO         1464    i.HAL_Delay         stm32f1xx_hal.o
    0x08000ee4   0x08000ee4   0x000001e0   Code   RO         1774    i.HAL_GPIO_Init     stm32f1xx_hal_gpio.o
    0x080010c4   0x080010c4   0x00000010   Code   RO         1777    i.HAL_GPIO_TogglePin  stm32f1xx_hal_gpio.o
    0x080010d4   0x080010d4   0x0000000a   Code   RO         1778    i.HAL_GPIO_WritePin  stm32f1xx_hal_gpio.o
    0x080010de   0x080010de   0x00000002   PAD
    0x080010e0   0x080010e0   0x0000000c   Code   RO         1468    i.HAL_GetTick       stm32f1xx_hal.o
    0x080010ec   0x080010ec   0x00000188   Code   RO         1031    i.HAL_I2C_Init      stm32f1xx_hal_i2c.o
    0x08001274   0x08001274   0x00000250   Code   RO         1049    i.HAL_I2C_Mem_Read  stm32f1xx_hal_i2c.o
    0x080014c4   0x080014c4   0x0000005c   Code   RO          325    i.HAL_I2C_MspInit   i2c.o
    0x08001520   0x08001520   0x00000010   Code   RO         1474    i.HAL_IncTick       stm32f1xx_hal.o
    0x08001530   0x08001530   0x00000024   Code   RO         1475    i.HAL_Init          stm32f1xx_hal.o
    0x08001554   0x08001554   0x00000040   Code   RO         1476    i.HAL_InitTick      stm32f1xx_hal.o
    0x08001594   0x08001594   0x0000003c   Code   RO          568    i.HAL_MspInit       stm32f1xx_hal_msp.o
    0x080015d0   0x080015d0   0x0000001a   Code   RO         1934    i.HAL_NVIC_EnableIRQ  stm32f1xx_hal_cortex.o
    0x080015ea   0x080015ea   0x00000002   PAD
    0x080015ec   0x080015ec   0x00000040   Code   RO         1940    i.HAL_NVIC_SetPriority  stm32f1xx_hal_cortex.o
    0x0800162c   0x0800162c   0x00000024   Code   RO         1941    i.HAL_NVIC_SetPriorityGrouping  stm32f1xx_hal_cortex.o
    0x08001650   0x08001650   0x0000012c   Code   RO         1632    i.HAL_RCC_ClockConfig  stm32f1xx_hal_rcc.o
    0x0800177c   0x0800177c   0x00000020   Code   RO         1639    i.HAL_RCC_GetPCLK1Freq  stm32f1xx_hal_rcc.o
    0x0800179c   0x0800179c   0x00000020   Code   RO         1640    i.HAL_RCC_GetPCLK2Freq  stm32f1xx_hal_rcc.o
    0x080017bc   0x080017bc   0x0000004c   Code   RO         1641    i.HAL_RCC_GetSysClockFreq  stm32f1xx_hal_rcc.o
    0x08001808   0x08001808   0x00000320   Code   RO         1644    i.HAL_RCC_OscConfig  stm32f1xx_hal_rcc.o
    0x08001b28   0x08001b28   0x00000028   Code   RO         1945    i.HAL_SYSTICK_Config  stm32f1xx_hal_cortex.o
    0x08001b50   0x08001b50   0x00000002   Code   RO         3140    i.HAL_TIMEx_BreakCallback  stm32f1xx_hal_tim_ex.o
    0x08001b52   0x08001b52   0x00000002   Code   RO         3141    i.HAL_TIMEx_CommutCallback  stm32f1xx_hal_tim_ex.o
    0x08001b54   0x08001b54   0x00000068   Code   RO         3159    i.HAL_TIMEx_MasterConfigSynchronization  stm32f1xx_hal_tim_ex.o
    0x08001bbc   0x08001bbc   0x0000005a   Code   RO         2436    i.HAL_TIM_Base_Init  stm32f1xx_hal_tim.o
    0x08001c16   0x08001c16   0x00000002   PAD
    0x08001c18   0x08001c18   0x00000078   Code   RO          367    i.HAL_TIM_Base_MspInit  tim.o
    0x08001c90   0x08001c90   0x00000058   Code   RO         2441    i.HAL_TIM_Base_Start_IT  stm32f1xx_hal_tim.o
    0x08001ce8   0x08001ce8   0x000000dc   Code   RO         2445    i.HAL_TIM_ConfigClockSource  stm32f1xx_hal_tim.o
    0x08001dc4   0x08001dc4   0x00000002   Code   RO         2470    i.HAL_TIM_IC_CaptureCallback  stm32f1xx_hal_tim.o
    0x08001dc6   0x08001dc6   0x00000166   Code   RO         2484    i.HAL_TIM_IRQHandler  stm32f1xx_hal_tim.o
    0x08001f2c   0x08001f2c   0x00000070   Code   RO          368    i.HAL_TIM_MspPostInit  tim.o
    0x08001f9c   0x08001f9c   0x00000002   Code   RO         2487    i.HAL_TIM_OC_DelayElapsedCallback  stm32f1xx_hal_tim.o
    0x08001f9e   0x08001f9e   0x000000cc   Code   RO         2508    i.HAL_TIM_PWM_ConfigChannel  stm32f1xx_hal_tim.o
    0x0800206a   0x0800206a   0x0000005a   Code   RO         2511    i.HAL_TIM_PWM_Init  stm32f1xx_hal_tim.o
    0x080020c4   0x080020c4   0x00000002   Code   RO         2513    i.HAL_TIM_PWM_MspInit  stm32f1xx_hal_tim.o
    0x080020c6   0x080020c6   0x00000002   Code   RO         2514    i.HAL_TIM_PWM_PulseFinishedCallback  stm32f1xx_hal_tim.o
    0x080020c8   0x080020c8   0x0000009c   Code   RO         2516    i.HAL_TIM_PWM_Start  stm32f1xx_hal_tim.o
    0x08002164   0x08002164   0x00000024   Code   RO          183    i.HAL_TIM_PeriodElapsedCallback  main.o
    0x08002188   0x08002188   0x00000002   Code   RO         2527    i.HAL_TIM_TriggerCallback  stm32f1xx_hal_tim.o
    0x0800218a   0x0800218a   0x0000004e   Code   RO         3417    i.HAL_UARTEx_ReceiveToIdle_DMA  stm32f1xx_hal_uart.o
    0x080021d8   0x080021d8   0x00000028   Code   RO          914    i.HAL_UARTEx_RxEventCallback  modbus.o
    0x08002200   0x08002200   0x00000002   Code   RO         3433    i.HAL_UART_ErrorCallback  stm32f1xx_hal_uart.o
    0x08002202   0x08002202   0x00000002   PAD
    0x08002204   0x08002204   0x0000026c   Code   RO         3436    i.HAL_UART_IRQHandler  stm32f1xx_hal_uart.o
    0x08002470   0x08002470   0x00000064   Code   RO         3437    i.HAL_UART_Init     stm32f1xx_hal_uart.o
    0x080024d4   0x080024d4   0x000000b0   Code   RO          427    i.HAL_UART_MspInit  usart.o
    0x08002584   0x08002584   0x00000002   Code   RO         3443    i.HAL_UART_RxCpltCallback  stm32f1xx_hal_uart.o
    0x08002586   0x08002586   0x00000002   Code   RO         3444    i.HAL_UART_RxHalfCpltCallback  stm32f1xx_hal_uart.o
    0x08002588   0x08002588   0x00000002   Code   RO         3448    i.HAL_UART_TxCpltCallback  stm32f1xx_hal_uart.o
    0x0800258a   0x0800258a   0x00000002   Code   RO          471    i.HardFault_Handler  stm32f1xx_it.o
    0x0800258c   0x0800258c   0x0000002e   Code   RO         1074    i.I2C_IsAcknowledgeFailed  stm32f1xx_hal_i2c.o
    0x080025ba   0x080025ba   0x00000002   PAD
    0x080025bc   0x080025bc   0x000000fc   Code   RO         1084    i.I2C_RequestMemoryRead  stm32f1xx_hal_i2c.o
    0x080026b8   0x080026b8   0x00000090   Code   RO         1090    i.I2C_WaitOnFlagUntilTimeout  stm32f1xx_hal_i2c.o
    0x08002748   0x08002748   0x000000bc   Code   RO         1091    i.I2C_WaitOnMasterAddressFlagUntilTimeout  stm32f1xx_hal_i2c.o
    0x08002804   0x08002804   0x00000070   Code   RO         1092    i.I2C_WaitOnRXNEFlagUntilTimeout  stm32f1xx_hal_i2c.o
    0x08002874   0x08002874   0x00000056   Code   RO         1093    i.I2C_WaitOnTXEFlagUntilTimeout  stm32f1xx_hal_i2c.o
    0x080028ca   0x080028ca   0x00000002   PAD
    0x080028cc   0x080028cc   0x0000002c   Code   RO          300    i.MX_DMA_Init       dma.o
    0x080028f8   0x080028f8   0x000000ac   Code   RO          276    i.MX_GPIO_Init      gpio.o
    0x080029a4   0x080029a4   0x00000040   Code   RO          326    i.MX_I2C1_Init      i2c.o
    0x080029e4   0x080029e4   0x00000068   Code   RO          369    i.MX_TIM2_Init      tim.o
    0x08002a4c   0x08002a4c   0x000000bc   Code   RO          370    i.MX_TIM3_Init      tim.o
    0x08002b08   0x08002b08   0x00000068   Code   RO          371    i.MX_TIM4_Init      tim.o
    0x08002b70   0x08002b70   0x00000038   Code   RO          428    i.MX_USART1_UART_Init  usart.o
    0x08002ba8   0x08002ba8   0x00000002   Code   RO          472    i.MemManage_Handler  stm32f1xx_it.o
    0x08002baa   0x08002baa   0x00000008   Code   RO          623    i.Motor_LinkPositionPID  foc.o
    0x08002bb2   0x08002bb2   0x00000008   Code   RO          624    i.Motor_LinkSensor  foc.o
    0x08002bba   0x08002bba   0x00000048   Code   RO          625    i.Motor_LinkTim     foc.o
    0x08002c02   0x08002c02   0x00000004   Code   RO          627    i.Motor_SetElectricalpolePairs  foc.o
    0x08002c06   0x08002c06   0x00000004   Code   RO          628    i.Motor_SetFocControlMode  foc.o
    0x08002c0a   0x08002c0a   0x0000000e   Code   RO          629    i.Motor_SetFocDirection  foc.o
    0x08002c18   0x08002c18   0x00000008   Code   RO          630    i.Motor_SetPositionPID  foc.o
    0x08002c20   0x08002c20   0x0000001e   Code   RO          631    i.Motor_SetTarget   foc.o
    0x08002c3e   0x08002c3e   0x00000008   Code   RO          634    i.Motor_SetVelocityPID  foc.o
    0x08002c46   0x08002c46   0x00000002   Code   RO          473    i.NMI_Handler       stm32f1xx_it.o
    0x08002c48   0x08002c48   0x00000002   Code   RO          474    i.PendSV_Handler    stm32f1xx_it.o
    0x08002c4a   0x08002c4a   0x00000002   PAD
    0x08002c4c   0x08002c4c   0x0000011c   Code   RO          878    i.PidCompute        pid.o
    0x08002d68   0x08002d68   0x0000002e   Code   RO          635    i.Pidloop           foc.o
    0x08002d96   0x08002d96   0x00000002   Code   RO          475    i.SVC_Handler       stm32f1xx_it.o
    0x08002d98   0x08002d98   0x0000006c   Code   RO           13    i.Sensor_ComputerAngleRotations  sensor.o
    0x08002e04   0x08002e04   0x00000050   Code   RO           14    i.Sensor_ComputerVelocity  sensor.o
    0x08002e54   0x08002e54   0x00000004   Code   RO           19    i.Sensor_Update     sensor.o
    0x08002e58   0x08002e58   0x00000004   Code   RO          476    i.SysTick_Handler   stm32f1xx_it.o
    0x08002e5c   0x08002e5c   0x0000005e   Code   RO          184    i.SystemClock_Config  main.o
    0x08002eba   0x08002eba   0x00000002   Code   RO         3771    i.SystemInit        system_stm32f1xx.o
    0x08002ebc   0x08002ebc   0x0000000c   Code   RO          477    i.TIM2_IRQHandler   stm32f1xx_it.o
    0x08002ec8   0x08002ec8   0x0000000c   Code   RO          478    i.TIM4_IRQHandler   stm32f1xx_it.o
    0x08002ed4   0x08002ed4   0x0000006c   Code   RO         2529    i.TIM_Base_SetConfig  stm32f1xx_hal_tim.o
    0x08002f40   0x08002f40   0x0000001a   Code   RO         2530    i.TIM_CCxChannelCmd  stm32f1xx_hal_tim.o
    0x08002f5a   0x08002f5a   0x00000014   Code   RO         2540    i.TIM_ETR_SetConfig  stm32f1xx_hal_tim.o
    0x08002f6e   0x08002f6e   0x00000010   Code   RO         2541    i.TIM_ITRx_SetConfig  stm32f1xx_hal_tim.o
    0x08002f7e   0x08002f7e   0x00000002   PAD
    0x08002f80   0x08002f80   0x00000050   Code   RO         2542    i.TIM_OC1_SetConfig  stm32f1xx_hal_tim.o
    0x08002fd0   0x08002fd0   0x00000058   Code   RO         2543    i.TIM_OC2_SetConfig  stm32f1xx_hal_tim.o
    0x08003028   0x08003028   0x00000058   Code   RO         2544    i.TIM_OC3_SetConfig  stm32f1xx_hal_tim.o
    0x08003080   0x08003080   0x00000044   Code   RO         2545    i.TIM_OC4_SetConfig  stm32f1xx_hal_tim.o
    0x080030c4   0x080030c4   0x00000022   Code   RO         2547    i.TIM_TI1_ConfigInputStage  stm32f1xx_hal_tim.o
    0x080030e6   0x080030e6   0x00000024   Code   RO         2549    i.TIM_TI2_ConfigInputStage  stm32f1xx_hal_tim.o
    0x0800310a   0x0800310a   0x00000010   Code   RO         3450    i.UART_DMAAbortOnError  stm32f1xx_hal_uart.o
    0x0800311a   0x0800311a   0x0000004a   Code   RO         3451    i.UART_DMAError     stm32f1xx_hal_uart.o
    0x08003164   0x08003164   0x00000086   Code   RO         3452    i.UART_DMAReceiveCplt  stm32f1xx_hal_uart.o
    0x080031ea   0x080031ea   0x0000001e   Code   RO         3454    i.UART_DMARxHalfCplt  stm32f1xx_hal_uart.o
    0x08003208   0x08003208   0x0000004e   Code   RO         3460    i.UART_EndRxTransfer  stm32f1xx_hal_uart.o
    0x08003256   0x08003256   0x0000001c   Code   RO         3461    i.UART_EndTxTransfer  stm32f1xx_hal_uart.o
    0x08003272   0x08003272   0x000000c2   Code   RO         3462    i.UART_Receive_IT   stm32f1xx_hal_uart.o
    0x08003334   0x08003334   0x000000b8   Code   RO         3463    i.UART_SetConfig    stm32f1xx_hal_uart.o
    0x080033ec   0x080033ec   0x00000090   Code   RO         3464    i.UART_Start_Receive_DMA  stm32f1xx_hal_uart.o
    0x0800347c   0x0800347c   0x0000000c   Code   RO          479    i.USART1_IRQHandler  stm32f1xx_it.o
    0x08003488   0x08003488   0x00000002   Code   RO          480    i.UsageFault_Handler  stm32f1xx_it.o
    0x0800348a   0x0800348a   0x00000028   Code   RO         3934    i.__ARM_fpclassify  m_ws.l(fpclassify.o)
    0x080034b2   0x080034b2   0x00000020   Code   RO         1947    i.__NVIC_SetPriority  stm32f1xx_hal_cortex.o
    0x080034d2   0x080034d2   0x00000002   PAD
    0x080034d4   0x080034d4   0x00000388   Code   RO         3887    i.__ieee754_rem_pio2  m_ws.l(rred.o)
    0x0800385c   0x0800385c   0x000000fc   Code   RO         3870    i.__kernel_cos      m_ws.l(cos_i.o)
    0x08003958   0x08003958   0x000000aa   Code   RO         3936    i.__kernel_poly     m_ws.l(poly.o)
    0x08003a02   0x08003a02   0x00000002   PAD
    0x08003a04   0x08003a04   0x000000ec   Code   RO         3892    i.__kernel_sin      m_ws.l(sin_i.o)
    0x08003af0   0x08003af0   0x00000006   Code   RO         3874    i.__mathlib_dbl_infnan  m_ws.l(dunder.o)
    0x08003af6   0x08003af6   0x0000000c   Code   RO         3876    i.__mathlib_dbl_invalid  m_ws.l(dunder.o)
    0x08003b02   0x08003b02   0x00000002   PAD
    0x08003b04   0x08003b04   0x00000010   Code   RO         3879    i.__mathlib_dbl_underflow  m_ws.l(dunder.o)
    0x08003b14   0x08003b14   0x0000000e   Code   RO         3948    i.__scatterload_copy  mc_w.l(handlers.o)
    0x08003b22   0x08003b22   0x00000002   Code   RO         3949    i.__scatterload_null  mc_w.l(handlers.o)
    0x08003b24   0x08003b24   0x0000000e   Code   RO         3950    i.__scatterload_zeroinit  mc_w.l(handlers.o)
    0x08003b32   0x08003b32   0x00000002   PAD
    0x08003b34   0x08003b34   0x0000000c   Code   RO         3918    i.__set_errno       mc_w.l(errno.o)
    0x08003b40   0x08003b40   0x00000022   Code   RO          636    i._electricalAngle  foc.o
    0x08003b62   0x08003b62   0x00000002   PAD
    0x08003b64   0x08003b64   0x00000028   Code   RO          637    i._normalizeAngle   foc.o
    0x08003b8c   0x08003b8c   0x0000009c   Code   RO         3806    i.cos               m_ws.l(cos.o)
    0x08003c28   0x08003c28   0x00000042   Code   RO         3829    i.fmin              m_ws.l(fmin.o)
    0x08003c6a   0x08003c6a   0x00000002   PAD
    0x08003c6c   0x08003c6c   0x00000094   Code   RO          638    i.foc_Init          foc.o
    0x08003d00   0x08003d00   0x0000002a   Code   RO          639    i.foc_loop          foc.o
    0x08003d2a   0x08003d2a   0x00000004   Code   RO          640    i.foc_move          foc.o
    0x08003d2e   0x08003d2e   0x00000002   PAD
    0x08003d30   0x08003d30   0x0000019c   Code   RO          186    i.main              main.o
    0x08003ecc   0x08003ecc   0x0000000c   Code   RO          915    i.modbus_get_motor_start_flag  modbus.o
    0x08003ed8   0x08003ed8   0x00000024   Code   RO          916    i.modbus_init       modbus.o
    0x08003efc   0x08003efc   0x00000014   Code   RO          917    i.modbus_loop       modbus.o
    0x08003f10   0x08003f10   0x00000090   Code   RO          918    i.modbus_progress   modbus.o
    0x08003fa0   0x08003fa0   0x00000180   Code   RO          919    i.modbus_update     modbus.o
    0x08004120   0x08004120   0x00000160   Code   RO          642    i.setPWM            foc.o
    0x08004280   0x08004280   0x00000180   Code   RO          643    i.setPhaseVoltage   foc.o
    0x08004400   0x08004400   0x000000a0   Code   RO         3814    i.sin               m_ws.l(sin.o)
    0x080044a0   0x080044a0   0x0000004c   Code   RO         3822    i.sqrt              m_ws.l(sqrt.o)
    0x080044ec   0x080044ec   0x00000012   Data   RO         1645    .constdata          stm32f1xx_hal_rcc.o
    0x080044fe   0x080044fe   0x00000010   Data   RO         3772    .constdata          system_stm32f1xx.o
    0x0800450e   0x0800450e   0x00000008   Data   RO         3773    .constdata          system_stm32f1xx.o
    0x08004516   0x08004516   0x00000002   PAD
    0x08004518   0x08004518   0x00000030   Data   RO         3871    .constdata          m_ws.l(cos_i.o)
    0x08004548   0x08004548   0x000000c8   Data   RO         3889    .constdata          m_ws.l(rred.o)
    0x08004610   0x08004610   0x00000028   Data   RO         3893    .constdata          m_ws.l(sin_i.o)
    0x08004638   0x08004638   0x00000020   Data   RO         3946    Region$$Table       anon$$obj.o


    Execution Region RW_IRAM1 (Exec base: 0x20000000, Load base: 0x08004658, Size: 0x00000890, Max: 0x00005000, ABSOLUTE)

    Exec Addr    Load Addr    Size         Type   Attr      Idx    E Section Name        Object

    0x20000000   0x08004658   0x00000001   Data   RW           20    .data               sensor.o
    0x20000001   0x08004659   0x00000003   PAD
    0x20000004   0x0800465c   0x00000008   Data   RW          188    .data               main.o
    0x2000000c   0x08004664   0x00000008   Data   RW          594    .data               as5600.o
    0x20000014   0x0800466c   0x00000018   Data   RW          825    .data               dwt_delay.o
    0x2000002c   0x08004684   0x00000001   Data   RW          880    .data               pid.o
    0x2000002d   0x08004685   0x00000001   PAD
    0x2000002e   0x08004686   0x00000008   Data   RW          922    .data               modbus.o
    0x20000036   0x0800468e   0x00000002   PAD
    0x20000038   0x08004690   0x0000000c   Data   RW         1482    .data               stm32f1xx_hal.o
    0x20000044   0x0800469c   0x00000004   Data   RW         3774    .data               system_stm32f1xx.o
    0x20000048   0x080046a0   0x00000004   Data   RW         3919    .data               mc_w.l(errno.o)
    0x2000004c        -       0x000001c0   Zero   RW          187    .bss                main.o
    0x2000020c        -       0x00000054   Zero   RW          327    .bss                i2c.o
    0x20000260        -       0x000000d8   Zero   RW          372    .bss                tim.o
    0x20000338        -       0x0000008c   Zero   RW          429    .bss                usart.o
    0x200003c4        -       0x000000c8   Zero   RW          920    .bss                modbus.o
    0x2000048c   0x080046a4   0x00000004   PAD
    0x20000490        -       0x00000400   Zero   RW            1    STACK               startup_stm32f103xb.o


==============================================================================

Image component sizes


      Code (inc. data)   RO Data    RW Data    ZI Data      Debug   Object Name

       188         30          0          8          0       1156   as5600.o
        44          4          0          0          0        714   dma.o
       144         24          0         24          0       1995   dwt_delay.o
      1206         30          0          0          0      10631   foc.o
       172         12          0          0          0        923   gpio.o
       156         26          0          0         84       1545   i2c.o
       546         68          0          8        448       5264   main.o
       636         62          0          8        200      30529   modbus.o
       284         26          0          1          0       1249   pid.o
       192         24          0          1          0     435953   sensor.o
        36          8        236          0       1024        780   startup_stm32f103xb.o
       164         28          0         12          0       5729   stm32f1xx_hal.o
       198         14          0          0          0      28815   stm32f1xx_hal_cortex.o
       808         36          0          0          0       4838   stm32f1xx_hal_dma.o
       506         34          0          0          0       3413   stm32f1xx_hal_gpio.o
      1812         40          0          0          0       9754   stm32f1xx_hal_i2c.o
        60          8          0          0          0        830   stm32f1xx_hal_msp.o
      1240         84         18          0          0       4992   stm32f1xx_hal_rcc.o
      1780         58          0          0          0      15546   stm32f1xx_hal_tim.o
       108         12          0          0          0       2321   stm32f1xx_hal_tim_ex.o
      1688         24          0          0          0      11769   stm32f1xx_hal_uart.o
        68         24          0          0          0       5345   stm32f1xx_it.o
         2          0         24          4          0       1055   system_stm32f1xx.o
       628         52          0          0        216       3606   tim.o
       232         30          0          0        140       1701   usart.o

    ----------------------------------------------------------------------
     12924        758        312         72       2116     590453   Object Totals
         0          0         32          0          0          0   (incl. Generated)
        26          0          2          6          4          0   (incl. Padding)

    ----------------------------------------------------------------------

      Code (inc. data)   RO Data    RW Data    ZI Data      Debug   Library Member Name

       156          8          0          0          0        104   cos.o
       252         22         48          0          0        124   cos_i.o
        34          6          0          0          0        204   dunder.o
        66          0          0          0          0         84   fmin.o
        40          0          0          0          0         68   fpclassify.o
       170          0          0          0          0         96   poly.o
       904         76        200          0          0        140   rred.o
       160         10          0          0          0        108   sin.o
       236         12         40          0          0        128   sin_i.o
        76          0          0          0          0         84   sqrt.o
         0          0          0          0          0          0   entry.o
         0          0          0          0          0          0   entry10a.o
         0          0          0          0          0          0   entry11a.o
         8          4          0          0          0          0   entry2.o
         4          0          0          0          0          0   entry5.o
         0          0          0          0          0          0   entry7b.o
         0          0          0          0          0          0   entry8b.o
         8          4          0          0          0          0   entry9a.o
        12          6          0          4          0         68   errno.o
        30          0          0          0          0          0   handlers.o
        36          8          0          0          0         68   init.o
         0          0          0          0          0          0   iusefp.o
        30          0          0          0          0         68   llshl.o
        36          0          0          0          0         68   llsshr.o
        32          0          0          0          0         68   llushr.o
        36          0          0          0          0         68   memcpya.o
        36          0          0          0          0        108   memseta.o
        20          0          0          0          0         68   cfrcmple.o
        56          0          0          0          0         88   d2f.o
       334          0          0          0          0        148   dadd.o
        96          0          0          0          0         80   dcmp4.o
       222          0          0          0          0        100   ddiv.o
       186          0          0          0          0        176   depilogue.o
        62          0          0          0          0         80   dfixi.o
        34          0          0          0          0         76   dflti.o
        26          0          0          0          0         76   dfltui.o
       228          0          0          0          0         96   dmul.o
        46          0          0          0          0         80   dscalb.o
       162          0          0          0          0        100   dsqrt.o
        38          0          0          0          0         68   f2d.o
       176          0          0          0          0        140   fadd.o
       124          0          0          0          0         88   fdiv.o
       110          0          0          0          0        168   fepilogue.o
        40          0          0          0          0         68   ffixui.o
        18          0          0          0          0         68   fflti.o
        10          0          0          0          0         68   ffltui.o
       100          0          0          0          0         76   fmul.o
        24          0          0          0          0         68   fscalb.o

    ----------------------------------------------------------------------
      4484        156        288          4          0       3636   Library Totals
        10          0          0          0          0          0   (incl. Padding)

    ----------------------------------------------------------------------

      Code (inc. data)   RO Data    RW Data    ZI Data      Debug   Library Name

      2094        134        288          0          0       1140   m_ws.l
       268         22          0          4          0        516   mc_w.l
      2112          0          0          0          0       1980   mf_w.l

    ----------------------------------------------------------------------
      4484        156        288          4          0       3636   Library Totals

    ----------------------------------------------------------------------

==============================================================================


      Code (inc. data)   RO Data    RW Data    ZI Data      Debug   

     17408        914        600         76       2116     585505   Grand Totals
     17408        914        600         76       2116     585505   ELF Image Totals
     17408        914        600         76          0          0   ROM Totals

==============================================================================

    Total RO  Size (Code + RO Data)                18008 (  17.59kB)
    Total RW  Size (RW Data + ZI Data)              2192 (   2.14kB)
    Total ROM Size (Code + RO Data + RW Data)      18084 (  17.66kB)

==============================================================================

